11-18 15:09:35.996  5059  5143 E         : 	at rx.internal.schedulers.ScheduledAction.run(ScheduledAction.java:55)
11-18 15:09:35.996  5059  5143 E         : 	at java.util.concurrent.Executors$RunnableAdapter.call(Executors.java:428)
11-18 15:09:35.996  5059  5143 E         : 	at java.util.concurrent.FutureTask.run(FutureTask.java:237)
11-18 15:09:35.996  5059  5143 E         : 	at java.util.concurrent.ScheduledThreadPoolExecutor$ScheduledFutureTask.run(ScheduledThreadPoolExecutor.java:272)
11-18 15:09:35.996  5059  5143 E         : 	at java.util.concurrent.ThreadPoolExecutor.runWorker(ThreadPoolExecutor.java:1133)
11-18 15:09:35.996  5059  5143 E         : 	at java.util.concurrent.ThreadPoolExecutor$Worker.run(ThreadPoolExecutor.java:607)
11-18 15:09:35.996  5059  5143 E         : 	at java.lang.Thread.run(Thread.java:762)
11-18 15:09:36.442  5059 12572 E         : Error communicating to API: https://prod.yana.asideas.de/api/v2/greeting
11-18 15:09:36.442  5059 12572 E         : retrofit.RetrofitError: Unable to resolve host "prod.yana.asideas.de": No address associated with hostname
11-18 15:09:36.442  5059 12572 E         : 	at retrofit.RestAdapter$RestHandler.invokeRequest(RestAdapter.java:395)
11-18 15:09:36.442  5059 12572 E         : 	at retrofit.RestAdapter$RestHandler.access$100(RestAdapter.java:220)
11-18 15:09:36.442  5059 12572 E         : 	at retrofit.RestAdapter$RestHandler$1.invoke(RestAdapter.java:265)
11-18 15:09:36.442  5059 12572 E         : 	at retrofit.RxSupport$2.run(RxSupport.java:55)
11-18 15:09:36.442  5059 12572 E         : 	at java.util.concurrent.Executors$RunnableAdapter.call(Executors.java:428)
11-18 15:09:36.442  5059 12572 E         : 	at java.util.concurrent.FutureTask.run(FutureTask.java:237)
11-18 15:09:36.442  5059 12572 E         : 	at java.util.concurrent.ThreadPoolExecutor.runWorker(ThreadPoolExecutor.java:1133)
11-18 15:09:36.442  5059 12572 E         : 	at java.util.concurrent.ThreadPoolExecutor$Worker.run(ThreadPoolExecutor.java:607)
11-18 15:09:36.442  5059 12572 E         : 	at retrofit.Platform$Android$2$1.run(Platform.java:142)
11-18 15:09:36.442  5059 12572 E         : 	at java.lang.Thread.run(Thread.java:762)
11-18 15:09:36.442  5059 12572 E         : Caused by: java.net.UnknownHostException: Unable to resolve host "prod.yana.asideas.de": No address associated with hostname
11-18 15:09:36.442  5059 12572 E         : 	at java.net.Inet6AddressImpl.lookupHostByName(Inet6AddressImpl.java:125)
11-18 15:09:36.442  5059 12572 E         : 	at java.net.Inet6AddressImpl.lookupAllHostAddr(Inet6AddressImpl.java:74)
11-18 15:09:36.442  5059 12572 E         : 	at java.net.InetAddress.getAllByName(InetAddress.java:752)
11-18 15:09:36.442  5059 12572 E         : 	at com.squareup.okhttp.Dns$1.lookup(Dns.java:39)
11-18 15:09:36.442  5059 12572 E         : 	at com.squareup.okhttp.internal.http.RouteSelector.resetNextInetSocketAddress(RouteSelector.java:175)
11-18 15:09:36.442  5059 12572 E         : 	at com.squareup.okhttp.internal.http.RouteSelector.nextProxy(RouteSelector.java:141)
11-18 15:09:36.442  5059 12572 E         : 	at com.squareup.okhttp.internal.http.RouteSelector.next(RouteSelector.java:83)
11-18 15:09:36.442  5059 12572 E         : 	at com.squareup.okhttp.internal.http.StreamAllocation.findConnection(StreamAllocation.java:174)
11-18 15:09:36.442  5059 12572 E         : 	at com.squareup.okhttp.internal.http.StreamAllocation.findHealthyConnection(StreamAllocation.java:126)
11-18 15:09:36.442  5059 12572 E         : 	at com.squareup.okhttp.internal.http.StreamAllocation.newStream(StreamAllocation.java:95)
11-18 15:09:36.442  5059 12572 E         : 	at com.squareup.okhttp.internal.http.HttpEngine.connect(HttpEngine.java:281)
11-18 15:09:36.442  5059 12572 E         : 	at com.squareup.okhttp.internal.http.HttpEngine.sendRequest(HttpEngine.java:224)
11-18 15:09:36.442  5059 12572 E         : 	at com.squareup.okhttp.Call.getResponse(Call.java:286)
11-18 15:09:36.442  5059 12572 E         : 	at com.squareup.okhttp.Call$ApplicationInterceptorChain.proceed(Call.java:243)
11-18 15:09:36.442  5059 12572 E         : 	at com.squareup.okhttp.Call.getResponseWithInterceptorChain(Call.java:205)
11-18 15:09:36.442  5059 12572 E         : 	at com.squareup.okhttp.Call.execute(Call.java:80)
11-18 15:09:36.442  5059 12572 E         : 	at retrofit.client.OkClient.execute(OkClient.java:53)
11-18 15:09:36.442  5059 12572 E         : 	at retrofit.RestAdapter$RestHandler.invokeRequest(RestAdapter.java:326)
11-18 15:09:36.442  5059 12572 E         : 	... 9 more
11-18 15:09:36.442  5059 12572 E         : Caused by: android.system.GaiException: android_getaddrinfo failed: EAI_NODATA (No address associated with hostname)
11-18 15:09:36.442  5059 12572 E         : 	at libcore.io.Posix.android_getaddrinfo(Native Method)
11-18 15:09:36.442  5059 12572 E         : 	at libcore.io.ForwardingOs.android_getaddrinfo(ForwardingOs.java:55)
11-18 15:09:36.442  5059 12572 E         : 	at java.net.Inet6AddressImpl.lookupHostByName(Inet6AddressImpl.java:106)
11-18 15:09:36.442  5059 12572 E         : 	... 26 more
11-18 15:09:36.442  5059 12572 E         : 
11-18 15:09:36.445  5059 12572 E         : Unable to fetch updudle greeting.
11-18 15:09:36.445  5059 12572 E         : retrofit.RetrofitError: Unable to resolve host "prod.yana.asideas.de": No address associated with hostname
11-18 15:09:36.445  5059 12572 E         : 	at retrofit.RestAdapter$RestHandler.invokeRequest(RestAdapter.java:395)
11-18 15:09:36.445  5059 12572 E         : 	at retrofit.RestAdapter$RestHandler.access$100(RestAdapter.java:220)
11-18 15:09:36.445  5059 12572 E         : 	at retrofit.RestAdapter$RestHandler$1.invoke(RestAdapter.java:265)
11-18 15:09:36.445  5059 12572 E         : 	at retrofit.RxSupport$2.run(RxSupport.java:55)
11-18 15:09:36.445  5059 12572 E         : 	at java.util.concurrent.Executors$RunnableAdapter.call(Executors.java:428)
11-18 15:09:36.445  5059 12572 E         : 	at java.util.concurrent.FutureTask.run(FutureTask.java:237)
11-18 15:09:36.445  5059 12572 E         : 	at java.util.concurrent.ThreadPoolExecutor.runWorker(ThreadPoolExecutor.java:1133)
11-18 15:09:36.445  5059 12572 E         : 	at java.util.concurrent.ThreadPoolExecutor$Worker.run(ThreadPoolExecutor.java:607)
11-18 15:09:36.445  5059 12572 E         : 	at retrofit.Platform$Android$2$1.run(Platform.java:142)
11-18 15:09:36.445  5059 12572 E         : 	at java.lang.Thread.run(Thread.java:762)
11-18 15:09:36.445  5059 12572 E         : Caused by: java.net.UnknownHostException: Unable to resolve host "prod.yana.asideas.de": No address associated with hostname
11-18 15:09:36.445  5059 12572 E         : 	at java.net.Inet6AddressImpl.lookupHostByName(Inet6AddressImpl.java:125)
11-18 15:09:36.445  5059 12572 E         : 	at java.net.Inet6AddressImpl.lookupAllHostAddr(Inet6AddressImpl.java:74)
11-18 15:09:36.445  5059 12572 E         : 	at java.net.InetAddress.getAllByName(InetAddress.java:752)
11-18 15:09:36.445  5059 12572 E         : 	at com.squareup.okhttp.Dns$1.lookup(Dns.java:39)
11-18 15:09:36.445  5059 12572 E         : 	at com.squareup.okhttp.internal.http.RouteSelector.resetNextInetSocketAddress(RouteSelector.java:175)
11-18 15:09:36.445  5059 12572 E         : 	at com.squareup.okhttp.internal.http.RouteSelector.nextProxy(RouteSelector.java:141)
11-18 15:09:36.445  5059 12572 E         : 	at com.squareup.okhttp.internal.http.RouteSelector.next(RouteSelector.java:83)
11-18 15:09:36.445  5059 12572 E         : 	at com.squareup.okhttp.internal.http.StreamAllocation.findConnection(StreamAllocation.java:174)
11-18 15:09:36.445  5059 12572 E         : 	at com.squareup.okhttp.internal.http.StreamAllocation.findHealthyConnection(StreamAllocation.java:126)
11-18 15:09:36.445  5059 12572 E         : 	at com.squareup.okhttp.internal.http.StreamAllocation.newStream(StreamAllocation.java:95)
11-18 15:09:36.445  5059 12572 E         : 	at com.squareup.okhttp.internal.http.HttpEngine.connect(HttpEngine.java:281)
11-18 15:09:36.445  5059 12572 E         : 	at com.squareup.okhttp.internal.http.HttpEngine.sendRequest(HttpEngine.java:224)
11-18 15:09:36.445  5059 12572 E         : 	at com.squareup.okhttp.Call.getResponse(Call.java:286)
11-18 15:09:36.445  5059 12572 E         : 	at com.squareup.okhttp.Call$ApplicationInterceptorChain.proceed(Call.java:243)
11-18 15:09:36.445  5059 12572 E         : 	at com.squareup.okhttp.Call.getResponseWithInterceptorChain(Call.java:205)
11-18 15:09:36.445  5059 12572 E         : 	at com.squareup.okhttp.Call.execute(Call.java:80)
11-18 15:09:36.445  5059 12572 E         : 	at retrofit.client.OkClient.execute(OkClient.java:53)
11-18 15:09:36.445  5059 12572 E         : 	at retrofit.RestAdapter$RestHandler.invokeRequest(RestAdapter.java:326)
11-18 15:09:36.445  5059 12572 E         : 	... 9 more
11-18 15:09:36.445  5059 12572 E         : Caused by: android.system.GaiException: android_getaddrinfo failed: EAI_NODATA (No address associated with hostname)
11-18 15:09:36.445  5059 12572 E         : 	at libcore.io.Posix.android_getaddrinfo(Native Method)
11-18 15:09:36.445  5059 12572 E         : 	at libcore.io.ForwardingOs.android_getaddrinfo(ForwardingOs.java:55)
11-18 15:09:36.445  5059 12572 E         : 	at java.net.Inet6AddressImpl.lookupHostByName(Inet6AddressImpl.java:106)
11-18 15:09:36.445  5059 12572 E         : 	... 26 more
11-18 15:09:36.445  5059 12572 E         : 
11-18 15:09:36.639  4656  5957 E SecNfcJni: PeerToPeer::P2pErrorEventHandler: unknown event
11-18 15:09:37.789  4114  6558 E Auth    : [GoogleAccountDataServiceImpl] getToken() -> NETWORK_ERROR. Account: <ELLIDED:85879595>, App: com.google.android.gms, Service: oauth2:https://www.googleapis.com/auth/emeraldsea.mobileapps.doritos.cookie
11-18 15:09:38.680  4656  5957 E SecNfcNfa: nfc_wait_2_deactivate_timeout
11-18 15:09:40.702  4656  4656 E NfcLogManager: insertLog::json.toString()=extra=2 app_id=com.android.nfc feature=NF04
11-18 15:09:40.773  4656  4656 E NfcService: big data log
11-18 15:09:40.773  4656  4656 E NfcService: makeAndSendLog - start
11-18 15:09:40.773  4656  4656 E NfcLogManager: insertLog::json.toString()=extra={"EV_TYP":"P2P TRY","DE_COV":"2","DE_VEN":"S.LSI","DE_FWV":"2.2.9"} app_id=com.android.nfc feature=P2PF
11-18 15:09:40.793  4656  4656 E NfcService: makeAndSendLog - finish
11-18 15:09:40.854  4726 12690 E AudioRecord-JNI: Error -4 during AudioRecord native read
11-18 15:09:40.886  4726 12689 E AudioSource: Stop listening is called on already closed AudioSource
11-18 15:09:40.888  3118  3659 E audio_hw_primary: adev_close_input_stream, set jack_in to null
11-18 15:09:41.862 12674 12674 E NFC     : isAndroidBeamAllowed - Begin
11-18 15:09:41.934  4114  4906 E anxw    : Phenotype API error. Event # caea@dc43febb, EventCode: 7 [CONTEXT service_id=51 ]
11-18 15:09:41.934  4114  4906 E anxw    : anwq: 29505: No config packages for log source, or config package not registered
11-18 15:09:41.934  4114  4906 E anxw    : 	at anyh.b(:com.google.android.gms@19420019@19.4.20 (040400-271418971):10)
11-18 15:09:41.934  4114  4906 E anxw    : 	at anyi.b(:com.google.android.gms@19420019@19.4.20 (040400-271418971):2)
11-18 15:09:41.934  4114  4906 E anxw    : 	at anxw.a(:com.google.android.gms@19420019@19.4.20 (040400-271418971):90)
11-18 15:09:41.934  4114  4906 E anxw    : 	at anxw.a(:com.google.android.gms@19420019@19.4.20 (040400-271418971):73)
11-18 15:09:41.934  4114  4906 E anxw    : 	at aama.run(:com.google.android.gms@19420019@19.4.20 (040400-271418971):17)
11-18 15:09:41.934  4114  4906 E anxw    : 	at blbc.run(:com.google.android.gms@19420019@19.4.20 (040400-271418971):2)
11-18 15:09:41.934  4114  4906 E anxw    : 	at sxo.b(:com.google.android.gms@19420019@19.4.20 (040400-271418971):33)
11-18 15:09:41.934  4114  4906 E anxw    : 	at sxo.run(:com.google.android.gms@19420019@19.4.20 (040400-271418971):21)
11-18 15:09:41.934  4114  4906 E anxw    : 	at java.util.concurrent.ThreadPoolExecutor.runWorker(ThreadPoolExecutor.java:1133)
11-18 15:09:41.934  4114  4906 E anxw    : 	at java.util.concurrent.ThreadPoolExecutor$Worker.run(ThreadPoolExecutor.java:607)
11-18 15:09:41.934  4114  4906 E anxw    : 	at tdm.run(:com.google.android.gms@19420019@19.4.20 (040400-271418971))
11-18 15:09:41.934  4114  4906 E anxw    : 	at java.lang.Thread.run(Thread.java:762)
11-18 15:09:41.935  4114  4906 E AsyncOperation: serviceID=51, operation=GetExperimentTokensOperationCall
11-18 15:09:41.935  4114  4906 E AsyncOperation: OperationException[Status{statusCode=No config packages for log source, or config package not registered, resolution=null}]
11-18 15:09:41.935  4114  4906 E AsyncOperation: 	at anxw.a(:com.google.android.gms@19420019@19.4.20 (040400-271418971):98)
11-18 15:09:41.935  4114  4906 E AsyncOperation: 	at anxw.a(:com.google.android.gms@19420019@19.4.20 (040400-271418971):73)
11-18 15:09:41.935  4114  4906 E AsyncOperation: 	at aama.run(:com.google.android.gms@19420019@19.4.20 (040400-271418971):17)
11-18 15:09:41.935  4114  4906 E AsyncOperation: 	at blbc.run(:com.google.android.gms@19420019@19.4.20 (040400-271418971):2)
11-18 15:09:41.935  4114  4906 E AsyncOperation: 	at sxo.b(:com.google.android.gms@19420019@19.4.20 (040400-271418971):33)
11-18 15:09:41.935  4114  4906 E AsyncOperation: 	at sxo.run(:com.google.android.gms@19420019@19.4.20 (040400-271418971):21)
11-18 15:09:41.935  4114  4906 E AsyncOperation: 	at java.util.concurrent.ThreadPoolExecutor.runWorker(ThreadPoolExecutor.java:1133)
11-18 15:09:41.935  4114  4906 E AsyncOperation: 	at java.util.concurrent.ThreadPoolExecutor$Worker.run(ThreadPoolExecutor.java:607)
11-18 15:09:41.935  4114  4906 E AsyncOperation: 	at tdm.run(:com.google.android.gms@19420019@19.4.20 (040400-271418971))
11-18 15:09:41.935  4114  4906 E AsyncOperation: 	at java.lang.Thread.run(Thread.java:762)
11-18 15:09:44.868 12674 12674 E BoostFramework: BoostFramework() : Exception_1 = java.lang.ClassNotFoundException: Didn't find class "com.qualcomm.qti.Performance" on path: DexPathList[[],nativeLibraryDirectories=[/system/lib, /vendor/lib]]
11-18 15:09:45.939 12874 12874 E Zygote  : accessInfo : 0
11-18 15:09:46.103 12890 12890 E Zygote  : accessInfo : 0
11-18 15:09:46.501 12924 12924 E Zygote  : accessInfo : 0
11-18 15:09:46.808 12949 12949 E Zygote  : accessInfo : 0
11-18 15:09:46.813  4656  5957 E SecNfcNfa: nfa_dm_check_set_config () p_stored=1070857695, p_value=550510608, p_cur_len=1070857696
11-18 15:09:46.821  3092  3092 E lowmemorykiller: Error writing /proc/12924/oom_score_adj; errno=22
11-18 15:09:46.940  4656  5957 E SecNfcNfa: nfa_dm_check_set_config () p_stored=1070857695, p_value=550510608, p_cur_len=1070857696
11-18 15:09:47.067  4656  5957 E SecNfcNfa: nfa_dm_check_set_config () p_stored=1070857695, p_value=550510608, p_cur_len=1070857696
11-18 15:09:47.135 12973 12973 E Zygote  : accessInfo : 0
11-18 15:09:47.138  3092  3092 E lowmemorykiller: Error writing /proc/12949/oom_score_adj; errno=22
11-18 15:09:47.279  4797  4871 E ContactsProvider_EventLog: Flush buffer to file cnt : 1 size : 0Kb duration : 13ms lastUpdatedAfter : 60147 ms mFlush_time_threasold : 2000 mCurrentSize : 278
11-18 15:09:47.425 12993 12993 E Zygote  : accessInfo : 0
11-18 15:09:47.646 13019 13019 E Zygote  : accessInfo : 0
11-18 15:09:47.912 13043 13043 E Zygote  : accessInfo : 0
11-18 15:09:49.368  3092  3092 E lowmemorykiller: Error writing /proc/12728/oom_score_adj; errno=22
11-18 15:09:49.397 12674 12757 E ConnectivityManager.CallbackHandler: callback not found for RELEASED message
11-18 15:09:50.080  3640  3812 E InputDispatcher: channel ~ Channel is unrecoverably broken and will be disposed!
11-18 15:09:50.404  4726  4907 E PBSessionCacheImpl: sessionId[20786741896583305] not persisted.
11-18 15:09:50.788  5059  5143 E         : Error retrieving My News Articles when trigger: FETCH_AFTER_TIMER_EXPIRY
11-18 15:09:50.788  5059  5143 E         : de.axelspringer.yana.internal.services.article.DeviceOfflineException: My News Fetch call can't proceed as the device is offline.
11-18 15:09:50.788  5059  5143 E         : 	at de.axelspringer.yana.internal.services.article.MyNewsArticleService.lambda$errorIfOfflineOnce$8(MyNewsArticleService.java:276)
11-18 15:09:50.788  5059  5143 E         : 	at de.axelspringer.yana.internal.services.article.MyNewsArticleService$$Lambda$15.call(Unknown Source)
11-18 15:09:50.788  5059  5143 E         : 	at rx.internal.operators.OnSubscribeMap$MapSubscriber.onNext(OnSubscribeMap.java:69)
11-18 15:09:50.788  5059  5143 E         : 	at rx.internal.producers.SingleDelayedProducer.emit(SingleDelayedProducer.java:102)
11-18 15:09:50.788  5059  5143 E         : 	at rx.internal.producers.SingleDelayedProducer.setValue(SingleDelayedProducer.java:85)
11-18 15:09:50.788  5059  5143 E         : 	at rx.internal.operators.OnSubscribeFromCallable.call(OnSubscribeFromCallable.java:48)
11-18 15:09:50.788  5059  5143 E         : 	at rx.internal.operators.OnSubscribeFromCallable.call(OnSubscribeFromCallable.java:33)
11-18 15:09:50.788  5059  5143 E         : 	at rx.Observable.unsafeSubscribe(Observable.java:10142)
11-18 15:09:50.788  5059  5143 E         : 	at rx.internal.operators.OnSubscribeMap.call(OnSubscribeMap.java:48)
11-18 15:09:50.788  5059  5143 E         : 	at rx.internal.operators.OnSubscribeMap.call(OnSubscribeMap.java:33)
11-18 15:09:50.788  5059  5143 E         : 	at rx.internal.operators.OnSubscribeLift.call(OnSubscribeLift.java:48)
11-18 15:09:50.788  5059  5143 E         : 	at rx.internal.operators.OnSubscribeLift.call(OnSubscribeLift.java:30)
11-18 15:09:50.788  5059  5143 E         : 	at rx.internal.operators.OnSubscribeLift.call(OnSubscribeLift.java:48)
11-18 15:09:50.788  5059  5143 E         : 	at rx.internal.operators.OnSubscribeLift.call(OnSubscribeLift.java:30)
11-18 15:09:50.788  5059  5143 E         : 	at rx.internal.operators.OnSubscribeLift.call(OnSubscribeLift.java:48)
11-18 15:09:50.788  5059  5143 E         : 	at rx.internal.operators.OnSubscribeLift.call(OnSubscribeLift.java:30)
11-18 15:09:50.788  5059  5143 E         : 	at rx.Observable.unsafeSubscribe(Observable.java:10142)
11-18 15:09:50.788  5059  5143 E         : 	at rx.internal.operators.OnSubscribeDoOnEach.call(OnSubscribeDoOnEach.java:41)
11-18 15:09:50.788  5059  5143 E         : 	at rx.internal.operators.OnSubscribeDoOnEach.call(OnSubscribeDoOnEach.java:30)
11-18 15:09:50.788  5059  5143 E         : 	at rx.Observable.unsafeSubscribe(Observable.java:10142)
11-18 15:09:50.788  5059  5143 E         : 	at rx.internal.operators.OnSubscribeMap.call(OnSubscribeMap.java:48)
11-18 15:09:50.788  5059  5143 E         : 	at rx.internal.operators.OnSubscribeMap.call(OnSubscribeMap.java:33)
11-18 15:09:50.788  5059  5143 E         : 	at rx.internal.operators.OnSubscribeLift.call(OnSubscribeLift.java:48)
11-18 15:09:50.788  5059  5143 E         : 	at rx.internal.operators.OnSubscribeLift.call(OnSubscribeLift.java:30)
11-18 15:09:50.788  5059  5143 E         : 	at rx.internal.operators.OnSubscribeLift.call(OnSubscribeLift.java:48)
11-18 15:09:50.788  5059  5143 E         : 	at rx.internal.operators.OnSubscribeLift.call(OnSubscribeLift.java:30)
11-18 15:09:50.788  5059  5143 E         : 	at rx.Observable.unsafeSubscribe(Observable.java:10142)
11-18 15:09:50.788  5059  5143 E         : 	at rx.internal.operators.OperatorSubscribeOn$1.call(OperatorSubscribeOn.java:94)
11-18 15:09:50.788  5059  5143 E         : 	at rx.internal.schedulers.EventLoopsScheduler$EventLoopWorker$1.call(EventLoopsScheduler.java:172)
11-18 15:09:50.788  5059  5143 E         : 	at rx.internal.schedulers.ScheduledAction.run(ScheduledAction.java:55)
11-18 15:09:50.788  5059  5143 E         : 	at java.util.concurrent.Executors$RunnableAdapter.call(Executors.java:428)
11-18 15:09:50.788  5059  5143 E         : 	at java.util.concurrent.FutureTask.run(FutureTask.java:237)
11-18 15:09:50.788  5059  5143 E         : 	at java.util.concurrent.ScheduledThreadPoolExecutor$ScheduledFutureTask.run(ScheduledThreadPoolExecutor.java:272)
11-18 15:09:50.788  5059  5143 E         : 	at java.util.concurrent.ThreadPoolExecutor.runWorker(ThreadPoolExecutor.java:1133)
11-18 15:09:50.788  5059  5143 E         : 	at java.util.concurrent.ThreadPoolExecutor$Worker.run(ThreadPoolExecutor.java:607)
11-18 15:09:50.788  5059  5143 E         : 	at java.lang.Thread.run(Thread.java:762)
11-18 15:09:50.788  5059  5143 E         : 
11-18 15:09:50.788  5059  5143 E         : de.axelspringer.yana.internal.services.article.DeviceOfflineException: My News Fetch call can't proceed as the device is offline.
11-18 15:09:50.788  5059  5143 E         : 	at de.axelspringer.yana.internal.services.article.MyNewsArticleService.lambda$errorIfOfflineOnce$8(MyNewsArticleService.java:276)
11-18 15:09:50.788  5059  5143 E         : 	at de.axelspringer.yana.internal.services.article.MyNewsArticleService$$Lambda$15.call(Unknown Source)
11-18 15:09:50.788  5059  5143 E         : 	at rx.internal.operators.OnSubscribeMap$MapSubscriber.onNext(OnSubscribeMap.java:69)
11-18 15:09:50.788  5059  5143 E         : 	at rx.internal.producers.SingleDelayedProducer.emit(SingleDelayedProducer.java:102)
11-18 15:09:50.788  5059  5143 E         : 	at rx.internal.producers.SingleDelayedProducer.setValue(SingleDelayedProducer.java:85)
11-18 15:09:50.788  5059  5143 E         : 	at rx.internal.operators.OnSubscribeFromCallable.call(OnSubscribeFromCallable.java:48)
11-18 15:09:50.788  5059  5143 E         : 	at rx.internal.operators.OnSubscribeFromCallable.call(OnSubscribeFromCallable.java:33)
11-18 15:09:50.788  5059  5143 E         : 	at rx.Observable.unsafeSubscribe(Observable.java:10142)
11-18 15:09:50.788  5059  5143 E         : 	at rx.internal.operators.OnSubscribeMap.call(OnSubscribeMap.java:48)
11-18 15:09:50.788  5059  5143 E         : 	at rx.internal.operators.OnSubscribeMap.call(OnSubscribeMap.java:33)
11-18 15:09:50.789  5059  5143 E         : 	at rx.internal.operators.OnSubscribeLift.call(OnSubscribeLift.java:48)
11-18 15:09:50.789  5059  5143 E         : 	at rx.internal.operators.OnSubscribeLift.call(OnSubscribeLift.java:30)
11-18 15:09:50.789  5059  5143 E         : 	at rx.internal.operators.OnSubscribeLift.call(OnSubscribeLift.java:48)
11-18 15:09:50.789  5059  5143 E         : 	at rx.internal.operators.OnSubscribeLift.call(OnSubscribeLift.java:30)
11-18 15:09:50.789  5059  5143 E         : 	at rx.internal.operators.OnSubscribeLift.call(OnSubscribeLift.java:48)
11-18 15:09:50.789  5059  5143 E         : 	at rx.internal.operators.OnSubscribeLift.call(OnSubscribeLift.java:30)
11-18 15:09:50.789  5059  5143 E         : 	at rx.Observable.unsafeSubscribe(Observable.java:10142)
11-18 15:09:50.789  5059  5143 E         : 	at rx.internal.operators.OnSubscribeDoOnEach.call(OnSubscribeDoOnEach.java:41)
11-18 15:09:50.789  5059  5143 E         : 	at rx.internal.operators.OnSubscribeDoOnEach.call(OnSubscribeDoOnEach.java:30)
11-18 15:09:50.789  5059  5143 E         : 	at rx.Observable.unsafeSubscribe(Observable.java:10142)
11-18 15:09:50.789  5059  5143 E         : 	at rx.internal.operators.OnSubscribeMap.call(OnSubscribeMap.java:48)
11-18 15:09:50.789  5059  5143 E         : 	at rx.internal.operators.OnSubscribeMap.call(OnSubscribeMap.java:33)
11-18 15:09:50.789  5059  5143 E         : 	at rx.internal.operators.OnSubscribeLift.call(OnSubscribeLift.java:48)
11-18 15:09:50.789  5059  5143 E         : 	at rx.internal.operators.OnSubscribeLift.call(OnSubscribeLift.java:30)
11-18 15:09:50.789  5059  5143 E         : 	at rx.internal.operators.OnSubscribeLift.call(OnSubscribeLift.java:48)
11-18 15:09:50.789  5059  5143 E         : 	at rx.internal.operators.OnSubscribeLift.call(OnSubscribeLift.java:30)
11-18 15:09:50.789  5059  5143 E         : 	at rx.Observable.unsafeSubscribe(Observable.java:10142)
11-18 15:09:50.789  5059  5143 E         : 	at rx.internal.operators.OperatorSubscribeOn$1.call(OperatorSubscribeOn.java:94)
11-18 15:09:50.789  5059  5143 E         : 	at rx.internal.schedulers.EventLoopsScheduler$EventLoopWorker$1.call(EventLoopsScheduler.java:172)
11-18 15:09:50.789  5059  5143 E         : 	at rx.internal.schedulers.ScheduledAction.run(ScheduledAction.java:55)
11-18 15:09:50.789  5059  5143 E         : 	at java.util.concurrent.Executors$RunnableAdapter.call(Executors.java:428)
11-18 15:09:50.789  5059  5143 E         : 	at java.util.concurrent.FutureTask.run(FutureTask.java:237)
11-18 15:09:50.789  5059  5143 E         : 	at java.util.concurrent.ScheduledThreadPoolExecutor$ScheduledFutureTask.run(ScheduledThreadPoolExecutor.java:272)
11-18 15:09:50.789  5059  5143 E         : 	at java.util.concurrent.ThreadPoolExecutor.runWorker(ThreadPoolExecutor.java:1133)
11-18 15:09:50.789  5059  5143 E         : 	at java.util.concurrent.ThreadPoolExecutor$Worker.run(ThreadPoolExecutor.java:607)
11-18 15:09:50.789  5059  5143 E         : 	at java.lang.Thread.run(Thread.java:762)
11-18 15:09:51.135 13086 13086 E Zygote  : v2
11-18 15:09:51.141 13086 13086 E Zygote  : accessInfo : 0
11-18 15:09:51.706 13127 13127 E Zygote  : accessInfo : 0
11-18 15:09:51.794 13140 13140 E Zygote  : v2
11-18 15:09:51.796 13140 13140 E Zygote  : accessInfo : 0
11-18 15:09:52.107 13140 13159 E libEGL  : validate_display:99 error 3008 (EGL_BAD_DISPLAY)
11-18 15:09:52.882  4726 12690 E AudioRecord-JNI: Error -4 during AudioRecord native read
11-18 15:09:52.927  4726 12689 E AudioSource: Stop listening is called on already closed AudioSource
11-18 15:09:52.928  3118  3369 E audio_hw_primary: adev_close_input_stream, set jack_in to null
11-18 15:09:53.553  5059  5059 E BoostFramework: BoostFramework() : Exception_1 = java.lang.ClassNotFoundException: Didn't find class "com.qualcomm.qti.Performance" on path: DexPathList[[],nativeLibraryDirectories=[/system/lib64, /vendor/lib64]]
11-18 15:09:53.766  4726  4907 E PBSessionCacheImpl: sessionId[20786741896583305] not persisted.
11-18 15:09:58.623  4656  4656 E NfcLogManager: insertLog::json.toString()=extra=2 app_id=com.android.nfc feature=NF04
11-18 15:09:58.698  4656  4656 E NfcService: big data log
11-18 15:09:58.698  4656  4656 E NfcService: makeAndSendLog - start
11-18 15:09:58.698  4656  4656 E NfcLogManager: insertLog::json.toString()=extra={"EV_TYP":"P2P TRY","DE_COV":"2","DE_VEN":"S.LSI","DE_FWV":"2.2.9"} app_id=com.android.nfc feature=P2PF
11-18 15:09:58.717  4656  4656 E NfcService: makeAndSendLog - finish
11-18 15:09:58.766  4726 12690 E AudioRecord-JNI: Error -4 during AudioRecord native read
11-18 15:09:58.802  4726 12689 E AudioSource: Stop listening is called on already closed AudioSource
11-18 15:09:58.806  3118  7804 E audio_hw_primary: adev_close_input_stream, set jack_in to null
11-18 15:10:01.288  4656  5957 E SecNfcNfa: nfa_dm_check_set_config () p_stored=1070857695, p_value=550510608, p_cur_len=1070857696
11-18 15:10:01.416  4656  5957 E SecNfcNfa: nfa_dm_check_set_config () p_stored=1070857695, p_value=550510608, p_cur_len=1070857696
11-18 15:10:01.543  4656  5957 E SecNfcNfa: nfa_dm_check_set_config () p_stored=1070857695, p_value=550510608, p_cur_len=1070857696
11-18 15:10:03.439  4656  4656 E NfcLogManager: insertLog::json.toString()=extra=2 app_id=com.android.nfc feature=NF04
11-18 15:10:03.531  4656  4656 E NfcService: big data log
11-18 15:10:03.531  4656  4656 E NfcService: makeAndSendLog - start
11-18 15:10:03.531  4656  4656 E NfcLogManager: insertLog::json.toString()=extra={"EV_TYP":"P2P TRY","DE_COV":"2","DE_VEN":"S.LSI","DE_FWV":"2.2.9"} app_id=com.android.nfc feature=P2PF
11-18 15:10:03.598  4656  4656 E NfcService: makeAndSendLog - finish
11-18 15:10:05.400  4656 13223 E SecNfcJni: PeerToPeer::disconnectConnOriented: can't find connection handle: 81
11-18 15:10:05.543  4656 13223 E SecNfcJni: PeerToPeer::disconnectConnOriented: can't find connection handle: 82
11-18 15:10:05.545  4656  4656 E NfcP2pLinkManager: Could not connect required NFC transports
11-18 15:10:08.470  4656  5957 E SecNfcNfa: nfa_dm_check_set_config () p_stored=1070857695, p_value=550510608, p_cur_len=1070857696
11-18 15:10:08.613  4656  5957 E SecNfcNfa: nfa_dm_check_set_config () p_stored=1070857695, p_value=550510608, p_cur_len=1070857696
11-18 15:10:08.735  4656  5957 E SecNfcNfa: nfa_dm_check_set_config () p_stored=1070857695, p_value=550510608, p_cur_len=1070857696
11-18 15:10:17.931  4656  4656 E NfcLogManager: insertLog::json.toString()=extra=2 app_id=com.android.nfc feature=NF04
11-18 15:10:18.011  4656  4656 E NfcService: big data log
11-18 15:10:18.011  4656  4656 E NfcService: makeAndSendLog - start
11-18 15:10:18.012  4656  4656 E NfcLogManager: insertLog::json.toString()=extra={"EV_TYP":"P2P TRY","DE_COV":"2","DE_VEN":"S.LSI","DE_FWV":"2.2.9"} app_id=com.android.nfc feature=P2PF
11-18 15:10:18.077  4656  4656 E NfcService: makeAndSendLog - finish
11-18 15:10:19.132 13275 13275 E Zygote  : accessInfo : 0
11-18 15:10:19.290  4114  4906 E anxw    : Phenotype API error. Event # caea@66943c74, EventCode: 7 [CONTEXT service_id=51 ]
11-18 15:10:19.290  4114  4906 E anxw    : anwq: 29505: No config packages for log source, or config package not registered
11-18 15:10:19.290  4114  4906 E anxw    : 	at anyh.b(:com.google.android.gms@19420019@19.4.20 (040400-271418971):10)
11-18 15:10:19.290  4114  4906 E anxw    : 	at anyi.b(:com.google.android.gms@19420019@19.4.20 (040400-271418971):2)
11-18 15:10:19.290  4114  4906 E anxw    : 	at anxw.a(:com.google.android.gms@19420019@19.4.20 (040400-271418971):90)
11-18 15:10:19.290  4114  4906 E anxw    : 	at anxw.a(:com.google.android.gms@19420019@19.4.20 (040400-271418971):73)
11-18 15:10:19.290  4114  4906 E anxw    : 	at aama.run(:com.google.android.gms@19420019@19.4.20 (040400-271418971):17)
11-18 15:10:19.290  4114  4906 E anxw    : 	at blbc.run(:com.google.android.gms@19420019@19.4.20 (040400-271418971):2)
11-18 15:10:19.290  4114  4906 E anxw    : 	at sxo.b(:com.google.android.gms@19420019@19.4.20 (040400-271418971):33)
11-18 15:10:19.290  4114  4906 E anxw    : 	at sxo.run(:com.google.android.gms@19420019@19.4.20 (040400-271418971):21)
11-18 15:10:19.290  4114  4906 E anxw    : 	at java.util.concurrent.ThreadPoolExecutor.runWorker(ThreadPoolExecutor.java:1133)
11-18 15:10:19.290  4114  4906 E anxw    : 	at java.util.concurrent.ThreadPoolExecutor$Worker.run(ThreadPoolExecutor.java:607)
11-18 15:10:19.290  4114  4906 E anxw    : 	at tdm.run(:com.google.android.gms@19420019@19.4.20 (040400-271418971))
11-18 15:10:19.290  4114  4906 E anxw    : 	at java.lang.Thread.run(Thread.java:762)
11-18 15:10:19.292  4114  4906 E AsyncOperation: serviceID=51, operation=GetExperimentTokensOperationCall
11-18 15:10:19.292  4114  4906 E AsyncOperation: OperationException[Status{statusCode=No config packages for log source, or config package not registered, resolution=null}]
11-18 15:10:19.292  4114  4906 E AsyncOperation: 	at anxw.a(:com.google.android.gms@19420019@19.4.20 (040400-271418971):98)
11-18 15:10:19.292  4114  4906 E AsyncOperation: 	at anxw.a(:com.google.android.gms@19420019@19.4.20 (040400-271418971):73)
11-18 15:10:19.292  4114  4906 E AsyncOperation: 	at aama.run(:com.google.android.gms@19420019@19.4.20 (040400-271418971):17)
11-18 15:10:19.292  4114  4906 E AsyncOperation: 	at blbc.run(:com.google.android.gms@19420019@19.4.20 (040400-271418971):2)
11-18 15:10:19.292  4114  4906 E AsyncOperation: 	at sxo.b(:com.google.android.gms@19420019@19.4.20 (040400-271418971):33)
11-18 15:10:19.292  4114  4906 E AsyncOperation: 	at sxo.run(:com.google.android.gms@19420019@19.4.20 (040400-271418971):21)
11-18 15:10:19.292  4114  4906 E AsyncOperation: 	at java.util.concurrent.ThreadPoolExecutor.runWorker(ThreadPoolExecutor.java:1133)
11-18 15:10:19.292  4114  4906 E AsyncOperation: 	at java.util.concurrent.ThreadPoolExecutor$Worker.run(ThreadPoolExecutor.java:607)
11-18 15:10:19.292  4114  4906 E AsyncOperation: 	at tdm.run(:com.google.android.gms@19420019@19.4.20 (040400-271418971))
11-18 15:10:19.292  4114  4906 E AsyncOperation: 	at java.lang.Thread.run(Thread.java:762)
11-18 15:10:19.336 13086 13086 E NFC     : isAndroidBeamAllowed - Begin
11-18 15:10:19.465  4656  5957 E SecNfcNfa: nfa_p2p_proc_llcp_disconnect_ind (): Link deactivated
11-18 15:10:19.468  4656 13246 E SecNfcJni: PeerToPeer::disconnectConnOriented: can't find connection handle: 84
11-18 15:10:19.470  4656 13246 E SecNfcNfa: NFA_P2pConnectByName (): MIU(128) must be between 128 and 2175 or LLCP link is not activated
11-18 15:10:19.470  4656 13246 E SecNfcJni: PeerToPeer::createDataLinkConn: fail; error=0x3
11-18 15:10:19.471  4656 13246 E SecNfcJni: PeerToPeer::disconnectConnOriented: can't find connection handle: 85
11-18 15:10:19.579  4656  5957 E SecNfcNfa: nfa_dm_check_set_config () p_stored=1070857695, p_value=550510608, p_cur_len=1070857696
11-18 15:10:19.707  4656  5957 E SecNfcNfa: nfa_dm_check_set_config () p_stored=1070857695, p_value=550510608, p_cur_len=1070857696
11-18 15:10:19.839  4656  5957 E SecNfcNfa: nfa_dm_check_set_config () p_stored=1070857695, p_value=550510608, p_cur_len=1070857696
11-18 15:10:21.809  4656  4656 E NfcLogManager: insertLog::json.toString()=extra=2 app_id=com.android.nfc feature=NF04
11-18 15:10:21.890  4656  4656 E NfcService: big data log
11-18 15:10:21.890  4656  4656 E NfcService: makeAndSendLog - start
11-18 15:10:21.891  4656  4656 E NfcLogManager: insertLog::json.toString()=extra={"EV_TYP":"P2P TRY","DE_COV":"2","DE_VEN":"S.LSI","DE_FWV":"2.2.9"} app_id=com.android.nfc feature=P2PF
11-18 15:10:21.894  4656  4656 E NfcService: makeAndSendLog - finish
11-18 15:10:21.918 13086 13156 E ConnectivityManager.CallbackHandler: callback not found for RELEASED message
11-18 15:10:23.699  4656 13221 E SecNfcJni: PeerToPeer::disconnectConnOriented: can't find connection handle: 86
11-18 15:10:23.790  4656 13221 E SecNfcJni: PeerToPeer::disconnectConnOriented: can't find connection handle: 88
11-18 15:10:23.792  4656  4656 E NfcP2pLinkManager: Could not connect required NFC transports
11-18 15:10:26.462  4656  5957 E SecNfcNfa: nfa_dm_check_set_config () p_stored=1070857695, p_value=550510608, p_cur_len=1070857696
11-18 15:10:26.598  4656  5957 E SecNfcNfa: nfa_dm_check_set_config () p_stored=1070857695, p_value=550510608, p_cur_len=1070857696
11-18 15:10:26.731  4656  5957 E SecNfcNfa: nfa_dm_check_set_config () p_stored=1070857695, p_value=550510608, p_cur_len=1070857696
11-18 15:10:47.402  4797  4871 E ContactsProvider_EventLog: Flush buffer to file cnt : 1 size : 0Kb duration : 13ms lastUpdatedAfter : 60123 ms mFlush_time_threasold : 2000 mCurrentSize : 278
11-18 15:11:47.516  4797  4871 E ContactsProvider_EventLog: Flush buffer to file cnt : 1 size : 0Kb duration : 3ms lastUpdatedAfter : 60114 ms mFlush_time_threasold : 2000 mCurrentSize : 278
11-18 15:11:57.033  4656  4656 E NfcLogManager: insertLog::json.toString()=extra=2 app_id=com.android.nfc feature=NF04
11-18 15:11:57.106  4656  4656 E NfcService: big data log
11-18 15:11:57.106  4656  4656 E NfcService: makeAndSendLog - start
11-18 15:11:57.106  4656  4656 E NfcLogManager: insertLog::json.toString()=extra={"EV_TYP":"P2P TRY","DE_COV":"2","DE_VEN":"S.LSI","DE_FWV":"2.2.9"} app_id=com.android.nfc feature=P2PF
11-18 15:11:57.170  4656  4656 E NfcService: makeAndSendLog - finish
11-18 15:11:57.569 13375 13375 E Zygote  : accessInfo : 0
11-18 15:11:58.977  4656 13366 E SecNfcJni: PeerToPeer::disconnectConnOriented: can't find connection handle: 89
11-18 15:11:59.023  4656 13366 E SecNfcJni: PeerToPeer::disconnectConnOriented: can't find connection handle: 91
11-18 15:11:59.024  4656  4656 E NfcP2pLinkManager: Could not connect required NFC transports
11-18 15:12:06.022 13086 13156 E ConnectivityManager.CallbackHandler: callback not found for RELEASED message
11-18 15:12:07.053  3640  7110 E JavaBinder: !!! FAILED BINDER TRANSACTION !!!  (parcel size = 76)
11-18 15:12:07.053  3092  3092 E lowmemorykiller: Error writing /proc/13140/oom_score_adj; errno=22
11-18 15:12:07.056  3640  7110 E JavaBinder: !!! FAILED BINDER TRANSACTION !!!  (parcel size = 596)
11-18 15:12:07.060  3640  7110 E JavaBinder: !!! FAILED BINDER TRANSACTION !!!  (parcel size = 76)
11-18 15:12:07.438  4726  4907 E PBSessionCacheImpl: sessionId[20786741896583305] not persisted.
11-18 15:12:08.123 13413 13413 E Zygote  : v2
11-18 15:12:08.126 13413 13413 E Zygote  : accessInfo : 0
11-18 15:12:08.699 13456 13456 E Zygote  : accessInfo : 0
11-18 15:12:08.750 13468 13468 E Zygote  : v2
11-18 15:12:08.752 13468 13468 E Zygote  : accessInfo : 0
11-18 15:12:09.063 13468 13486 E libEGL  : validate_display:99 error 3008 (EGL_BAD_DISPLAY)
11-18 15:12:15.766  4656  5957 E SecNfcJni: PeerToPeer::P2pErrorEventHandler: unknown event
11-18 15:12:17.844  4656  5957 E SecNfcNfa: nfc_wait_2_deactivate_timeout
11-18 15:12:19.869  4656  4656 E NfcLogManager: insertLog::json.toString()=extra=2 app_id=com.android.nfc feature=NF04
11-18 15:12:19.951  4656  4656 E NfcService: big data log
11-18 15:12:19.951  4656  4656 E NfcService: makeAndSendLog - start
11-18 15:12:19.952  4656  4656 E NfcLogManager: insertLog::json.toString()=extra={"EV_TYP":"P2P TRY","DE_COV":"2","DE_VEN":"S.LSI","DE_FWV":"2.2.9"} app_id=com.android.nfc feature=P2PF
11-18 15:12:19.981  4656  4656 E NfcService: makeAndSendLog - finish
11-18 15:12:20.006  4726 12690 E AudioRecord-JNI: Error -4 during AudioRecord native read
11-18 15:12:20.045  4726 12689 E AudioSource: Stop listening is called on already closed AudioSource
11-18 15:12:20.047  3118  3659 E audio_hw_primary: adev_close_input_stream, set jack_in to null
11-18 15:12:23.937  4656  5957 E SecNfcNfa: nfa_dm_check_set_config () p_stored=1070857695, p_value=550510608, p_cur_len=1070857696
11-18 15:12:24.064  4656  5957 E SecNfcNfa: nfa_dm_check_set_config () p_stored=1070857695, p_value=550510608, p_cur_len=1070857696
11-18 15:12:24.192  4656  5957 E SecNfcNfa: nfa_dm_check_set_config () p_stored=1070857695, p_value=550510608, p_cur_len=1070857696
11-18 15:12:28.374  5059 13540 E         : Error communicating to API: https://prod.yana.asideas.de/api/v2/categories/version
11-18 15:12:28.374  5059 13540 E         : retrofit.RetrofitError: Unable to resolve host "prod.yana.asideas.de": No address associated with hostname
11-18 15:12:28.374  5059 13540 E         : 	at retrofit.RestAdapter$RestHandler.invokeRequest(RestAdapter.java:395)
11-18 15:12:28.374  5059 13540 E         : 	at retrofit.RestAdapter$RestHandler.access$100(RestAdapter.java:220)
11-18 15:12:28.374  5059 13540 E         : 	at retrofit.RestAdapter$RestHandler$1.invoke(RestAdapter.java:265)
11-18 15:12:28.374  5059 13540 E         : 	at retrofit.RxSupport$2.run(RxSupport.java:55)
11-18 15:12:28.374  5059 13540 E         : 	at java.util.concurrent.Executors$RunnableAdapter.call(Executors.java:428)
11-18 15:12:28.374  5059 13540 E         : 	at java.util.concurrent.FutureTask.run(FutureTask.java:237)
11-18 15:12:28.374  5059 13540 E         : 	at java.util.concurrent.ThreadPoolExecutor.runWorker(ThreadPoolExecutor.java:1133)
11-18 15:12:28.374  5059 13540 E         : 	at java.util.concurrent.ThreadPoolExecutor$Worker.run(ThreadPoolExecutor.java:607)
11-18 15:12:28.374  5059 13540 E         : 	at retrofit.Platform$Android$2$1.run(Platform.java:142)
11-18 15:12:28.374  5059 13540 E         : 	at java.lang.Thread.run(Thread.java:762)
11-18 15:12:28.374  5059 13540 E         : Caused by: java.net.UnknownHostException: Unable to resolve host "prod.yana.asideas.de": No address associated with hostname
11-18 15:12:28.374  5059 13540 E         : 	at java.net.Inet6AddressImpl.lookupHostByName(Inet6AddressImpl.java:125)
11-18 15:12:28.374  5059 13540 E         : 	at java.net.Inet6AddressImpl.lookupAllHostAddr(Inet6AddressImpl.java:74)
11-18 15:12:28.374  5059 13540 E         : 	at java.net.InetAddress.getAllByName(InetAddress.java:752)
11-18 15:12:28.374  5059 13540 E         : 	at com.squareup.okhttp.Dns$1.lookup(Dns.java:39)
11-18 15:12:28.374  5059 13540 E         : 	at com.squareup.okhttp.internal.http.RouteSelector.resetNextInetSocketAddress(RouteSelector.java:175)
11-18 15:12:28.374  5059 13540 E         : 	at com.squareup.okhttp.internal.http.RouteSelector.nextProxy(RouteSelector.java:141)
11-18 15:12:28.374  5059 13540 E         : 	at com.squareup.okhttp.internal.http.RouteSelector.next(RouteSelector.java:83)
11-18 15:12:28.374  5059 13540 E         : 	at com.squareup.okhttp.internal.http.StreamAllocation.findConnection(StreamAllocation.java:174)
11-18 15:12:28.374  5059 13540 E         : 	at com.squareup.okhttp.internal.http.StreamAllocation.findHealthyConnection(StreamAllocation.java:126)
11-18 15:12:28.374  5059 13540 E         : 	at com.squareup.okhttp.internal.http.StreamAllocation.newStream(StreamAllocation.java:95)
11-18 15:12:28.374  5059 13540 E         : 	at com.squareup.okhttp.internal.http.HttpEngine.connect(HttpEngine.java:281)
11-18 15:12:28.374  5059 13540 E         : 	at com.squareup.okhttp.internal.http.HttpEngine.sendRequest(HttpEngine.java:224)
11-18 15:12:28.374  5059 13540 E         : 	at com.squareup.okhttp.Call.getResponse(Call.java:286)
11-18 15:12:28.374  5059 13540 E         : 	at com.squareup.okhttp.Call$ApplicationInterceptorChain.proceed(Call.java:243)
11-18 15:12:28.374  5059 13540 E         : 	at com.squareup.okhttp.Call.getResponseWithInterceptorChain(Call.java:205)
11-18 15:12:28.374  5059 13540 E         : 	at com.squareup.okhttp.Call.execute(Call.java:80)
11-18 15:12:28.374  5059 13540 E         : 	at retrofit.client.OkClient.execute(OkClient.java:53)
11-18 15:12:28.374  5059 13540 E         : 	at retrofit.RestAdapter$RestHandler.invokeRequest(RestAdapter.java:326)
11-18 15:12:28.374  5059 13540 E         : 	... 9 more
11-18 15:12:28.374  5059 13540 E         : Caused by: android.system.GaiException: android_getaddrinfo failed: EAI_NODATA (No address associated with hostname)
11-18 15:12:28.374  5059 13540 E         : 	at libcore.io.Posix.android_getaddrinfo(Native Method)
11-18 15:12:28.374  5059 13540 E         : 	at libcore.io.ForwardingOs.android_getaddrinfo(ForwardingOs.java:55)
11-18 15:12:28.374  5059 13540 E         : 	at java.net.Inet6AddressImpl.lookupHostByName(Inet6AddressImpl.java:106)
11-18 15:12:28.374  5059 13540 E         : 	... 26 more
11-18 15:12:28.374  5059 13540 E         : 
11-18 15:12:30.348  4656  4656 E NfcLogManager: insertLog::json.toString()=extra=2 app_id=com.android.nfc feature=NF04
11-18 15:12:30.449  4656  4656 E NfcService: big data log
11-18 15:12:30.449  4656  4656 E NfcService: makeAndSendLog - start
11-18 15:12:30.449  4656  4656 E NfcLogManager: insertLog::json.toString()=extra={"EV_TYP":"P2P TRY","DE_COV":"2","DE_VEN":"S.LSI","DE_FWV":"2.2.9"} app_id=com.android.nfc feature=P2PF
11-18 15:12:30.522  4656  4656 E NfcService: makeAndSendLog - finish
11-18 15:12:32.218  4656 13551 E SecNfcJni: PeerToPeer::disconnectConnOriented: can't find connection handle: 93
11-18 15:12:32.301  4656 13551 E SecNfcJni: PeerToPeer::disconnectConnOriented: can't find connection handle: 95
11-18 15:12:32.303  4656  4656 E NfcP2pLinkManager: Could not connect required NFC transports
11-18 15:12:34.463  4656  5957 E SecNfcNfa: nfa_dm_check_set_config () p_stored=1070857695, p_value=550510608, p_cur_len=1070857696
11-18 15:12:34.607  4656  5957 E SecNfcNfa: nfa_dm_check_set_config () p_stored=1070857695, p_value=550510608, p_cur_len=1070857696
11-18 15:12:34.751  4656  5957 E SecNfcNfa: nfa_dm_check_set_config () p_stored=1070857695, p_value=550510608, p_cur_len=1070857696
11-18 15:12:36.735  4656  4656 E NfcLogManager: insertLog::json.toString()=extra=2 app_id=com.android.nfc feature=NF04
11-18 15:12:36.772  4656  5957 E SecNfcNfa: nfa_p2p_proc_llcp_disconnect_ind (): Link deactivated
11-18 15:12:36.775  4656 13565 E SecNfcJni: PeerToPeer::disconnectConnOriented: can't find connection handle: 96
11-18 15:12:36.779  4656 13565 E SecNfcNfa: NFA_P2pConnectByName (): MIU(128) must be between 128 and 2175 or LLCP link is not activated
11-18 15:12:36.779  4656 13565 E SecNfcJni: PeerToPeer::createDataLinkConn: fail; error=0x3
11-18 15:12:36.780  4656 13565 E SecNfcJni: PeerToPeer::disconnectConnOriented: can't find connection handle: 98
11-18 15:12:36.847  4656  4656 E NfcService: big data log
11-18 15:12:36.847  4656  4656 E NfcService: makeAndSendLog - start
11-18 15:12:36.847  4656  4656 E NfcLogManager: insertLog::json.toString()=extra={"EV_TYP":"P2P TRY","DE_COV":"2","DE_VEN":"S.LSI","DE_FWV":"2.2.9"} app_id=com.android.nfc feature=P2PF
11-18 15:12:36.920  4656  4656 E NfcService: makeAndSendLog - finish
11-18 15:12:38.162 10451 10553 E PlayCommon: [144] aipb.c(10): Failed to connect to server for server timestamp: java.net.UnknownHostException: Unable to resolve host "play.googleapis.com": No address associated with hostname
11-18 15:12:38.171 10451 10553 E PlayCommon: [144] aipb.c(190): Failed to connect to server: java.net.UnknownHostException: Unable to resolve host "play.googleapis.com": No address associated with hostname
11-18 15:12:38.663 10451 10486 E PlayCommon: [112] aipb.c(10): Failed to connect to server for server timestamp: java.net.UnknownHostException: Unable to resolve host "play.googleapis.com": No address associated with hostname
11-18 15:12:38.818  4114  7212 E Auth    : [GoogleAccountDataServiceImpl] getToken() -> NETWORK_ERROR. Account: <ELLIDED:85879595>, App: com.android.vending, Service: oauth2:https://www.googleapis.com/auth/googleplay
11-18 15:12:38.828 10451 10486 E PlayCommon: [112] aipb.a(7): Failed to get auth token: java.io.IOException: NetworkError
11-18 15:12:47.637  4797  4871 E ContactsProvider_EventLog: Flush buffer to file cnt : 1 size : 0Kb duration : 4ms lastUpdatedAfter : 60120 ms mFlush_time_threasold : 2000 mCurrentSize : 278
11-18 15:13:13.873  3640  3640 E Tethering: No numeric data
11-18 15:13:13.885  8236  8236 E SKBD    :          isHWKeyboardConnected() = false --> false
11-18 15:13:13.885  8236  8236 E SKBD    : [Ctrl for DeX.] Ctrl Off state
11-18 15:13:13.971 11370 11370 E ViewRootImpl: sendUserActionEvent() mView == null
11-18 15:13:17.950  3975  3975 E HWUI_IMAGE_FILTER: Should set LayerType to LAYER_TYPE_HARDWARE.
11-18 15:13:19.647  8236  8236 E SKBD    :          isHWKeyboardConnected() = false --> false
11-18 15:13:19.648  8236  8236 E SKBD    : [Ctrl for DeX.] Ctrl Off state
11-18 15:13:19.674  3640  3640 E Tethering: No numeric data
11-18 15:13:19.765 11370 11370 E ViewRootImpl: sendUserActionEvent() mView == null
11-18 15:13:22.202  4726  4907 E PBSessionCacheImpl: sessionId[20786741896583305] not persisted.
--------- beginning of system
11-18 15:13:26.475  4726 12690 E AudioRecord-JNI: Error -4 during AudioRecord native read
11-18 15:13:26.507  4726 12688 E AudioSource: Stop listening is called on already closed AudioSource
11-18 15:13:26.508  3118  3369 E audio_hw_primary: adev_close_input_stream, set jack_in to null
11-18 15:13:26.738  3640  3880 E SdpServiceKeeper: isLicensed {pid:3975 uid:10081 userid:0 doPkg:null}
11-18 15:13:26.738  3640  3880 E SdpServiceKeeper: System app. Skip license activation
11-18 15:13:26.741  3975 13611 E KnoxStateMonitor: lockSdp :: Failed to lock sdp engine... 
11-18 15:13:26.766  3975  3975 E HWUI_IMAGE_FILTER: Should set LayerType to LAYER_TYPE_HARDWARE.
11-18 15:13:28.126  4656  5957 E SecNfcNfa: nfa_dm_check_set_config () p_stored=1070857695, p_value=550510960, p_cur_len=1070857696
11-18 15:13:28.126  4656  5957 E SecNfcNfa: nfa_dm_check_set_config () update 2
11-18 15:13:28.461  4656  5957 E SecNfcNfa: nfa_dm_check_set_config () p_stored=1070857695, p_value=550510960, p_cur_len=1070857696
11-18 15:13:28.698  3975  3975 E SecurityPatternView: onPatternDetected
11-18 15:13:28.751  3975 13594 E LockPatternUtils: checkPattern() : RESPONSE_OK
11-18 15:13:28.751  3975  3975 E LockPatternChecker: onChecked()
11-18 15:13:28.752  3975  3975 E SecurityPatternView: onPatternChecked true / 0 / true / 0
11-18 15:13:28.757  3640 13626 E SdpManagerService: verify :: can't find engine info null
11-18 15:13:28.757  3640 13626 E SdpAuthenticator: verify failed -5
11-18 15:13:28.757  3640 13626 E LockSettingsService.SdpHandler: unlock :: Failed to unlock engine... 0
11-18 15:13:29.037  4656  5957 E SecNfcJni: nfaConnectionCallback: unknown event ????
11-18 15:13:29.037  4656  5957 E SecNfcNfa: nfa_dm_check_set_config () p_stored=1070857695, p_value=550510960, p_cur_len=1070857696
11-18 15:13:29.037  4656  5957 E SecNfcNfa: nfa_dm_check_set_config () update 2
11-18 15:13:29.154 13645 13645 E Zygote  : v2
11-18 15:13:29.156 13645 13645 E Zygote  : accessInfo : 0
11-18 15:13:29.506  4656  4656 E NfcLogManager: insertLog::json.toString()=extra=2 app_id=com.android.nfc feature=NF04
11-18 15:13:29.578  4656  4656 E NfcService: big data log
11-18 15:13:29.578  4656  4656 E NfcService: makeAndSendLog - start
11-18 15:13:29.579  4656  4656 E NfcLogManager: insertLog::json.toString()=extra={"EV_TYP":"P2P TRY","DE_COV":"2","DE_VEN":"S.LSI","DE_FWV":"2.2.9"} app_id=com.android.nfc feature=P2PF
11-18 15:13:29.596  4656  4656 E NfcService: makeAndSendLog - finish
11-18 15:13:32.657  4656  4656 E NfcLogManager: insertLog::json.toString()=extra=2 app_id=com.android.nfc feature=NF04
11-18 15:13:32.728  4656  4656 E NfcService: big data log
11-18 15:13:32.728  4656  4656 E NfcService: makeAndSendLog - start
11-18 15:13:32.729  4656  4656 E NfcLogManager: insertLog::json.toString()=extra={"EV_TYP":"P2P TRY","DE_COV":"2","DE_VEN":"S.LSI","DE_FWV":"2.2.9"} app_id=com.android.nfc feature=P2PF
11-18 15:13:32.792  4656  4656 E NfcService: makeAndSendLog - finish
11-18 15:13:33.428  4656  5957 E SecNfcNfa: nfa_p2p_proc_llcp_disconnect_ind (): Link deactivated
11-18 15:13:33.428  4656 13615 E SecNfcJni: PeerToPeer::disconnectConnOriented: can't find connection handle: 101
11-18 15:13:33.436  4656 13615 E SecNfcNfa: NFA_P2pConnectByName (): MIU(128) must be between 128 and 2175 or LLCP link is not activated
11-18 15:13:33.436  4656 13615 E SecNfcJni: PeerToPeer::createDataLinkConn: fail; error=0x3
