11-18 14:52:22.672  8236  8236 E HWRManager: WritingBuddyRecognitionManager  checkLanguageInstalled languageName : he_IL
11-18 14:52:22.672  8236  8236 E HWRManager: LanguageList does not contain : he_IL
11-18 14:52:22.672  8236  8236 E HWRManager: WritingBuddyRecognitionManager  checkLanguageInstalled languageName : fa_IR
11-18 14:52:22.672  8236  8236 E HWRManager: LanguageList does not contain : fa_IR
11-18 14:52:22.672  8236  8236 E HWRManager: WritingBuddyRecognitionManager  checkLanguageInstalled languageName : ur_PK
11-18 14:52:22.672  8236  8236 E HWRManager: LanguageList does not contain : ur_PK
11-18 14:52:22.672  8236  8236 E HWRManager: WritingBuddyRecognitionManager  checkLanguageInstalled languageName : ar
11-18 14:52:22.672  8236  8236 E HWRManager: LanguageList does not contain : ar
11-18 14:52:22.672  8236  8236 E HWRManager: WritingBuddyRecognitionManager  checkLanguageInstalled languageName : hy_AM
11-18 14:52:22.672  8236  8236 E HWRManager: LanguageList does not contain : hy_AM
11-18 14:52:22.673  8236  8236 E HWRManager: WritingBuddyRecognitionManager  checkLanguageInstalled languageName : bg_BG
11-18 14:52:22.673  8236  8236 E HWRManager: LanguageList does not contain : bg_BG
11-18 14:52:22.673  8236  8236 E HWRManager: WritingBuddyRecognitionManager  checkLanguageInstalled languageName : mk_MK
11-18 14:52:22.673  8236  8236 E HWRManager: LanguageList does not contain : mk_MK
11-18 14:52:22.673  8236  8236 E HWRManager: WritingBuddyRecognitionManager  checkLanguageInstalled languageName : hi_IN
11-18 14:52:22.673  8236  8236 E HWRManager: LanguageList does not contain : hi_IN
11-18 14:52:22.673  8236  8236 E HWRManager: WritingBuddyRecognitionManager  checkLanguageInstalled languageName : hg_IN
11-18 14:52:22.673  8236  8236 E HWRManager: LanguageList does not contain : hg_IN
11-18 14:52:22.673  8236  8236 E HWRManager: WritingBuddyRecognitionManager  checkLanguageInstalled languageName : bn
11-18 14:52:22.673  8236  8236 E HWRManager: LanguageList does not contain : bn
11-18 14:52:22.673  8236  8236 E HWRManager: WritingBuddyRecognitionManager  checkLanguageInstalled languageName : gu
11-18 14:52:22.673  8236  8236 E HWRManager: LanguageList does not contain : gu
11-18 14:52:22.673  8236  8236 E HWRManager: WritingBuddyRecognitionManager  checkLanguageInstalled languageName : kn
11-18 14:52:22.673  8236  8236 E HWRManager: LanguageList does not contain : kn
11-18 14:52:22.673  8236  8236 E HWRManager: WritingBuddyRecognitionManager  checkLanguageInstalled languageName : ml
11-18 14:52:22.673  8236  8236 E HWRManager: LanguageList does not contain : ml
11-18 14:52:22.673  8236  8236 E HWRManager: WritingBuddyRecognitionManager  checkLanguageInstalled languageName : mr_IN
11-18 14:52:22.673  8236  8236 E HWRManager: LanguageList does not contain : mr_IN
11-18 14:52:22.673  8236  8236 E HWRManager: WritingBuddyRecognitionManager  checkLanguageInstalled languageName : pa
11-18 14:52:22.673  8236  8236 E HWRManager: LanguageList does not contain : pa
11-18 14:52:22.673  8236  8236 E HWRManager: WritingBuddyRecognitionManager  checkLanguageInstalled languageName : si_SI
11-18 14:52:22.673  8236  8236 E HWRManager: LanguageList does not contain : si_SI
11-18 14:52:22.673  8236  8236 E HWRManager: WritingBuddyRecognitionManager  checkLanguageInstalled languageName : te
11-18 14:52:22.673  8236  8236 E HWRManager: LanguageList does not contain : te
11-18 14:52:22.673  8236  8236 E HWRManager: WritingBuddyRecognitionManager  checkLanguageInstalled languageName : ta
11-18 14:52:22.673  8236  8236 E HWRManager: LanguageList does not contain : ta
11-18 14:52:22.673  8236  8236 E HWRManager: WritingBuddyRecognitionManager  checkLanguageInstalled languageName : as
11-18 14:52:22.673  8236  8236 E HWRManager: LanguageList does not contain : as
11-18 14:52:22.673  8236  8236 E HWRManager: WritingBuddyRecognitionManager  checkLanguageInstalled languageName : ne
11-18 14:52:22.673  8236  8236 E HWRManager: LanguageList does not contain : ne
11-18 14:52:22.673  8236  8236 E HWRManager: WritingBuddyRecognitionManager  checkLanguageInstalled languageName : or
11-18 14:52:22.673  8236  8236 E HWRManager: LanguageList does not contain : or
11-18 14:52:22.673  8236  8236 E HWRManager: WritingBuddyRecognitionManager  checkLanguageInstalled languageName : km
11-18 14:52:22.673  8236  8236 E HWRManager: LanguageList does not contain : km
11-18 14:52:22.673  8236  8236 E HWRManager: WritingBuddyRecognitionManager  checkLanguageInstalled languageName : lo
11-18 14:52:22.673  8236  8236 E HWRManager: LanguageList does not contain : lo
11-18 14:52:22.673  8236  8236 E HWRManager: WritingBuddyRecognitionManager  checkLanguageInstalled languageName : my_MM
11-18 14:52:22.673  8236  8236 E HWRManager: LanguageList does not contain : my_MM
11-18 14:52:22.673  8236  8236 E HWRManager: WritingBuddyRecognitionManager  checkLanguageInstalled languageName : z1_MM
11-18 14:52:22.673  8236  8236 E HWRManager: LanguageList does not contain : z1_MM
11-18 14:52:22.673  8236  8236 E HWRManager: WritingBuddyRecognitionManager  checkLanguageInstalled languageName : mn_MN
11-18 14:52:22.673  8236  8236 E HWRManager: LanguageList does not contain : mn_MN
11-18 14:52:22.673  8236  8236 E HWRManager: WritingBuddyRecognitionManager  checkLanguageInstalled languageName : uz
11-18 14:52:22.673  8236  8236 E HWRManager: LanguageList does not contain : uz
11-18 14:52:22.673  8236  8236 E HWRManager: WritingBuddyRecognitionManager  checkLanguageInstalled languageName : ky
11-18 14:52:22.673  8236  8236 E HWRManager: LanguageList does not contain : ky
11-18 14:52:22.673  8236  8236 E HWRManager: WritingBuddyRecognitionManager  checkLanguageInstalled languageName : tg
11-18 14:52:22.673  8236  8236 E HWRManager: LanguageList does not contain : tg
11-18 14:52:22.673  8236  8236 E HWRManager: WritingBuddyRecognitionManager  checkLanguageInstalled languageName : tk
11-18 14:52:22.673  8236  8236 E HWRManager: LanguageList does not contain : tk
11-18 14:52:22.673  8236  8236 E HWRManager: WritingBuddyRecognitionManager  checkLanguageInstalled languageName : xh
11-18 14:52:22.673  8236  8236 E HWRManager: LanguageList does not contain : xh
11-18 14:52:22.673  8236  8236 E HWRManager: WritingBuddyRecognitionManager  checkLanguageInstalled languageName : zu
11-18 14:52:22.673  8236  8236 E HWRManager: LanguageList does not contain : zu
11-18 14:52:22.673  8236  8236 E HWRManager: WritingBuddyRecognitionManager  checkLanguageInstalled languageName : be_BY
11-18 14:52:22.673  8236  8236 E HWRManager: LanguageList does not contain : be_BY
11-18 14:52:22.673  8236  8236 E HWRManager: WritingBuddyRecognitionManager  checkLanguageInstalled languageName : sz
11-18 14:52:22.674  8236  8236 E HWRManager: LanguageList does not contain : sz
11-18 14:52:22.674  8236  8236 E HWRManager: WritingBuddyRecognitionManager  checkLanguageInstalled languageName : bo
11-18 14:52:22.674  8236  8236 E HWRManager: LanguageList does not contain : bo
11-18 14:52:22.674  8236  8236 E HWRManager: WritingBuddyRecognitionManager  checkLanguageInstalled languageName : sa
11-18 14:52:22.674  8236  8236 E HWRManager: LanguageList does not contain : sa
11-18 14:52:22.674  8236  8236 E HWRManager: WritingBuddyRecognitionManager  checkLanguageInstalled languageName : ki
11-18 14:52:22.674  8236  8236 E HWRManager: LanguageList does not contain : ki
11-18 14:52:22.674  8236  8236 E HWRManager: WritingBuddyRecognitionManager  checkLanguageInstalled languageName : ks
11-18 14:52:22.674  8236  8236 E HWRManager: LanguageList does not contain : ks
11-18 14:52:22.674  8236  8236 E HWRManager: WritingBuddyRecognitionManager  checkLanguageInstalled languageName : sd
11-18 14:52:22.674  8236  8236 E HWRManager: LanguageList does not contain : sd
11-18 14:52:22.674  8236  8236 E HWRManager: WritingBuddyRecognitionManager  checkLanguageInstalled languageName : dg
11-18 14:52:22.674  8236  8236 E HWRManager: LanguageList does not contain : dg
11-18 14:52:22.674  8236  8236 E HWRManager: WritingBuddyRecognitionManager  checkLanguageInstalled languageName : st_OC
11-18 14:52:22.674  8236  8236 E HWRManager: LanguageList does not contain : st_OC
11-18 14:52:22.674  8236  8236 E HWRManager: WritingBuddyRecognitionManager  checkLanguageInstalled languageName : mt
11-18 14:52:22.674  8236  8236 E HWRManager: LanguageList does not contain : mt
11-18 14:52:22.674  8236  8236 E HWRManager: WritingBuddyRecognitionManager  checkLanguageInstalled languageName : mi
11-18 14:52:22.674  8236  8236 E HWRManager: LanguageList does not contain : mi
11-18 14:52:22.674  8236  8236 E HWRManager: WritingBuddyRecognitionManager  checkLanguageInstalled languageName : bd
11-18 14:52:22.674  8236  8236 E HWRManager: LanguageList does not contain : bd
11-18 14:52:22.674  8236  8236 E HWRManager: WritingBuddyRecognitionManager  checkLanguageInstalled languageName : ki_LT
11-18 14:52:22.674  8236  8236 E HWRManager: LanguageList does not contain : ki_LT
11-18 14:52:22.674  8236  8236 E HWRManager: WritingBuddyRecognitionManager  checkLanguageInstalled languageName : mi_AS
11-18 14:52:22.674  8236  8236 E HWRManager: LanguageList does not contain : mi_AS
11-18 14:52:22.674  8236  8236 E HWRManager: WritingBuddyRecognitionManager  checkLanguageInstalled languageName : bn_AS
11-18 14:52:22.674  8236  8236 E HWRManager: LanguageList does not contain : bn_AS
11-18 14:52:22.674  8236  8236 E HWRManager: WritingBuddyRecognitionManager  checkLanguageInstalled languageName : as_BN
11-18 14:52:22.674  8236  8236 E HWRManager: LanguageList does not contain : as_BN
11-18 14:52:22.674  8236  8236 E HWRManager: WritingBuddyRecognitionManager  checkLanguageInstalled languageName : mi_BN
11-18 14:52:22.674  8236  8236 E HWRManager: LanguageList does not contain : mi_BN
11-18 14:52:22.674  8236  8236 E HWRManager: WritingBuddyRecognitionManager  checkLanguageInstalled languageName : st
11-18 14:52:22.674  8236  8236 E HWRManager: LanguageList does not contain : st
11-18 14:52:22.675  8236  8236 E TextRecognizerImpl: Flag(mbLanguageManager) is true
11-18 14:52:22.682  8236  8236 E LanguageManager: size of installed list = []
11-18 14:52:22.705  8236  8236 E SKBD    : [InputManagerImpl-newInstance] mIsNeedToRemoveKPMEx : false
11-18 14:52:22.759  3968  4563 E BluetoothServiceJni: setRPAGenerationNative
11-18 14:52:22.838  8141  8141 E MTPRx   : In MtpReceiverandroid.hardware.usb.action.USB_STATE
11-18 14:52:22.845  8141  8141 E MTPRx   : check value of boot_completed is1
11-18 14:52:22.845  8141  8141 E MTPRx   : check booting is completed_sys.boot_completed
11-18 14:52:22.850  8141  8141 E MTPRx   : Received USB_STATE with sdCardLaunch = 0
11-18 14:52:22.850  8141  8141 E MTPRx   : configured is false
11-18 14:52:22.885  8572  8572 E Zygote  : v2
11-18 14:52:22.887  8572  8572 E Zygote  : accessInfo : 0
11-18 14:52:22.904  8585  8585 E Zygote  : v2
11-18 14:52:22.905  8585  8585 E Zygote  : accessInfo : 0
11-18 14:52:22.994  3968  4234 E BtGatt.GattService: [GSIM LOG]: gsimLogHandler: android.uid.bcmgr, msg: MESSAGE_START_SCAN
11-18 14:52:23.047  8611  8611 E Zygote  : v2
11-18 14:52:23.049  3968  4233 E BtGatt.ScanManager: default value of curScanSetting 0 is choosen
11-18 14:52:23.049  8611  8611 E Zygote  : accessInfo : 0
11-18 14:52:23.094  8585  8585 E PCWCLIENTTRACE_PCWHandler: [ensureRegistration] - No Samsung account
11-18 14:52:23.177  8632  8632 E Zygote  : v2
11-18 14:52:23.181  8632  8632 E Zygote  : accessInfo : 0
11-18 14:52:23.215  8651  8651 E Zygote  : v2
11-18 14:52:23.216  8651  8651 E Zygote  : accessInfo : 0
11-18 14:52:23.263  8141  8141 E MTPRx   : In MtpReceiverandroid.hardware.usb.action.USB_STATE
11-18 14:52:23.274  4726  4955 E AudioRecord-JNI: Error -4 during AudioRecord native read
11-18 14:52:23.281  8141  8141 E MTPRx   : check value of boot_completed is1
11-18 14:52:23.281  8141  8141 E MTPRx   : check booting is completed_sys.boot_completed
11-18 14:52:23.284  8141  8141 E MTPRx   : Received USB_STATE with sdCardLaunch = 0
11-18 14:52:23.285  8141  8141 E MTPRx   : mFirstTime: false
11-18 14:52:23.309  4920  4920 E MtpServerJNI: could not open MTP driver, errno: 2
11-18 14:52:23.312  4726  4954 E AudioSource: Stop listening is called on already closed AudioSource
11-18 14:52:23.314  3118  3369 E audio_hw_primary: adev_close_input_stream, set jack_in to null
11-18 14:52:23.330  4920  4920 E MtpServerJNI: server is null in add_storage
11-18 14:52:23.332  4920  8674 E MtpServerJNI: server is null in run
11-18 14:52:23.332  4920  8674 E MtpServerJNI: server is null in cleanup
11-18 14:52:23.336  4920  4920 E MtpServerJNI: server is null in send_object_removed
11-18 14:52:23.381  8141  8141 E MTPJNIInterface: Getting CryptionKey from JAVA
11-18 14:52:23.398  8141  8141 E MTPRx   : currentUserId is 0
11-18 14:52:23.399  8141  8141 E MTPRx   : mtpCurrentGlobalUserId is 0
11-18 14:52:23.399  8141  8141 E MTPRx   : Start observing USB_STATE_MATCH 
11-18 14:52:23.401  8141  8141 E MTPRx   : This is not guid
11-18 14:52:23.412  8236  8236 E SKBD    : ET9KDB_GetPageNum : 39
11-18 14:52:23.412  8236  8236 E SKBD    : ET9KDB_SetAmbigMode : 39
11-18 14:52:23.418  8632  8632 E GameTools: GameToolsApplication onCreate
11-18 14:52:23.427  3640  4867 E ENGMODE : Failed to parse stored token(-6)
11-18 14:52:23.427  3640  4867 E ENGMODE : the req mode is not allowed (-6)
11-18 14:52:23.439  8141  8141 E MTPJNIInterface: noti = 12
11-18 14:52:23.443  8141  8141 E MTPRx   : is_Privatemode is NOT 1
11-18 14:52:23.458  8141  8141 E MTPRx   : Sending NORMAL_BOOT to stack
11-18 14:52:23.458  8141  8141 E MTPJNIInterface: noti = 17
11-18 14:52:23.465  8632  8632 E GameTools: SettingData.getAutoBPS : 5529600
11-18 14:52:23.466  8632  8632 E GameTools: SettingData.getAutoBPS : 5529600
11-18 14:52:23.469  8141  8141 E MTPRx   : User is personal
11-18 14:52:23.471  8141  8141 E MTPRx   : sending MTP_ICON_ENABLED to stack
11-18 14:52:23.481  8141  8141 E MTPRx   : else part ... so first time!!!
11-18 14:52:23.481  8141  8141 E MTPPlaObsrvr: inside setContext()
11-18 14:52:23.482  8141  8141 E MTPPlaObsrvr: Inside registerContentObserver
11-18 14:52:23.482  8141  8688 E MTPPlaObsrvr:  inside createplafiles
11-18 14:52:23.508  8141  8141 E MtpAdbObserver: inside setContext()
11-18 14:52:23.508  8141  8141 E MtpAdbObserver: Inside registerContentObserver
11-18 14:52:23.509  8689  8689 E Zygote  : v2
11-18 14:52:23.510  8689  8689 E Zygote  : accessInfo : 0
11-18 14:52:23.519  8141  8141 E MtpService: onCreate.
11-18 14:52:23.521  8141  8141 E MtpService: < MTP > Registering BroadCast receiver :::::
11-18 14:52:23.540  8141  8141 E MtpService: Calling registerBroadCastuserPresentRec() 
11-18 14:52:23.540  8141  8141 E MtpService: < MTP > Registering BroadCast receiver for USER Present:::::
11-18 14:52:23.548  8141  8688 E MTPPlaObsrvr: playlist count is0
11-18 14:52:23.548  8141  8688 E MTPPlaObsrvr:  inside try branch createplafiles
11-18 14:52:23.549  8141  8141 E MtpService: < MTP > Registering BroadCast registerBroadCastPolicyRec :::::
11-18 14:52:23.549  8141  8688 E MTPPlaObsrvr:  inside deleteing plas createplafiles
11-18 14:52:23.568  8141  8141 E MtpService: < MTP > Registering BroadCast registerBroadCastEmergencyRec :::::
11-18 14:52:23.574  8141  8141 E MTPJNIInterface: < MTP > Registering BroadCast receiver :::::
11-18 14:52:23.576  8141  8141 E MTPJNIInterface: < MTP > Registering BroadCast receiver :::::::
11-18 14:52:23.578  8141  8141 E MTPJNIInterface: noti = 110
11-18 14:52:23.578  8141  8141 E MtpService: onStartCommand.
11-18 14:52:23.579  8141  8141 E MtpService: onStartCommand.
11-18 14:52:23.579  8141  8141 E MTPRx   : Checking the driver time out
11-18 14:52:23.579  8141  8141 E MTPJNIInterface: noti = 102
11-18 14:52:23.582  8141  8141 E MTPRx   : called native method
11-18 14:52:23.583  8141  8141 E MTPJNIInterface: setting Media scanner status0
11-18 14:52:23.583  8141  8708 E         : Unable to get Object Class and clearing cls 2 [int check_media_scanner_status() 661]
11-18 14:52:23.583  8141  8701 E MtpService: handleMessage. msg= { when=0 what=0 arg1=1 obj=Intent { cmp=com.samsung.android.MtpApplication/.MtpService launchParam=MultiScreenLaunchParams { mDisplayId=0 mFlags=0 } } target=com.samsung.android.MtpApplication.MtpService$ServiceHandler }
11-18 14:52:23.583  8141  8141 E MTPJNIInterface: After setting Media scanner status0
11-18 14:52:23.583  8141  8708 E MTPJNIInterface: Getting media scanner status0
11-18 14:52:23.587  8141  8708 E MTPJNIInterface: DeviceName is Null in System
11-18 14:52:23.588  8141  8708 E MTPJNIInterface: DeviceName is Galaxy S6
11-18 14:52:23.589  8141  8708 E         : memcpy failed [memCpy 111]
11-18 14:52:23.591  8141  8708 E         : object path is returned null from java [int get_external_storage(char *) 524]
11-18 14:52:23.591  8141  8701 E MtpService: handleMessage. msg= { when=-12ms what=0 arg1=2 obj=Intent { cmp=com.samsung.android.MtpApplication/.MtpService launchParam=MultiScreenLaunchParams { mDisplayId=0 mFlags=0 } } target=com.samsung.android.MtpApplication.MtpService$ServiceHandler }
11-18 14:52:23.595  8141  8708 E MTPJNIInterface: Status for mount/Unmount :unknown
11-18 14:52:23.595  8141  8708 E MTPJNIInterface: SDcard is not available
11-18 14:52:23.595  8141  8708 E         : [mtp_init_device_info  622]Error opening file /data/misc/radio/ahrh,(fd<0) IMEI [
11-18 14:52:23.595  8141  8708 E         : 000000000000000
11-18 14:52:23.595  8141  8708 E         : ]
11-18 14:52:23.603  8141  8708 E MTPJNIInterface: Status for mount/Unmount :unknown
11-18 14:52:23.603  8141  8708 E MTPJNIInterface: SDcard is not available
11-18 14:52:23.603  8141  8708 E SQLiteLog: (21) API call with NULL database connection pointer
11-18 14:52:23.603  8141  8708 E SQLiteLog: (21) misuse at line 110817 of [69906880ce]
11-18 14:52:23.603  8141  8708 E SQLiteLog: (21) API call with NULL database connection pointer
11-18 14:52:23.603  8141  8708 E SQLiteLog: (21) misuse at line 110817 of [69906880ce]
11-18 14:52:23.603  8141  8708 E SQLiteLog: (21) API call with NULL database connection pointer
11-18 14:52:23.603  8141  8708 E SQLiteLog: (21) misuse at line 110817 of [69906880ce]
11-18 14:52:23.603  8141  8708 E SQLiteLog: (21) API call with NULL database connection pointer
11-18 14:52:23.603  8141  8708 E SQLiteLog: (21) misuse at line 110817 of [69906880ce]
11-18 14:52:23.608  8141  8711 E         : [mtp_init_device 747]  After open the MTP fd = 54 and line = 747...
11-18 14:52:23.608  8141  8711 E         :  [sua_support_present:1339] returning false 
11-18 14:52:23.611  8236  8236 E SKBD    : ET9KDB_GetKdbNum : 39
11-18 14:52:23.611  8236  8236 E SKBD    : ET9KDB_GetPageNum : 39
11-18 14:52:23.616  8141  8141 E MTPRx   : Open session has come  remove the  Message false
11-18 14:52:23.622  8141  8141 E MTPRx   : This is not guid
11-18 14:52:23.628  8141  8141 E MTPRx   : Show popup for trust mtp
11-18 14:52:23.640  8141  8712 E         : mtp_get_storage_ids_mtp_handle : START !!
11-18 14:52:23.640  8141  8712 E         : mtp_get_storage_ids_mtp_handle : lock screen or knox mode, so return !!
11-18 14:52:23.690  8141  8712 E SQLiteLog: (14) cannot open file at line 32887 of [69906880ce]
11-18 14:52:23.690  8141  8712 E SQLiteLog: (14) os_unix.c:32887: (2) open(/data/data/com.android.providers.settings/databases/settings.db) - 
11-18 14:52:23.691  8141  8712 E SQLiteLog: (1) Process .MtpApplication : Pid (8141) Uid (1000) Euid (1000) Gid (1000) Egid (1000)
11-18 14:52:23.691  8141  8712 E SQLiteLog: (1) osStat failed "/data/data/com.android.providers.settings/databases/settings.db" due to error (2)
11-18 14:52:23.691  8141  8712 E SQLiteLog: (1) osStat failed "/data/data/com.android.providers.settings/databases" due to error (2)
11-18 14:52:23.691  8141  8712 E SQLiteLog: (1) Stat of /data/data/com.android.providers.settings : st_mode(40700) st_uid(1000) st_gid(1000) st_ino(327849)
11-18 14:52:23.691  8141  8712 E SQLiteLog: (1) Stat of /data/data : st_mode(40771) st_uid(1000) st_gid(1000) st_ino(262145)
11-18 14:52:23.691  8141  8712 E SQLiteLog: (1) Stat of /data : st_mode(40771) st_uid(1000) st_gid(1000) st_ino(2)
11-18 14:52:23.691  8141  8712 E SQLiteLog: (21) API call with unopened database connection pointer
11-18 14:52:23.691  8141  8712 E SQLiteLog: (21) misuse at line 110817 of [69906880ce]
11-18 14:52:23.692  8141  8712 E MTPJNIInterface: Value of device_name is Galaxy S6
11-18 14:52:23.693  8141  8712 E         : mtp_get_storage_ids_mtp_handle : START !!
11-18 14:52:23.693  8141  8712 E         : mtp_get_storage_ids_mtp_handle : lock screen or knox mode, so return !!
11-18 14:52:23.695  8141  8712 E         : mtp_get_storage_ids_mtp_handle : START !!
11-18 14:52:23.695  8141  8712 E         : mtp_get_storage_ids_mtp_handle : lock screen or knox mode, so return !!
11-18 14:52:23.726  8141  8141 E MTPUSBConnection: AlertDialog Mode is : TRUSTMTP
11-18 14:52:23.726  8632  8632 E GameTools: onReceive: BOOT_COMPLETED_ACTION
11-18 14:52:23.726  8632  8632 E GameTools: setFirstStartApplicationTime
11-18 14:52:23.748  8720  8720 E Zygote  : v2
11-18 14:52:23.749  8720  8720 E Zygote  : accessInfo : 0
11-18 14:52:24.022  8720  8720 E CscParser: getCustomerPath : customer file exist
11-18 14:52:24.022  8720  8720 E CscParser: getCustomerPath : customer file exist
11-18 14:52:24.022  8720  8720 E CscParser: fileName + /system/csc/customer.xml
11-18 14:52:24.040  8720  8720 E CscParser: getOthersPath : others file exist
11-18 14:52:24.040  8720  8720 E CscParser: getCustomerPath : customer file exist
11-18 14:52:24.040  8720  8720 E CscParser: getOthersPath : others file exist
11-18 14:52:24.040  8720  8720 E CscParser: fileName + /system/csc/others.xml
11-18 14:52:24.042  8720  8720 E CscParser: getCustomerPath : customer file exist
11-18 14:52:24.042  8720  8720 E CscParser: getOthersPath : others file exist
11-18 14:52:24.042  8720  8720 E CscParser: update(/carrier/chameleon.xml): file not exist
11-18 14:52:24.042  8720  8720 E CscParser: getCustomerPath : customer file exist
11-18 14:52:24.042  8720  8720 E CscParser: fileName + /system/csc/customer.xml
11-18 14:52:24.069  3640  7116 E SensorService: getSensorList a sensor (HRM Ambient Light Canceling) without holding its required permission: com.samsung.permission.HRM_EXT
11-18 14:52:24.069  3640  7116 E SensorService: getSensorList a sensor (HRMLED IR) without holding its required permission: android.permission.BODY_SENSORS
11-18 14:52:24.070  3640  7116 E SensorService: getSensorList a sensor (HRMLED RED) without holding its required permission: android.permission.BODY_SENSORS
11-18 14:52:24.070  3640  7116 E SensorService: getSensorList a sensor (HRM Proximity detecting) without holding its required permission: com.samsung.permission.HRM_EXT
11-18 14:52:24.070  3640  7116 E SensorService: getSensorList a sensor (HeartRate Sensor) without holding its required permission: android.permission.BODY_SENSORS
11-18 14:52:24.122  8761  8761 E Zygote  : v2
11-18 14:52:24.123  8761  8761 E Zygote  : accessInfo : 0
11-18 14:52:24.255  8779  8779 E Zygote  : v2
11-18 14:52:24.256  8779  8779 E Zygote  : accessInfo : 0
11-18 14:52:24.347  8800  8800 E Zygote  : v2
11-18 14:52:24.348  8800  8800 E Zygote  : accessInfo : 0
11-18 14:52:24.483  8827  8827 E Zygote  : v2
11-18 14:52:24.484  8827  8827 E Zygote  : accessInfo : 0
11-18 14:52:24.552  8847  8847 E Zygote  : v2
11-18 14:52:24.553  8847  8847 E Zygote  : accessInfo : 0
11-18 14:52:24.687  8865  8865 E Zygote  : v2
11-18 14:52:24.688  8865  8865 E Zygote  : accessInfo : 0
11-18 14:52:24.757  8887  8887 E Zygote  : v2
11-18 14:52:24.758  8887  8887 E Zygote  : accessInfo : 0
11-18 14:52:24.875  8915  8915 E Zygote  : v2
11-18 14:52:24.875  8915  8915 E Zygote  : accessInfo : 0
11-18 14:52:25.019  8915  8915 E Mms/DbVersion: queryDbVersion,Elapsed time : 2.133125 ms
11-18 14:52:25.020  8915  8915 E Mms/CsVersion: queryCsVersion,Elapsed time : 0.417375 ms
11-18 14:52:25.093  8959  8959 E Zygote  : v2
11-18 14:52:25.094  8959  8959 E Zygote  : accessInfo : 0
11-18 14:52:25.120  4797  4871 E ContactsProvider_EventLog: Flush buffer to file cnt : 1 size : 0Kb duration : 3ms lastUpdatedAfter : 8909 ms mFlush_time_threasold : 2000 mCurrentSize : 206
11-18 14:52:25.134  8915  8967 E Mms/SmsReceiverService: smsManager.getCbSettings() = null.
11-18 14:52:25.190  8915  8957 E Mms/DbVersion: createMessagesProjection,Elapsed time : 0.112833 ms
11-18 14:52:25.218  8983  8983 E Zygote  : v2
11-18 14:52:25.219  8983  8983 E Zygote  : accessInfo : 0
11-18 14:52:25.228  8915  8982 E Mms/DbUtils: rebuild done, 0 drafts,Elapsed time : 33.33475 ms
11-18 14:52:25.275  9000  9000 E Zygote  : v2
11-18 14:52:25.276  9000  9000 E Zygote  : accessInfo : 0
11-18 14:52:25.305  8847  8847 E SystemFW: setCurrentFunction
11-18 14:52:25.305  8847  8847 E SystemFW: java.lang.Exception: who's calling?
11-18 14:52:25.305  8847  8847 E SystemFW: 	at android.hardware.usb.UsbManager.setCurrentFunction(UsbManager.java:656)
11-18 14:52:25.305  8847  8847 E SystemFW: 	at com.android.settings.deviceinfo.UsbBackend.setUsbFunction(UsbBackend.java:152)
11-18 14:52:25.305  8847  8847 E SystemFW: 	at com.android.settings.deviceinfo.UsbBackend.setMode(UsbBackend.java:193)
11-18 14:52:25.305  8847  8847 E SystemFW: 	at com.android.settings.deviceinfo.UsbModeChooserActivity$7.onClick(UsbModeChooserActivity.java:451)
11-18 14:52:25.305  8847  8847 E SystemFW: 	at android.view.View.performClick(View.java:6199)
11-18 14:52:25.305  8847  8847 E SystemFW: 	at android.view.View$PerformClick.run(View.java:23647)
11-18 14:52:25.305  8847  8847 E SystemFW: 	at android.os.Handler.handleCallback(Handler.java:751)
11-18 14:52:25.305  8847  8847 E SystemFW: 	at android.os.Handler.dispatchMessage(Handler.java:95)
11-18 14:52:25.305  8847  8847 E SystemFW: 	at android.os.Looper.loop(Looper.java:154)
11-18 14:52:25.305  8847  8847 E SystemFW: 	at android.app.ActivityThread.main(ActivityThread.java:6682)
11-18 14:52:25.305  8847  8847 E SystemFW: 	at java.lang.reflect.Method.invoke(Native Method)
11-18 14:52:25.305  8847  8847 E SystemFW: 	at com.android.internal.os.ZygoteInit$MethodAndArgsCaller.run(ZygoteInit.java:1520)
11-18 14:52:25.305  8847  8847 E SystemFW: 	at com.android.internal.os.ZygoteInit.main(ZygoteInit.java:1410)
11-18 14:52:25.316  8141  8714 E         : [mtp_simple_sink_thread, 334] !!!!!! read failed errno [5], error [I/O error]
11-18 14:52:25.318  3123  3149 E DataRouter: USB Interface is open with 0x7
11-18 14:52:25.318  8141  8714 E         : [mtp_simple_sink_thread 381] read error [0] [Success]
11-18 14:52:25.319  8141  8141 E MTPRx   : Read Error Came false
11-18 14:52:25.319  8141  8141 E MTPRx   : Read Error Came so calling usbRemoved()
11-18 14:52:25.319  8141  8141 E MTPRx   :  sendbooster is false!
11-18 14:52:25.319  8141  8141 E MTPRx   : In usbRemoved Status bar enabled
11-18 14:52:25.332  8141  8141 E MtpMediaDBManager: updateMyfilesDB Count :0
11-18 14:52:25.333  9017  9017 E Zygote  : v2
11-18 14:52:25.334  9017  9017 E Zygote  : accessInfo : 0
11-18 14:52:25.347  8847  8847 E ViewRootImpl: sendUserActionEvent() mView == null
11-18 14:52:25.374  8141  8141 E MTPRx   : Sending Broadcast finish
11-18 14:52:25.490  9048  9048 E Zygote  : v2
11-18 14:52:25.495  9048  9048 E Zygote  : accessInfo : 0
11-18 14:52:25.524  8141  8141 E MtpService: onDestroy.
11-18 14:52:25.534  8141  8141 E MtpService: Unregister Mtp disable Receiver
11-18 14:52:25.534  8141  8141 E MtpService: Receiver not registered: com.samsung.android.MtpApplication.MtpService$1@aa609e1
11-18 14:52:25.534  8141  8141 E MtpService: Unregister mtpEmergencyReceiver
11-18 14:52:25.534  8141  8141 E MtpService: Receiver not registered: com.samsung.android.MtpApplication.MtpService$2@4baf306
11-18 14:52:25.535  8141  8141 E MtpService: unregistering mtpUserPresentReceiver in UnregisterAllIntent
11-18 14:52:25.535  8141  8141 E MtpService: Receiver not registered: com.samsung.android.MtpApplication.MtpService$4@ca41748
11-18 14:52:25.535  8141  8141 E MtpService: unregistering mtpMediaReceiver in UnregisterAllIntent
11-18 14:52:25.535  8141  8141 E MtpService: Receiver not registered: com.samsung.android.MtpApplication.MtpService$3@d9bedeb
11-18 14:52:25.535  8141  8141 E MTPJNIInterface: noti = 103
11-18 14:52:25.537  8141  8141 E         : ****** [mtp_usb_mtp_finalize 1283] mtp_close_fd Calling 
11-18 14:52:25.537  8141  8141 E         : [mtp_close_fd 140]  fd = 54...
11-18 14:52:25.537  8141  8141 E         : [mtp_close_fd 145] USB endpoint [54] closed...
11-18 14:52:25.537  8141  8141 E         : ****** [mtp_usb_mtp_finalize 1286] Updating the gInitializeFlag Flag to FALSE 
11-18 14:52:25.537  8141  8141 E         : ****** [mtp_usb_mtp_finalize 1289] Calling mtp_stop_io 
11-18 14:52:25.630  9048  9048 E CS/CscParser: mps_code.dat does not exist
11-18 14:52:25.631  9048  9048 E CS/CscParser: customer_path =/system/csc/customer.xml
11-18 14:52:25.631  9048  9048 E CS/CscParser: fileName + /system/csc/customer.xml
11-18 14:52:25.645  3640  3812 E InputDispatcher: channel ~ Channel is unrecoverably broken and will be disposed!
11-18 14:52:25.696  4726  4907 E PBSessionCacheImpl: sessionId[20786741896583305] not persisted.
11-18 14:52:25.760  9080  9080 E Zygote  : v2
11-18 14:52:25.763  9080  9080 E Zygote  : accessInfo : 0
11-18 14:52:25.827  9080  9080 E MTPRx   : In MtpReceiverandroid.hardware.usb.action.USB_STATE
11-18 14:52:25.835  9080  9080 E MTPRx   : check value of boot_completed is1
11-18 14:52:25.845  9080  9080 E MTPRx   : check booting is completed_sys.boot_completed
11-18 14:52:25.848  9080  9080 E MTPRx   : Received USB_STATE with sdCardLaunch = 0
11-18 14:52:25.848  9080  9080 E MTPRx   : tethering is started and mtp is not running so returning
11-18 14:52:25.884  9080  9080 E MTPRx   : In MtpReceiverandroid.hardware.usb.action.USB_STATE
11-18 14:52:25.889  9080  9080 E MTPRx   : check value of boot_completed is1
11-18 14:52:25.889  9080  9080 E MTPRx   : check booting is completed_sys.boot_completed
11-18 14:52:25.890  9080  9080 E MTPRx   : Received USB_STATE with sdCardLaunch = 0
11-18 14:52:25.890  9080  9080 E MTPRx   : tethering is started and mtp is not running so returning
11-18 14:52:25.913  9114  9114 E Zygote  : v2
11-18 14:52:25.914  9114  9114 E Zygote  : accessInfo : 0
11-18 14:52:26.030  9138  9138 E Zygote  : v2
11-18 14:52:26.030  9138  9138 E Zygote  : accessInfo : 0
11-18 14:52:26.150  9167  9167 E Zygote  : v2
11-18 14:52:26.151  9167  9167 E Zygote  : accessInfo : 0
11-18 14:52:26.257  9186  9186 E Zygote  : v2
11-18 14:52:26.258  9186  9186 E Zygote  : accessInfo : 0
11-18 14:52:26.369  9204  9204 E Zygote  : v2
11-18 14:52:26.370  9204  9204 E Zygote  : accessInfo : 0
11-18 14:52:26.452  9225  9225 E Zygote  : v2
11-18 14:52:26.453  9225  9225 E Zygote  : accessInfo : 0
11-18 14:52:26.553  4726  4955 E AudioRecord-JNI: Error -4 during AudioRecord native read
11-18 14:52:26.590  4726  4954 E AudioSource: Stop listening is called on already closed AudioSource
11-18 14:52:26.592  3118  3659 E audio_hw_primary: adev_close_input_stream, set jack_in to null
11-18 14:52:26.647  9241  9241 E Zygote  : v2
11-18 14:52:26.648  9241  9241 E Zygote  : accessInfo : 0
11-18 14:52:26.719  9261  9261 E Zygote  : v2
11-18 14:52:26.719  9261  9261 E Zygote  : accessInfo : 0
11-18 14:52:26.785  9261  9261 E SQLiteLog: (5) statement aborts at 2: [PRAGMA journal_mode=PERSIST] 
11-18 14:52:26.810  9277  9277 E Zygote  : v2
11-18 14:52:26.810  9277  9277 E Zygote  : accessInfo : 0
11-18 14:52:26.865  9292  9292 E Zygote  : v2
11-18 14:52:26.866  9292  9292 E Zygote  : accessInfo : 0
11-18 14:52:26.866  4166  4166 E BluetoothBDTestService: onStart(), extra_type: BOOT_COMPLETED
11-18 14:52:26.866  4166  4166 E BluetoothBDTestService: bd_address_path: /efs/bluetooth/bt_addr
11-18 14:52:26.867  4166  4166 E BluetoothBDTestService: already exist!( /efs/bluetooth/bt_addr ), file length: 17
11-18 14:52:27.034  9292  9292 E AXLOG   : Feature-LoadingStart**Point[1574085147034]**
11-18 14:52:27.039  9292  9292 E AXLOG   : Feature-LoadingEnd**Point[1574085147038]**
11-18 14:52:27.063  9292  9292 E SemCamera-JNI-Cpp: JNI_OnLoad
11-18 14:52:27.064  9292  9292 E SemCamera-JNI-Java: SemCamera.open()
11-18 14:52:27.073  3119  3119 E CameraService: setCompanionDisableSysFs : cc.disable property set to 0
11-18 14:52:27.079  3640  7113 E ActivityManager: getPackageFromAppProcesses, return null
11-18 14:52:27.079  3118  3118 E Parcel  : Reading a NULL string not supported here.
11-18 14:52:27.081  3119  3119 E SecCameraCoreManager: initialize1
11-18 14:52:27.085  3119  3119 E ExynosCamera: Build Date is (__DATE__) (__TIME__)
11-18 14:52:27.101  3136  9320 E WVMExtractor: Failed to open libwvm.so: dlopen failed: library "libwvm.so" not found
11-18 14:52:27.114  3099  3283 E SEC_DRM_PLUGIN_Omafl: OmaPlugin::onOpenDecryptSession(fd)::Drm2IsDrmFileByExtFd::file is NOT DRM by extension
11-18 14:52:27.124  3119  3119 E SecCameraCoreManager: initialize2
11-18 14:52:27.141  3099  3283 E SEC_DRM_PLUGIN_Omafl: OmaPlugin::onOpenDecryptSession(fd)::Drm2IsDrmFileByExtFd::file is NOT DRM by extension
11-18 14:52:27.143  3119  9330 E Sensors : No packages for calling UID
11-18 14:52:27.146  3640  7104 E SensorService: getSensorList a sensor (MAX86900) without holding its required permission: com.samsung.permission.SSENSOR
11-18 14:52:27.146  3640  7104 E SensorService: getSensorList a sensor (HRMLED IR) without holding its required permission: android.permission.BODY_SENSORS
11-18 14:52:27.146  3640  7104 E SensorService: getSensorList a sensor (HRMLED RED) without holding its required permission: android.permission.BODY_SENSORS
11-18 14:52:27.146  3640  7104 E SensorService: getSensorList a sensor (HRM Sensor) without holding its required permission: com.samsung.permission.SSENSOR
11-18 14:52:27.146  3640  7104 E SensorService: getSensorList a sensor (HeartRate Sensor) without holding its required permission: android.permission.BODY_SENSORS
11-18 14:52:27.146  3640  7104 E SensorService: getSensorList a sensor (Sensor Diagnostic Monitor) without holding its required permission: com.samsung.permission.SSENSOR
11-18 14:52:27.152  3099  3283 E SEC_DRM_PLUGIN_Omafl: OmaPlugin::onOpenDecryptSession(fd)::Drm2IsDrmFileByExtFd::file is NOT DRM by extension
11-18 14:52:27.156  3640  3844 E Sensors : HrmSpO2Sensor::alc enable : 0
11-18 14:52:27.846  3119  9353 E ExynosCameraNode: [CAM_ID(0)][3AA_OUTPUT]-ERR(m_dqBuf):exynos_v4l2_dqbuf(fd:43) returned with error (64)
11-18 14:52:27.846  3119  9353 E ExynosCameraMCPipe: [CAM_ID(0)][PIPE_3AA]-ERR(m_getBuffer[1718]):node(3AA_OUTPUT)->getBuffer() fail, index(1), frameCount(1), ret(-1)
11-18 14:52:27.846  3119  9353 E ExynosCameraNode: [CAM_ID(0)][3AA_PREVIEW]-ERR(m_dqBuf):exynos_v4l2_dqbuf(fd:49) returned with error (64)
11-18 14:52:27.846  3119  9353 E ExynosCameraMCPipe: [CAM_ID(0)][PIPE_3AA]-ERR(m_getBuffer[1833]):node(3AA_PREVIEW)->getBuffer() fail, index(1), frameCount(1), ret(-1)
11-18 14:52:27.847  3119  9353 E ExynosCameraNode: [CAM_ID(0)][3AA_CAPTURE]-ERR(m_dqBuf):exynos_v4l2_dqbuf(fd:46) returned with error (64)
11-18 14:52:27.847  3119  9353 E ExynosCameraMCPipe: [CAM_ID(0)][PIPE_3AA]-ERR(m_getBuffer[1833]):node(3AA_CAPTURE)->getBuffer() fail, index(1), frameCount(1), ret(-1)
11-18 14:52:27.847  3119  9353 E ExynosCameraMCPipe: [CAM_ID(0)][PIPE_3AA]-ERR(m_getBuffer[1948]):frameCount(1) : captureNodeCount == 0 || checkRet(-1) != NO_ERROR. so, setFrameState(FRAME_STATE_SKIPPED)
11-18 14:52:27.847  3119  9353 E ExynosCameraNode: [CAM_ID(0)][3AA_OUTPUT]-ERR(m_dqBuf):exynos_v4l2_dqbuf(fd:43) returned with error (64)
11-18 14:52:27.847  3119  9354 E ExynosCameraMCPipe: [CAM_ID(0)][PIPE_ISP]-ERR(m_putBuffer[1410]):New frame is INVALID, frameCount(1)
11-18 14:52:27.847  3119  9353 E ExynosCameraMCPipe: [CAM_ID(0)][PIPE_3AA]-ERR(m_getBuffer[1718]):node(3AA_OUTPUT)->getBuffer() fail, index(2), frameCount(2), ret(-1)
11-18 14:52:27.847  3119  9353 E ExynosCameraNode: [CAM_ID(0)][3AA_PREVIEW]-ERR(m_dqBuf):exynos_v4l2_dqbuf(fd:49) returned with error (64)
11-18 14:52:27.847  3119  9353 E ExynosCameraMCPipe: [CAM_ID(0)][PIPE_3AA]-ERR(m_getBuffer[1833]):node(3AA_PREVIEW)->getBuffer() fail, index(2), frameCount(2), ret(-1)
11-18 14:52:27.848  3119  9353 E ExynosCameraNode: [CAM_ID(0)][3AA_CAPTURE]-ERR(m_dqBuf):exynos_v4l2_dqbuf(fd:46) returned with error (64)
11-18 14:52:27.848  3119  9353 E ExynosCameraMCPipe: [CAM_ID(0)][PIPE_3AA]-ERR(m_getBuffer[1833]):node(3AA_CAPTURE)->getBuffer() fail, index(2), frameCount(2), ret(-1)
11-18 14:52:27.848  3119  9353 E ExynosCameraMCPipe: [CAM_ID(0)][PIPE_3AA]-ERR(m_getBuffer[1948]):frameCount(2) : captureNodeCount == 0 || checkRet(-1) != NO_ERROR. so, setFrameState(FRAME_STATE_SKIPPED)
11-18 14:52:27.848  3119  9354 E ExynosCameraMCPipe: [CAM_ID(0)][PIPE_ISP]-ERR(m_putBuffer[1410]):New frame is INVALID, frameCount(2)
11-18 14:52:27.930  3119  9353 E ExynosCameraNode: [CAM_ID(0)][3AA_OUTPUT]-ERR(m_dqBuf):exynos_v4l2_dqbuf(fd:43) fail (-1)
11-18 14:52:27.930  3119  9353 E ExynosCameraMCPipe: [CAM_ID(0)][PIPE_3AA]-ERR(m_getBuffer[1718]):node(3AA_OUTPUT)->getBuffer() fail, index(-2), frameCount(3), ret(-1)
11-18 14:52:27.930  3119  9353 E ExynosCameraNode: [CAM_ID(0)][3AA_PREVIEW]-ERR(m_dqBuf):exynos_v4l2_dqbuf(fd:49) returned with error (64)
11-18 14:52:27.930  3119  9353 E ExynosCameraMCPipe: [CAM_ID(0)][PIPE_3AA]-ERR(m_getBuffer[1833]):node(3AA_PREVIEW)->getBuffer() fail, index(4), frameCount(3), ret(-1)
11-18 14:52:27.931  3119  9353 E ExynosCameraNode: [CAM_ID(0)][3AA_CAPTURE]-ERR(m_dqBuf):exynos_v4l2_dqbuf(fd:46) returned with error (64)
11-18 14:52:27.931  3119  9353 E ExynosCameraMCPipe: [CAM_ID(0)][PIPE_3AA]-ERR(m_getBuffer[1833]):node(3AA_CAPTURE)->getBuffer() fail, index(4), frameCount(4), ret(-1)
11-18 14:52:27.931  3119  9353 E ExynosCameraMCPipe: [CAM_ID(0)][PIPE_3AA]-ERR(m_getBuffer[1948]):frameCount(4) : captureNodeCount == 0 || checkRet(-1) != NO_ERROR. so, setFrameState(FRAME_STATE_SKIPPED)
11-18 14:52:27.996  3119  3119 E libcsc  : csc_deinit:: unsupported csc_hw_type
11-18 14:52:27.996  3119  3119 E libcsc  : csc_deinit:: unsupported csc_hw_type
11-18 14:52:28.091  3119  3119 E libcsc  : csc_deinit:: unsupported csc_hw_type
11-18 14:52:28.091  3119  3119 E libcsc  : csc_deinit:: unsupported csc_hw_type
11-18 14:52:28.091  3119  3119 E libcsc  : csc_deinit:: unsupported csc_hw_type
11-18 14:52:28.137  9292  9292 E SemCamera-JNI-Java: release::mIrisIrQueue FD Size = 0
11-18 14:52:28.137  9292  9292 E SemCamera-JNI-Java: release::mIrisPreviewQueue FD Size = 0
11-18 14:52:28.157  9373  9373 E Zygote  : v2
11-18 14:52:28.157  9373  9373 E Zygote  : accessInfo : 0
11-18 14:52:28.297  9401  9401 E Zygote  : v2
11-18 14:52:28.298  9401  9401 E Zygote  : accessInfo : 0
11-18 14:52:28.502  9421  9421 E Zygote  : v2
11-18 14:52:28.503  9421  9421 E Zygote  : accessInfo : 0
11-18 14:52:28.651  9444  9444 E Zygote  : v2
11-18 14:52:28.652  9444  9444 E Zygote  : accessInfo : 0
11-18 14:52:28.739  9466  9466 E Zygote  : v2
11-18 14:52:28.740  9466  9466 E Zygote  : accessInfo : 0
11-18 14:52:28.990  9496  9496 E Zygote  : v2
11-18 14:52:28.991  9496  9496 E Zygote  : isSdpEnabledProcess - SDP enabled
11-18 14:52:28.991  9496  9496 E Zygote  : accessInfo : 64
11-18 14:52:28.991  9496  9496 E Zygote  : isSdpEnabledProcess - SDP enabled
11-18 14:52:28.991  9496  9496 E Zygote  : setSDPgroupsIntarray[pid]: 0 / [gid]: 10159 / [uid]: 10159
11-18 14:52:29.129  4797  4871 E ContactsProvider_EventLog: Flush buffer to file cnt : 1 size : 1Kb duration : 2ms lastUpdatedAfter : 4009 ms mFlush_time_threasold : 2000 mCurrentSize : 699
11-18 14:52:29.233  9496  9496 E ReflectField: Incorrect type : Fallback exception
11-18 14:52:29.238  9496  9496 E ReflectField: Incorrect type : Fallback exception
11-18 14:52:29.240  9496  9496 E ReflectMethod: Cannot load method: getEnableStatus [class java.lang.String]
11-18 14:52:29.240  9496  9496 E ReflectMethod: Cannot load method: getEnableStatus [class java.lang.String, boolean]
11-18 14:52:29.241  9496  9496 E ReflectMethod: Cannot load method: getEnableStatus [class java.lang.String]
11-18 14:52:29.288  9496  9496 E GlobalConfigUpdateClient: No network available
11-18 14:52:29.302  9531  9531 E Zygote  : v2
11-18 14:52:29.302  9531  9531 E Zygote  : accessInfo : 0
11-18 14:52:29.383  9556  9556 E Zygote  : v2
11-18 14:52:29.384  9556  9556 E Zygote  : accessInfo : 0
11-18 14:52:29.397  4776  4776 E Launcher.Model: onPackageChanged :com.microsoft.skydrive
11-18 14:52:29.474  9577  9577 E Zygote  : v2
11-18 14:52:29.475  9577  9577 E Zygote  : accessInfo : 0
11-18 14:52:29.855  9609  9609 E Zygote  : v2
11-18 14:52:29.855  9609  9609 E Zygote  : accessInfo : 0
11-18 14:52:29.986  9577  9577 E HealthDataStore: disconnectService: Context instance is invalid
11-18 14:52:30.122  8847  8847 E SystemFW: setCurrentFunction
11-18 14:52:30.122  8847  8847 E SystemFW: java.lang.Exception: who's calling?
11-18 14:52:30.122  8847  8847 E SystemFW: 	at android.hardware.usb.UsbManager.setCurrentFunction(UsbManager.java:656)
11-18 14:52:30.122  8847  8847 E SystemFW: 	at com.android.settings.deviceinfo.UsbBackend.setUsbFunction(UsbBackend.java:142)
11-18 14:52:30.122  8847  8847 E SystemFW: 	at com.android.settings.deviceinfo.UsbBackend.setMode(UsbBackend.java:193)
11-18 14:52:30.122  8847  8847 E SystemFW: 	at com.android.settings.deviceinfo.UsbModeChooserActivity$7.onClick(UsbModeChooserActivity.java:451)
11-18 14:52:30.122  8847  8847 E SystemFW: 	at android.view.View.performClick(View.java:6199)
11-18 14:52:30.122  8847  8847 E SystemFW: 	at android.view.View$PerformClick.run(View.java:23647)
11-18 14:52:30.122  8847  8847 E SystemFW: 	at android.os.Handler.handleCallback(Handler.java:751)
11-18 14:52:30.122  8847  8847 E SystemFW: 	at android.os.Handler.dispatchMessage(Handler.java:95)
11-18 14:52:30.122  8847  8847 E SystemFW: 	at android.os.Looper.loop(Looper.java:154)
11-18 14:52:30.122  8847  8847 E SystemFW: 	at android.app.ActivityThread.main(ActivityThread.java:6682)
11-18 14:52:30.122  8847  8847 E SystemFW: 	at java.lang.reflect.Method.invoke(Native Method)
11-18 14:52:30.122  8847  8847 E SystemFW: 	at com.android.internal.os.ZygoteInit$MethodAndArgsCaller.run(ZygoteInit.java:1520)
11-18 14:52:30.122  8847  8847 E SystemFW: 	at com.android.internal.os.ZygoteInit.main(ZygoteInit.java:1410)
11-18 14:52:30.159  8847  8847 E ViewRootImpl: sendUserActionEvent() mView == null
11-18 14:52:30.205  4726  4907 E PBSessionCacheImpl: sessionId[20786741896583305] not persisted.
11-18 14:52:30.346  9609  9609 E HealthDataStore: disconnectService: Context instance is invalid
11-18 14:52:30.371  4166  4166 E SimCardMgr:NetworkStatusReceiver: Not support DualSIM onReceive!
11-18 14:52:30.390  9677  9677 E Zygote  : v2
11-18 14:52:30.390  9677  9677 E Zygote  : accessInfo : 0
11-18 14:52:30.465  9080  9080 E MTPRx   : In MtpReceiverandroid.hardware.usb.action.USB_STATE
11-18 14:52:30.467  9080  9080 E MTPRx   : check value of boot_completed is1
11-18 14:52:30.467  9080  9080 E MTPRx   : check booting is completed_sys.boot_completed
11-18 14:52:30.470  9080  9080 E MTPRx   : Received USB_STATE with sdCardLaunch = 0
11-18 14:52:30.470  9080  9080 E MTPRx   : configured is false
11-18 14:52:30.606  9080  9080 E MTPRx   : In MtpReceiverandroid.hardware.usb.action.USB_STATE
11-18 14:52:30.610  4920  4920 E MtpServerJNI: could not open MTP driver, errno: 2
11-18 14:52:30.611  9080  9080 E MTPRx   : check value of boot_completed is1
11-18 14:52:30.611  9080  9080 E MTPRx   : check booting is completed_sys.boot_completed
11-18 14:52:30.612  4920  4920 E MtpServerJNI: server is null in add_storage
11-18 14:52:30.612  9080  9080 E MTPRx   : Received USB_STATE with sdCardLaunch = 0
11-18 14:52:30.613  9080  9080 E MTPRx   : mFirstTime: false
11-18 14:52:30.614  4920  9699 E MtpServerJNI: server is null in run
11-18 14:52:30.614  4920  9699 E MtpServerJNI: server is null in cleanup
11-18 14:52:30.614  4920  4920 E MtpServerJNI: server is null in send_object_removed
11-18 14:52:30.626  9080  9080 E MTPJNIInterface: Getting CryptionKey from JAVA
11-18 14:52:30.627  9080  9080 E MTPRx   : currentUserId is 0
11-18 14:52:30.628  9080  9080 E MTPRx   : mtpCurrentGlobalUserId is 0
11-18 14:52:30.628  9080  9080 E MTPRx   : Start observing USB_STATE_MATCH 
11-18 14:52:30.630  9080  9080 E MTPRx   : This is not guid
11-18 14:52:30.639  3640  7112 E ENGMODE : Failed to parse stored token(-6)
11-18 14:52:30.639  3640  7112 E ENGMODE : the req mode is not allowed (-6)
11-18 14:52:30.639  9080  9080 E MTPRx   : skip to display MTP popup.
11-18 14:52:30.639  9080  9080 E MTPRx   : is_Privatemode is NOT 1
11-18 14:52:30.645  9080  9080 E MTPRx   : Sending NORMAL_BOOT to stack
11-18 14:52:30.645  9080  9080 E MTPJNIInterface: noti = 17
11-18 14:52:30.649  9080  9080 E MTPRx   : User is personal
11-18 14:52:30.652  9080  9080 E MTPRx   : sending MTP_ICON_ENABLED to stack
11-18 14:52:30.657  9080  9080 E MTPRx   : else part ... so first time!!!
11-18 14:52:30.657  9080  9080 E MTPPlaObsrvr: inside setContext()
11-18 14:52:30.657  9080  9080 E MTPPlaObsrvr: Inside registerContentObserver
11-18 14:52:30.657  9080  9704 E MTPPlaObsrvr:  inside createplafiles
11-18 14:52:30.659  9080  9080 E MtpAdbObserver: inside setContext()
11-18 14:52:30.659  9080  9080 E MtpAdbObserver: Inside registerContentObserver
11-18 14:52:30.662  9080  9704 E MTPPlaObsrvr: playlist count is0
11-18 14:52:30.662  9080  9704 E MTPPlaObsrvr:  inside try branch createplafiles
11-18 14:52:30.662  9080  9704 E MTPPlaObsrvr:  inside deleteing plas createplafiles
11-18 14:52:30.663  9080  9080 E MtpService: onCreate.
11-18 14:52:30.663  9080  9080 E MtpService: < MTP > Registering BroadCast receiver :::::
11-18 14:52:30.666  9080  9080 E MtpService: < MTP > Registering BroadCast registerBroadCastPolicyRec :::::
11-18 14:52:30.668  9080  9080 E MtpService: < MTP > Registering BroadCast registerBroadCastEmergencyRec :::::
11-18 14:52:30.672  9080  9080 E MtpService: onStartCommand.
11-18 14:52:30.673  9080  9080 E MTPJNIInterface: < MTP > Registering BroadCast receiver :::::
11-18 14:52:30.674  9080  9705 E MtpService: handleMessage. msg= { when=-1ms what=0 arg1=1 obj=Intent { cmp=com.samsung.android.MtpApplication/.MtpService launchParam=MultiScreenLaunchParams { mDisplayId=0 mFlags=0 } } target=com.samsung.android.MtpApplication.MtpService$ServiceHandler }
11-18 14:52:30.680  9080  9080 E MTPJNIInterface: < MTP > Registering BroadCast receiver :::::::
11-18 14:52:30.681  9080  9080 E MTPJNIInterface: noti = 110
11-18 14:52:30.681  9080  9080 E MtpService: onStartCommand.
11-18 14:52:30.681  9080  9705 E MtpService: handleMessage. msg= { when=0 what=0 arg1=2 obj=Intent { cmp=com.samsung.android.MtpApplication/.MtpService launchParam=MultiScreenLaunchParams { mDisplayId=0 mFlags=0 } } target=com.samsung.android.MtpApplication.MtpService$ServiceHandler }
11-18 14:52:30.681  9080  9080 E MTPRx   : Checking the driver time out
11-18 14:52:30.681  9080  9080 E MTPJNIInterface: noti = 102
11-18 14:52:30.682  9080  9080 E MTPRx   : called native method
11-18 14:52:30.682  9080  9080 E MTPJNIInterface: setting Media scanner status0
11-18 14:52:30.682  9080  9080 E MTPJNIInterface: After setting Media scanner status0
11-18 14:52:30.682  9080  9707 E         : Unable to get Object Class and clearing cls 2 [int check_media_scanner_status() 661]
11-18 14:52:30.682  9080  9707 E MTPJNIInterface: Getting media scanner status0
11-18 14:52:30.683  9080  9707 E MTPJNIInterface: DeviceName is Null in System
11-18 14:52:30.684  9080  9707 E MTPJNIInterface: DeviceName is Galaxy S6
11-18 14:52:30.684  9080  9707 E         : memcpy failed [memCpy 111]
11-18 14:52:30.686  9080  9707 E         : object path is returned null from java [int get_external_storage(char *) 524]
11-18 14:52:30.688  9080  9707 E MTPJNIInterface: Status for mount/Unmount :unknown
11-18 14:52:30.689  9080  9707 E MTPJNIInterface: SDcard is not available
11-18 14:52:30.689  9080  9707 E         : [mtp_init_device_info  622]Error opening file /data/misc/radio/ahrh,(fd<0) IMEI [
11-18 14:52:30.689  9080  9707 E         : 000000000000000
11-18 14:52:30.689  9080  9707 E         : ]
11-18 14:52:30.690  9080  9707 E MTPJNIInterface: Status for mount/Unmount :unknown
11-18 14:52:30.690  9080  9707 E MTPJNIInterface: SDcard is not available
11-18 14:52:30.690  9080  9707 E SQLiteLog: (21) API call with NULL database connection pointer
11-18 14:52:30.690  9080  9707 E SQLiteLog: (21) misuse at line 110817 of [69906880ce]
11-18 14:52:30.690  9080  9707 E SQLiteLog: (21) API call with NULL database connection pointer
11-18 14:52:30.690  9080  9707 E SQLiteLog: (21) misuse at line 110817 of [69906880ce]
11-18 14:52:30.690  9080  9707 E SQLiteLog: (21) API call with NULL database connection pointer
11-18 14:52:30.690  9080  9707 E SQLiteLog: (21) misuse at line 110817 of [69906880ce]
11-18 14:52:30.690  9080  9707 E SQLiteLog: (21) API call with NULL database connection pointer
11-18 14:52:30.690  9080  9707 E SQLiteLog: (21) misuse at line 110817 of [69906880ce]
11-18 14:52:30.692  9080  9708 E         : [mtp_init_device 747]  After open the MTP fd = 54 and line = 747...
11-18 14:52:30.692  9080  9708 E         :  [sua_support_present:1339] returning false 
11-18 14:52:30.693  9080  9080 E MTPRx   : Open session has come  remove the  Message false
11-18 14:52:30.695  9080  9080 E MTPRx   : This is not guid
11-18 14:52:30.695  9080  9080 E MTPJNIInterface: noti = 13
11-18 14:52:30.697  9080  9080 E MTPRx   : in startDBupdate
11-18 14:52:30.707  9080  9709 E         : mtp_get_storage_ids_mtp_handle : START !!
11-18 14:52:30.715  9080  9709 E         : mtp_get_storage_ids_mtp_handle : START !!
11-18 14:52:30.720  9080  9713 E MtpMediaDBManager: count : 31
