11-18 14:52:21.493  8236  8236 E art     :     50: boolean com.samsung.android.sdk.pen.document.SpenNoteDoc.hasExtraDataInt(java.lang.String)
11-18 14:52:21.493  8236  8236 E art     :     51: boolean com.samsung.android.sdk.pen.document.SpenNoteDoc.hasExtraDataString(java.lang.String)
11-18 14:52:21.493  8236  8236 E art     :     52: boolean com.samsung.android.sdk.pen.document.SpenNoteDoc.hasExtraDataStringArray(java.lang.String)
11-18 14:52:21.493  8236  8236 E art     :     53: boolean com.samsung.android.sdk.pen.document.SpenNoteDoc.hasTaggedPage()
11-18 14:52:21.493  8236  8236 E art     :     54: int com.samsung.android.sdk.pen.document.SpenNoteDoc.hashCode()
11-18 14:52:21.493  8236  8236 E art     :     55: com.samsung.android.sdk.pen.document.SpenPageDoc com.samsung.android.sdk.pen.document.SpenNoteDoc.insertPage(int)
11-18 14:52:21.493  8236  8236 E art     :     56: com.samsung.android.sdk.pen.document.SpenPageDoc com.samsung.android.sdk.pen.document.SpenNoteDoc.insertPage(int, int, int)
11-18 14:52:21.493  8236  8236 E art     :     57: com.samsung.android.sdk.pen.document.SpenPageDoc com.samsung.android.sdk.pen.document.SpenNoteDoc.insertPage(int, int, java.lang.String, int)
11-18 14:52:21.493  8236  8236 E art     :     58: com.samsung.android.sdk.pen.document.SpenPageDoc com.samsung.android.sdk.pen.document.SpenNoteDoc.insertPages(java.lang.String, int, int)
11-18 14:52:21.493  8236  8236 E art     :     59: com.samsung.android.sdk.pen.document.SpenPageDoc com.samsung.android.sdk.pen.document.SpenNoteDoc.insertTemplatePage(int, java.lang.String)
11-18 14:52:21.493  8236  8236 E art     :     60: boolean com.samsung.android.sdk.pen.document.SpenNoteDoc.isAllPageTextOnly()
11-18 14:52:21.493  8236  8236 E art     :     61: boolean com.samsung.android.sdk.pen.document.SpenNoteDoc.isChanged()
11-18 14:52:21.493  8236  8236 E art     :     62: void com.samsung.android.sdk.pen.document.SpenNoteDoc.movePageIndex(com.samsung.android.sdk.pen.document.SpenPageDoc, int)
11-18 14:52:21.493  8236  8236 E art     :     63: void com.samsung.android.sdk.pen.document.SpenNoteDoc.removeExtraDataByteArray(java.lang.String)
11-18 14:52:21.493  8236  8236 E art     :     64: void com.samsung.android.sdk.pen.document.SpenNoteDoc.removeExtraDataInt(java.lang.String)
11-18 14:52:21.493  8236  8236 E art     :     65: void com.samsung.android.sdk.pen.document.SpenNoteDoc.removeExtraDataString(java.lang.String)
11-18 14:52:21.493  8236  8236 E art     :     66: void com.samsung.android.sdk.pen.document.SpenNoteDoc.removeExtraDataStringArray(java.lang.String)
11-18 14:52:21.493  8236  8236 E art     :     67: void com.samsung.android.sdk.pen.document.SpenNoteDoc.removePage(int)
11-18 14:52:21.493  8236  8236 E art     :     68: java.util.ArrayList com.samsung.android.sdk.pen.document.SpenNoteDoc.restoreObjectList(java.lang.String)
11-18 14:52:21.493  8236  8236 E art     :     69: void com.samsung.android.sdk.pen.document.SpenNoteDoc.revertToTemplatePage(int)
11-18 14:52:21.493  8236  8236 E art     :     70: void com.samsung.android.sdk.pen.document.SpenNoteDoc.revertToTemplatePage(int, java.lang.String)
11-18 14:52:21.493  8236  8236 E art     :     71: void com.samsung.android.sdk.pen.document.SpenNoteDoc.save(java.io.OutputStream)
11-18 14:52:21.493  8236  8236 E art     :     72: void com.samsung.android.sdk.pen.document.SpenNoteDoc.save(java.io.OutputStream, boolean)
11-18 14:52:21.493  8236  8236 E art     :     73: void com.samsung.android.sdk.pen.document.SpenNoteDoc.save(java.lang.String)
11-18 14:52:21.493  8236  8236 E art     :     74: void com.samsung.android.sdk.pen.document.SpenNoteDoc.save(java.lang.String, boolean)
11-18 14:52:21.493  8236  8236 E art     :     75: void com.samsung.android.sdk.pen.document.SpenNoteDoc.setAppName(java.lang.String)
11-18 14:52:21.493  8236  8236 E art     :     76: void com.samsung.android.sdk.pen.document.SpenNoteDoc.setAppVersion(int, int, java.lang.String)
11-18 14:52:21.493  8236  8236 E art     :     77: void com.samsung.android.sdk.pen.document.SpenNoteDoc.setAuthorInfo(com.samsung.android.sdk.pen.document.SpenNoteDoc$AuthorInfo)
11-18 14:52:21.493  8236  8236 E art     :     78: void com.samsung.android.sdk.pen.document.SpenNoteDoc.setCoverImage(java.lang.String)
11-18 14:52:21.493  8236  8236 E art     :     79: void com.samsung.android.sdk.pen.document.SpenNoteDoc.setExtraDataByteArray(java.lang.String, byte[])
11-18 14:52:21.493  8236  8236 E art     :     80: void com.samsung.android.sdk.pen.document.SpenNoteDoc.setExtraDataInt(java.lang.String, int)
11-18 14:52:21.493  8236  8236 E art     :     81: void com.samsung.android.sdk.pen.document.SpenNoteDoc.setExtraDataString(java.lang.String, java.lang.String)
11-18 14:52:21.493  8236  8236 E art     :     82: void com.samsung.android.sdk.pen.document.SpenNoteDoc.setExtraDataStringArray(java.lang.String, java.lang.String[])
11-18 14:52:21.493  8236  8236 E art     :     83: void com.samsung.android.sdk.pen.document.SpenNoteDoc.setGeoTag(double, double)
11-18 14:52:21.493  8236  8236 E art     :     84: void com.samsung.android.sdk.pen.document.SpenNoteDoc.setTemplateUri(java.lang.String)
11-18 14:52:21.493  8236  8236 E art     :   direct methods (110 entries):
11-18 14:52:21.493  8236  8236 E art     :      0: void com.samsung.android.sdk.pen.document.SpenNoteDoc.<clinit>()
11-18 14:52:21.493  8236  8236 E art     :      1: void com.samsung.android.sdk.pen.document.SpenNoteDoc.<init>()
11-18 14:52:21.493  8236  8236 E art     :      2: void com.samsung.android.sdk.pen.document.SpenNoteDoc.<init>(android.content.Context, int, int)
11-18 14:52:21.493  8236  8236 E art     :      3: void com.samsung.android.sdk.pen.document.SpenNoteDoc.<init>(android.content.Context, int, int, int)
11-18 14:52:21.493  8236  8236 E art     :      4: void com.samsung.android.sdk.pen.document.SpenNoteDoc.<init>(android.content.Context, java.io.InputStream, int, int)
11-18 14:52:21.493  8236  8236 E art     :      5: void com.samsung.android.sdk.pen.document.SpenNoteDoc.<init>(android.content.Context, java.lang.String, double, int)
11-18 14:52:21.493  8236  8236 E art     :      6: void com.samsung.android.sdk.pen.document.SpenNoteDoc.<init>(android.content.Context, java.lang.String, int, int)
11-18 14:52:21.493  8236  8236 E art     :      7: void com.samsung.android.sdk.pen.document.SpenNoteDoc.<init>(android.content.Context, java.lang.String, int, int, boolean)
11-18 14:52:21.493  8236  8236 E art     :      8: void com.samsung.android.sdk.pen.document.SpenNoteDoc.<init>(android.content.Context, java.lang.String, java.lang.String, double, int)
11-18 14:52:21.493  8236  8236 E art     :      9: void com.samsung.android.sdk.pen.document.SpenNoteDoc.<init>(android.content.Context, java.lang.String, java.lang.String, int, int)
11-18 14:52:21.493  8236  8236 E art     :     10: void com.samsung.android.sdk.pen.document.SpenNoteDoc.<init>(android.content.Context, java.lang.String, java.lang.String, int, int, boolean)
11-18 14:52:21.493  8236  8236 E art     :     11: java.util.ArrayList com.samsung.android.sdk.pen.document.SpenNoteDoc.Native_command(int, java.util.ArrayList)
11-18 14:52:21.493  8236  8236 E art     :     12: com.samsung.android.sdk.pen.document.SpenPageDoc com.samsung.android.sdk.pen.document.SpenNoteDoc.NoteDoc_appendPage(int, int)
11-18 14:52:21.493  8236  8236 E art     :     13: com.samsung.android.sdk.pen.document.SpenPageDoc com.samsung.android.sdk.pen.document.SpenNoteDoc.NoteDoc_appendPage(int, java.lang.String, int)
11-18 14:52:21.493  8236  8236 E art     :     14: com.samsung.android.sdk.pen.document.SpenPageDoc com.samsung.android.sdk.pen.document.SpenNoteDoc.NoteDoc_appendPages(java.lang.String, int)
11-18 14:52:21.493  8236  8236 E art     :     15: com.samsung.android.sdk.pen.document.SpenPageDoc com.samsung.android.sdk.pen.document.SpenNoteDoc.NoteDoc_appendTemplatePage(java.lang.String)
11-18 14:52:21.493  8236  8236 E art     :     16: boolean com.samsung.android.sdk.pen.document.SpenNoteDoc.NoteDoc_attachFile(java.lang.String, java.lang.String)
11-18 14:52:21.493  8236  8236 E art     :     17: boolean com.samsung.android.sdk.pen.document.SpenNoteDoc.NoteDoc_attachTemplatePage(java.lang.String, java.lang.String, int)
11-18 14:52:21.493  8236  8236 E art     :     18: boolean com.samsung.android.sdk.pen.document.SpenNoteDoc.NoteDoc_attachToFile(java.lang.String)
11-18 14:52:21.493  8236  8236 E art     :     19: boolean com.samsung.android.sdk.pen.document.SpenNoteDoc.NoteDoc_attachToFile(java.lang.String, boolean)
11-18 14:52:21.493  8236  8236 E art     :     20: boolean com.samsung.android.sdk.pen.document.SpenNoteDoc.NoteDoc_backupObjectList(java.util.ArrayList, java.lang.String)
11-18 14:52:21.493  8236  8236 E art     :     21: boolean com.samsung.android.sdk.pen.document.SpenNoteDoc.NoteDoc_close(boolean)
11-18 14:52:21.493  8236  8236 E art     :     22: com.samsung.android.sdk.pen.document.SpenPageDoc com.samsung.android.sdk.pen.document.SpenNoteDoc.NoteDoc_copyPage(com.samsung.android.sdk.pen.document.SpenPageDoc, int)
11-18 14:52:21.493  8236  8236 E art     :     23: boolean com.samsung.android.sdk.pen.document.SpenNoteDoc.NoteDoc_detachFile(java.lang.String)
11-18 14:52:21.493  8236  8236 E art     :     24: boolean com.samsung.android.sdk.pen.document.SpenNoteDoc.NoteDoc_detachTemplatePage(java.lang.String)
11-18 14:52:21.493  8236  8236 E art     :     25: boolean com.samsung.android.sdk.pen.document.SpenNoteDoc.NoteDoc_discard()
11-18 14:52:21.493  8236  8236 E art     :     26: void com.samsung.android.sdk.pen.document.SpenNoteDoc.NoteDoc_finalize()
11-18 14:52:21.493  8236  8236 E art     :     27: int com.samsung.android.sdk.pen.document.SpenNoteDoc.NoteDoc_getAppMajorVersion()
11-18 14:52:21.493  8236  8236 E art     :     28: int com.samsung.android.sdk.pen.document.SpenNoteDoc.NoteDoc_getAppMinorVersion()
11-18 14:52:21.493  8236  8236 E art     :     29: java.lang.String com.samsung.android.sdk.pen.document.SpenNoteDoc.NoteDoc_getAppName()
11-18 14:52:21.493  8236  8236 E art     :     30: java.lang.String com.samsung.android.sdk.pen.document.SpenNoteDoc.NoteDoc_getAppPatchName()
11-18 14:52:21.493  8236  8236 E art     :     31: java.lang.String com.samsung.android.sdk.pen.document.SpenNoteDoc.NoteDoc_getAttachedFile(java.lang.String)
11-18 14:52:21.493  8236  8236 E art     :     32: int com.samsung.android.sdk.pen.document.SpenNoteDoc.NoteDoc_getAttachedFileCount()
11-18 14:52:21.493  8236  8236 E art     :     33: com.samsung.android.sdk.pen.document.SpenNoteDoc$AuthorInfo com.samsung.android.sdk.pen.document.SpenNoteDoc.NoteDoc_getAuthorInfo()
11-18 14:52:21.493  8236  8236 E art     :     34: java.lang.String com.samsung.android.sdk.pen.document.SpenNoteDoc.NoteDoc_getCoverImagePath()
11-18 14:52:21.493  8236  8236 E art     :     35: byte[] com.samsung.android.sdk.pen.document.SpenNoteDoc.NoteDoc_getExtraDataByteArray(java.lang.String)
11-18 14:52:21.493  8236  8236 E art     :     36: int com.samsung.android.sdk.pen.document.SpenNoteDoc.NoteDoc_getExtraDataInt(java.lang.String)
11-18 14:52:21.493  8236  8236 E art     :     37: java.lang.String com.samsung.android.sdk.pen.document.SpenNoteDoc.NoteDoc_getExtraDataString(java.lang.String)
11-18 14:52:21.493  8236  8236 E art     :     38: java.lang.String[] com.samsung.android.sdk.pen.document.SpenNoteDoc.NoteDoc_getExtraDataStringArray(java.lang.String)
11-18 14:52:21.493  8236  8236 E art     :     39: double com.samsung.android.sdk.pen.document.SpenNoteDoc.NoteDoc_getGeoTagLatitude()
11-18 14:52:21.493  8236  8236 E art     :     40: double com.samsung.android.sdk.pen.document.SpenNoteDoc.NoteDoc_getGeoTagLongitude()
11-18 14:52:21.493  8236  8236 E art     :     41: int com.samsung.android.sdk.pen.document.SpenNoteDoc.NoteDoc_getHeight()
11-18 14:52:21.493  8236  8236 E art     :     42: java.lang.String com.samsung.android.sdk.pen.document.SpenNoteDoc.NoteDoc_getId()
11-18 14:52:21.493  8236  8236 E art     :     43: java.lang.String com.samsung.android.sdk.pen.document.SpenNoteDoc.NoteDoc_getInternalDirectory()
11-18 14:52:21.493  8236  8236 E art     :     44: int com.samsung.android.sdk.pen.document.SpenNoteDoc.NoteDoc_getLastEditedPageIndex()
11-18 14:52:21.493  8236  8236 E art     :     45: int com.samsung.android.sdk.pen.document.SpenNoteDoc.NoteDoc_getOrientation()
11-18 14:52:21.493  8236  8236 E art     :     46: int com.samsung.android.sdk.pen.document.SpenNoteDoc.NoteDoc_getOrientation2(java.io.ByteArrayInputStream)
11-18 14:52:21.493  8236  8236 E art     :     47: int com.samsung.android.sdk.pen.document.SpenNoteDoc.NoteDoc_getOrientation3(java.io.FileDescriptor)
11-18 14:52:21.493  8236  8236 E art     :     48: com.samsung.android.sdk.pen.document.SpenPageDoc com.samsung.android.sdk.pen.document.SpenNoteDoc.NoteDoc_getPage(int)
11-18 14:52:21.493  8236  8236 E art     :     49: int com.samsung.android.sdk.pen.document.SpenNoteDoc.NoteDoc_getPageCount()
11-18 14:52:21.493  8236  8236 E art     :     50: java.lang.String com.samsung.android.sdk.pen.document.SpenNoteDoc.NoteDoc_getPageIdByIndex(int)
11-18 14:52:21.493  8236  8236 E art     :     51: int com.samsung.android.sdk.pen.document.SpenNoteDoc.NoteDoc_getPageIndexById(java.lang.String)
11-18 14:52:21.493  8236  8236 E art     :     52: int com.samsung.android.sdk.pen.document.SpenNoteDoc.NoteDoc_getRotation()
11-18 14:52:21.493  8236  8236 E art     :     53: com.samsung.android.sdk.pen.document.SpenPageDoc com.samsung.android.sdk.pen.document.SpenNoteDoc.NoteDoc_getTemplatePage(java.lang.String)
11-18 14:52:21.493  8236  8236 E art     :     54: int com.samsung.android.sdk.pen.document.SpenNoteDoc.NoteDoc_getTemplatePageCount()
11-18 14:52:21.493  8236  8236 E art     :     55: java.lang.String com.samsung.android.sdk.pen.document.SpenNoteDoc.NoteDoc_getTemplatePageName(int)
11-18 14:52:21.493  8236  8236 E art     :     56: java.lang.String com.samsung.android.sdk.pen.document.SpenNoteDoc.NoteDoc_getTemplateUri()
11-18 14:52:21.493  8236  8236 E art     :     57: int com.samsung.android.sdk.pen.document.SpenNoteDoc.NoteDoc_getWidth()
11-18 14:52:21.493  8236  8236 E art     :     58: boolean com.samsung.android.sdk.pen.document.SpenNoteDoc.NoteDoc_hasAttachedFile(java.lang.String)
11-18 14:52:21.493  8236  8236 E art     :     59: boolean com.samsung.android.sdk.pen.document.SpenNoteDoc.NoteDoc_hasExtraDataByteArray(java.lang.String)
11-18 14:52:21.493  8236  8236 E art     :     60: boolean com.samsung.android.sdk.pen.document.SpenNoteDoc.NoteDoc_hasExtraDataInt(java.lang.String)
11-18 14:52:21.493  8236  8236 E art     :     61: boolean com.samsung.android.sdk.pen.document.SpenNoteDoc.NoteDoc_hasExtraDataString(java.lang.String)
11-18 14:52:21.493  8236  8236 E art     :     62: boolean com.samsung.android.sdk.pen.document.SpenNoteDoc.NoteDoc_hasExtraDataStringArray(java.lang.String)
11-18 14:52:21.493  8236  8236 E art     :     63: boolean com.samsung.android.sdk.pen.document.SpenNoteDoc.NoteDoc_hasTaggedPage()
11-18 14:52:21.493  8236  8236 E art     :     64: boolean com.samsung.android.sdk.pen.document.SpenNoteDoc.NoteDoc_hasTemplatePage(java.lang.String)
11-18 14:52:21.493  8236  8236 E art     :     65: int com.samsung.android.sdk.pen.document.SpenNoteDoc.NoteDoc_init(java.lang.String, int, int, int)
11-18 14:52:21.493  8236  8236 E art     :     66: int com.samsung.android.sdk.pen.document.SpenNoteDoc.NoteDoc_init(java.lang.String, java.io.ByteArrayInputStream, int, int)
11-18 14:52:21.493  8236  8236 E art     :     67: int com.samsung.android.sdk.pen.document.SpenNoteDoc.NoteDoc_init(java.lang.String, java.io.ByteArrayInputStream, java.lang.String, int, int)
11-18 14:52:21.493  8236  8236 E art     :     68: int com.samsung.android.sdk.pen.document.SpenNoteDoc.NoteDoc_init(java.lang.String, java.io.FileDescriptor, int, int)
11-18 14:52:21.493  8236  8236 E art     :     69: int com.samsung.android.sdk.pen.document.SpenNoteDoc.NoteDoc_init(java.lang.String, java.io.FileDescriptor, java.lang.String, int, int)
11-18 14:52:21.493  8236  8236 E art     :     70: int com.samsung.android.sdk.pen.document.SpenNoteDoc.NoteDoc_init(java.lang.String, java.lang.String, java.lang.String, double, int)
11-18 14:52:21.493  8236  8236 E art     :     71: int com.samsung.android.sdk.pen.document.SpenNoteDoc.NoteDoc_init(java.lang.String, java.lang.String, java.lang.String, int, int, boolean)
11-18 14:52:21.493  8236  8236 E art     :     72: int com.samsung.android.sdk.pen.document.SpenNoteDoc.NoteDoc_initWithSignature(java.lang.String, java.lang.String, java.lang.String, double, int)
11-18 14:52:21.493  8236  8236 E art     :     73: int com.samsung.android.sdk.pen.document.SpenNoteDoc.NoteDoc_initWithSignature(java.lang.String, java.lang.String, java.lang.String, int, int, boolean)
11-18 14:52:21.493  8236  8236 E art     :     74: com.samsung.android.sdk.pen.document.SpenPageDoc com.samsung.android.sdk.pen.document.SpenNoteDoc.NoteDoc_insertPage(int, int, int)
11-18 14:52:21.493  8236  8236 E art     :     75: com.samsung.android.sdk.pen.document.SpenPageDoc com.samsung.android.sdk.pen.document.SpenNoteDoc.NoteDoc_insertPage(int, int, java.lang.String, int)
11-18 14:52:21.493  8236  8236 E art     :     76: com.samsung.android.sdk.pen.document.SpenPageDoc com.samsung.android.sdk.pen.document.SpenNoteDoc.NoteDoc_insertPages(java.lang.String, int, int)
11-18 14:52:21.493  8236  8236 E art     :     77: com.samsung.android.sdk.pen.document.SpenPageDoc com.samsung.android.sdk.pen.document.SpenNoteDoc.NoteDoc_insertTemplatePage(int, java.lang.String)
11-18 14:52:21.493  8236  8236 E art     :     78: boolean com.samsung.android.sdk.pen.document.SpenNoteDoc.NoteDoc_isAllPageTextOnly()
11-18 14:52:21.493  8236  8236 E art     :     79: boolean com.samsung.android.sdk.pen.document.SpenNoteDoc.NoteDoc_isChanged()
11-18 14:52:21.493  8236  8236 E art     :     80: boolean com.samsung.android.sdk.pen.document.SpenNoteDoc.NoteDoc_movePageIndex(com.samsung.android.sdk.pen.document.SpenPageDoc, int)
11-18 14:52:21.493  8236  8236 E art     :     81: boolean com.samsung.android.sdk.pen.document.SpenNoteDoc.NoteDoc_removeExtraDataByteArray(java.lang.String)
11-18 14:52:21.493  8236  8236 E art     :     82: boolean com.samsung.android.sdk.pen.document.SpenNoteDoc.NoteDoc_removeExtraDataInt(java.lang.String)
11-18 14:52:21.493  8236  8236 E art     :     83: boolean com.samsung.android.sdk.pen.document.SpenNoteDoc.NoteDoc_removeExtraDataString(java.lang.String)
11-18 14:52:21.493  8236  8236 E art     :     84: boolean com.samsung.android.sdk.pen.document.SpenNoteDoc.NoteDoc_removeExtraDataStringArray(java.lang.String)
11-18 14:52:21.493  8236  8236 E art     :     85: boolean com.samsung.android.sdk.pen.document.SpenNoteDoc.NoteDoc_removePage(int)
11-18 14:52:21.493  8236  8236 E art     :     86: boolean com.samsung.android.sdk.pen.document.SpenNoteDoc.NoteDoc_requestSave(java.lang.String)
11-18 14:52:21.493  8236  8236 E art     :     87: java.util.ArrayList com.samsung.android.sdk.pen.document.SpenNoteDoc.NoteDoc_restoreObjectList(java.lang.String)
11-18 14:52:21.493  8236  8236 E art     :     88: boolean com.samsung.android.sdk.pen.document.SpenNoteDoc.NoteDoc_revertToTemplatePage(int)
11-18 14:52:21.493  8236  8236 E art     :     89: boolean com.samsung.android.sdk.pen.document.SpenNoteDoc.NoteDoc_reviseObjectList(java.util.ArrayList)
11-18 14:52:21.493  8236  8236 E art     :     90: boolean com.samsung.android.sdk.pen.document.SpenNoteDoc.NoteDoc_save(java.io.ByteArrayOutputStream)
11-18 14:52:21.493  8236  8236 E art     :     91: boolean com.samsung.android.sdk.pen.document.SpenNoteDoc.NoteDoc_save(java.io.ByteArrayOutputStream, boolean)
11-18 14:52:21.493  8236  8236 E art     :     92: boolean com.samsung.android.sdk.pen.document.SpenNoteDoc.NoteDoc_save(java.io.FileDescriptor)
11-18 14:52:21.493  8236  8236 E art     :     93: boolean com.samsung.android.sdk.pen.document.SpenNoteDoc.NoteDoc_save(java.io.FileDescriptor, boolean)
11-18 14:52:21.493  8236  8236 E art     :     94: boolean com.samsung.android.sdk.pen.document.SpenNoteDoc.NoteDoc_save(java.lang.String)
11-18 14:52:21.493  8236  8236 E art     :     95: boolean com.samsung.android.sdk.pen.document.SpenNoteDoc.NoteDoc_save(java.lang.String, boolean)
11-18 14:52:21.493  8236  8236 E art     :     96: boolean com.samsung.android.sdk.pen.document.SpenNoteDoc.NoteDoc_setAppName(java.lang.String)
11-18 14:52:21.493  8236  8236 E art     :     97: boolean com.samsung.android.sdk.pen.document.SpenNoteDoc.NoteDoc_setAppVersion(int, int, java.lang.String)
11-18 14:52:21.493  8236  8236 E art     :     98: boolean com.samsung.android.sdk.pen.document.SpenNoteDoc.NoteDoc_setAuthorInfo(com.samsung.android.sdk.pen.document.SpenNoteDoc$AuthorInfo)
11-18 14:52:21.493  8236  8236 E art     :     99: boolean com.samsung.android.sdk.pen.document.SpenNoteDoc.NoteDoc_setCoverImage(java.lang.String)
11-18 14:52:21.493  8236  8236 E art     :     100: boolean com.samsung.android.sdk.pen.document.SpenNoteDoc.NoteDoc_setExtraDataByteArray(java.lang.String, byte[], int)
11-18 14:52:21.493  8236  8236 E art     :     101: boolean com.samsung.android.sdk.pen.document.SpenNoteDoc.NoteDoc_setExtraDataInt(java.lang.String, int)
11-18 14:52:21.493  8236  8236 E art     :     102: boolean com.samsung.android.sdk.pen.document.SpenNoteDoc.NoteDoc_setExtraDataString(java.lang.String, java.lang.String)
11-18 14:52:21.493  8236  8236 E art     :     103: boolean com.samsung.android.sdk.pen.document.SpenNoteDoc.NoteDoc_setExtraDataStringArray(java.lang.String, java.lang.String[], int)
11-18 14:52:21.493  8236  8236 E art     :     104: boolean com.samsung.android.sdk.pen.document.SpenNoteDoc.NoteDoc_setGeoTag(double, double)
11-18 14:52:21.493  8236  8236 E art     :     105: boolean com.samsung.android.sdk.pen.document.SpenNoteDoc.NoteDoc_setTemplateUri(java.lang.String)
11-18 14:52:21.493  8236  8236 E art     :     106: void com.samsung.android.sdk.pen.document.SpenNoteDoc.insertLog(java.lang.String, java.lang.String, int)
11-18 14:52:21.493  8236  8236 E art     :     107: void com.samsung.android.sdk.pen.document.SpenNoteDoc.insertLog(java.lang.String[], long[])
11-18 14:52:21.493  8236  8236 E art     :     108: boolean com.samsung.android.sdk.pen.document.SpenNoteDoc.isBuildTypeEngMode()
11-18 14:52:21.493  8236  8236 E art     :     109: void com.samsung.android.sdk.pen.document.SpenNoteDoc.throwUncheckedException(int)
11-18 14:52:21.493  8236  8236 E art     :   static fields (11 entries):
11-18 14:52:21.493  8236  8236 E art     :      0: int com.samsung.android.sdk.pen.document.SpenNoteDoc.MODE_READ_ONLY
11-18 14:52:21.493  8236  8236 E art     :      1: int com.samsung.android.sdk.pen.document.SpenNoteDoc.MODE_WRITABLE
11-18 14:52:21.493  8236  8236 E art     :      2: int com.samsung.android.sdk.pen.document.SpenNoteDoc.NATIVE_COMMAND_APPEND_PAGES
11-18 14:52:21.493  8236  8236 E art     :      3: int com.samsung.android.sdk.pen.document.SpenNoteDoc.NATIVE_COMMAND_DUMMY
11-18 14:52:21.493  8236  8236 E art     :      4: int com.samsung.android.sdk.pen.document.SpenNoteDoc.ORIENTATION_LANDSCAPE
11-18 14:52:21.493  8236  8236 E art     :      5: int com.samsung.android.sdk.pen.document.SpenNoteDoc.ORIENTATION_PORTRAIT
11-18 14:52:21.493  8236  8236 E art     :      6: java.lang.String com.samsung.android.sdk.pen.document.SpenNoteDoc.SCHEME_TEMPLATE_NAME
11-18 14:52:21.493  8236  8236 E art     :      7: boolean com.samsung.android.sdk.pen.document.SpenNoteDoc.sIsFeatureChecked
11-18 14:52:21.493  8236  8236 E art     :      8: boolean com.samsung.android.sdk.pen.document.SpenNoteDoc.sIsLogEnabled
11-18 14:52:21.493  8236  8236 E art     :      9: int com.samsung.android.sdk.pen.document.SpenNoteDoc.sSdkVersionCode
11-18 14:52:21.493  8236  8236 E art     :     10: java.lang.ref.WeakReference com.samsung.android.sdk.pen.document.SpenNoteDoc.sWeakContext
11-18 14:52:21.493  8236  8236 E art     :   instance fields (4 entries):
11-18 14:52:21.493  8236  8236 E art     :      0: boolean com.samsung.android.sdk.pen.document.SpenNoteDoc.is32Bit
11-18 14:52:21.493  8236  8236 E art     :      1: android.content.Context com.samsung.android.sdk.pen.document.SpenNoteDoc.mContext
11-18 14:52:21.493  8236  8236 E art     :      2: int com.samsung.android.sdk.pen.document.SpenNoteDoc.mHandle
11-18 14:52:21.493  8236  8236 E art     :      3: long com.samsung.android.sdk.pen.document.SpenNoteDoc.mHandle2
11-18 14:52:21.493  8236  8236 E art     : 
11-18 14:52:21.494  8236  8236 E Model   : NoteDoc OnLoad Fail!
11-18 14:52:21.494  8236  8236 E Model   : NoteFileSignature OnLoad Fail!
11-18 14:52:21.508  3640  4617 E         : TimaKeyStore: TZ_KEYSTORE_initialize failed : 65548
11-18 14:52:21.547  8236  8236 E art     : Failed to register native method com.samsung.android.sdk.pen.Spen.SPenSdk_removeUnusedCache(Ljava/lang/String;I)Z in /system/app/SamsungIMEv5_SYSTEMUID/SamsungIMEv5_SYSTEMUID.apk:classes10.dex
11-18 14:52:21.547  8236  8236 E art     : ----- class 'Lcom/samsung/android/sdk/pen/Spen;' cl=0x12c6e490 -----
11-18 14:52:21.547  8236  8236 E art     :   objectSize=874 (736 from super)
11-18 14:52:21.547  8236  8236 E art     :   access=0x0008.0001
11-18 14:52:21.547  8236  8236 E art     :   super='java.lang.Class<java.lang.Object>' (cl=0x0)
11-18 14:52:21.547  8236  8236 E art     :   interfaces (1):
11-18 14:52:21.547  8236  8236 E art     :      0: java.lang.Class<com.samsung.android.sdk.SsdkInterface> (cl=0x12c6e490)
11-18 14:52:21.547  8236  8236 E art     :   vtable (10 entries, 11 in super):
11-18 14:52:21.547  8236  8236 E art     :      0: int com.samsung.android.sdk.pen.Spen.SPEN_SDK_4_0_0(int)
11-18 14:52:21.547  8236  8236 E art     :      1: int com.samsung.android.sdk.pen.Spen.getVersionCode()
11-18 14:52:21.547  8236  8236 E art     :      2: java.lang.String com.samsung.android.sdk.pen.Spen.getVersionName()
11-18 14:52:21.547  8236  8236 E art     :      3: void com.samsung.android.sdk.pen.Spen.initialize(android.content.Context)
11-18 14:52:21.547  8236  8236 E art     :      4: void com.samsung.android.sdk.pen.Spen.initialize(android.content.Context, int)
11-18 14:52:21.547  8236  8236 E art     :      5: void com.samsung.android.sdk.pen.Spen.initialize(android.content.Context, int, int)
11-18 14:52:21.547  8236  8236 E art     :      6: void com.samsung.android.sdk.pen.Spen.initialize(android.content.Context, int, int, boolean)
11-18 14:52:21.547  8236  8236 E art     :      7: void com.samsung.android.sdk.pen.Spen.initialize(android.content.Context, int, int, boolean, java.lang.String)
11-18 14:52:21.547  8236  8236 E art     :      8: boolean com.samsung.android.sdk.pen.Spen.isFeatureEnabled(int)
11-18 14:52:21.547  8236  8236 E art     :      9: boolean com.samsung.android.sdk.pen.Spen.loadLibrary(java.lang.String)
11-18 14:52:21.547  8236  8236 E art     :   direct methods (10 entries):
11-18 14:52:21.547  8236  8236 E art     :      0: void com.samsung.android.sdk.pen.Spen.<clinit>()
11-18 14:52:21.547  8236  8236 E art     :      1: void com.samsung.android.sdk.pen.Spen.<init>()
11-18 14:52:21.547  8236  8236 E art     :      2: int com.samsung.android.sdk.pen.Spen.SPenSdk_OSType()
11-18 14:52:21.547  8236  8236 E art     :      3: boolean com.samsung.android.sdk.pen.Spen.SPenSdk_init(java.lang.String, int, int)
11-18 14:52:21.547  8236  8236 E art     :      4: boolean com.samsung.android.sdk.pen.Spen.SPenSdk_init2(java.lang.String, int, int, int)
11-18 14:52:21.547  8236  8236 E art     :      5: java.lang.String com.samsung.android.sdk.pen.Spen.getSpenPackageName()
11-18 14:52:21.547  8236  8236 E art     :      6: void com.samsung.android.sdk.pen.Spen.insertLog(android.content.Context)
11-18 14:52:21.547  8236  8236 E art     :      7: boolean com.samsung.android.sdk.pen.Spen.isLoadedSpen(java.lang.String)
11-18 14:52:21.547  8236  8236 E art     :      8: boolean com.samsung.android.sdk.pen.Spen.isPointerIconEnabled()
11-18 14:52:21.547  8236  8236 E art     :      9: int com.samsung.android.sdk.pen.Spen.osType()
11-18 14:52:21.547  8236  8236 E art     :   static fields (16 entries):
11-18 14:52:21.547  8236  8236 E art     :      0: int com.samsung.android.sdk.pen.Spen.DEFAULT_MAX_CACHE_SIZE
11-18 14:52:21.547  8236  8236 E art     :      1: int com.samsung.android.sdk.pen.Spen.DEVICE_PEN
11-18 14:52:21.547  8236  8236 E art     :      2: boolean com.samsung.android.sdk.pen.Spen.IS_SPEN_PRELOAD_MODE
11-18 14:52:21.547  8236  8236 E art     :      3: java.lang.String com.samsung.android.sdk.pen.Spen.LOG_TAG
11-18 14:52:21.547  8236  8236 E art     :      4: int com.samsung.android.sdk.pen.Spen.POINTER_ICON
11-18 14:52:21.547  8236  8236 E art     :      5: int com.samsung.android.sdk.pen.Spen.SPEN_APP_LIB_MODE
11-18 14:52:21.547  8236  8236 E art     :      6: java.lang.String com.samsung.android.sdk.pen.Spen.SPEN_NATIVE_PACKAGE_NAME
11-18 14:52:21.547  8236  8236 E art     :      7: java.lang.String com.samsung.android.sdk.pen.Spen.SPEN_NATIVE_PACKAGE_NAME_64BIT
11-18 14:52:21.547  8236  8236 E art     :      8: java.lang.String com.samsung.android.sdk.pen.Spen.SPEN_NATIVE_PACKAGE_NAME_PRELOAD
11-18 14:52:21.547  8236  8236 E art     :      9: int com.samsung.android.sdk.pen.Spen.SPEN_STATIC_LIB_MODE
11-18 14:52:21.547  8236  8236 E art     :     10: java.lang.String com.samsung.android.sdk.pen.Spen.VERSION
11-18 14:52:21.547  8236  8236 E art     :     11: int com.samsung.android.sdk.pen.Spen.VERSION_LEVEL
11-18 14:52:21.547  8236  8236 E art     :     12: boolean com.samsung.android.sdk.pen.Spen.mIsInitialized
11-18 14:52:21.547  8236  8236 E art     :     13: java.util.ArrayList com.samsung.android.sdk.pen.Spen.mLoadedSpenList
11-18 14:52:21.547  8236  8236 E art     :     14: java.lang.String com.samsung.android.sdk.pen.Spen.mSpenPackageName
11-18 14:52:21.547  8236  8236 E art     :     15: int com.samsung.android.sdk.pen.Spen.os
11-18 14:52:21.547  8236  8236 E art     :   instance fields (2 entries):
11-18 14:52:21.547  8236  8236 E art     :      0: android.content.Context com.samsung.android.sdk.pen.Spen.mContext
11-18 14:52:21.547  8236  8236 E art     :      1: int com.samsung.android.sdk.pen.Spen.mCreateMode
11-18 14:52:21.547  8236  8236 E art     : 
11-18 14:52:21.569  8319  8319 E [WeatherWidget(15503)]  WidgetCount: {[374860753549FBD2F918DC857B953F313E9B8F988E44851CE755F67D26C95D016AF425B8FD52D50AAADE15BD72796BD97B25BA6B1BDCA76BF677FE6939A5017D668B9E8EC407FA006075FF844D51C8FD9400AEE403E6DEC7D3F815F25E43901867B355D5E1B80C22A076B997AD520968371ABDEBA654476CC49C0CCD33CEA4A489A0C57739E14E2A476B42DA7A26D30D59D7DA05154E3563CAAA0A17792969B155FEA6E50C9AD41B085C7EFF1598DA8F490909B7EAB9742EC344F539A191602F]}
11-18 14:52:21.600  8338  8338 E BeaconManager: BeaconManager. mBeaconManagerWorkHandler - make beacon manager...
11-18 14:52:21.603  8364  8364 E Zygote  : v2
11-18 14:52:21.608  8364  8364 E Zygote  : accessInfo : 0
11-18 14:52:21.670  8236  8236 E SKBD    : DefaultKeySoundPath changed to:null
11-18 14:52:21.670  8236  8236 E SKBD    : BackspaceKeySoundPath changed to:null
11-18 14:52:21.706  8338  8338 E BeaconManager: BeaconManager. init -  -- init --
11-18 14:52:21.708  8338  8338 E BeaconManager: AppControlManager.getAcoountHash - no samsung account
11-18 14:52:21.721  8414  8414 E Zygote  : v2
11-18 14:52:21.722  8414  8414 E Zygote  : accessInfo : 0
11-18 14:52:21.778  8236  8236 E DecHandwriting: ---1---recgType-= eRecogType.RECOG_TEXT
11-18 14:52:21.903  8443  8443 E Zygote  : v2
11-18 14:52:21.904  8443  8443 E Zygote  : accessInfo : 0
11-18 14:52:21.919  8456  8456 E Zygote  : v2
11-18 14:52:21.920  8456  8456 E Zygote  : accessInfo : 0
11-18 14:52:22.064  8236  8302 E SamsungAnalytics111040: Fail to get Policy
11-18 14:52:22.112  8236  8236 E SKBD    : ET9KDB_GetPageNum : 2
11-18 14:52:22.115  8236  8236 E SKBD    : ET9KDB_SetAmbigMode : 2
11-18 14:52:22.159  8236  8236 E SKBD    : ET9KDB_Init : 10
11-18 14:52:22.163  8236  8236 E SKBD    : ET9KDB_Validate : 10
11-18 14:52:22.194  8495  8495 E Zygote  : v2
11-18 14:52:22.194  8236  8236 E InputEngineManagerImpl: InputEngineManagerImpl.updateEngine(): Reached in exception , Returned zero
11-18 14:52:22.194  8495  8495 E Zygote  : accessInfo : 0
11-18 14:52:22.267  4776  4776 E BoostFramework: BoostFramework() : Exception_1 = java.lang.ClassNotFoundException: Didn't find class "com.qualcomm.qti.Performance" on path: DexPathList[[],nativeLibraryDirectories=[/system/lib64, /vendor/lib64]]
11-18 14:52:22.287  8236  8236 E SKBD    : ET9KDB_GetPageNum : 39
11-18 14:52:22.288  8236  8236 E SKBD    : ET9KDB_SetAmbigMode : 39
11-18 14:52:22.410  3975  3975 E PowerUI.Notification: playPowerSound : NotificationPlayer is null
11-18 14:52:22.462  8533  8533 E Zygote  : v2
11-18 14:52:22.463  8533  8533 E Zygote  : isSdpEnabledProcess - SDP enabled
11-18 14:52:22.464  8533  8533 E Zygote  : accessInfo : 64
11-18 14:52:22.464  8533  8533 E Zygote  : isSdpEnabledProcess - SDP enabled
11-18 14:52:22.464  8533  8533 E Zygote  : setSDPgroupsIntarray[pid]: 0 / [gid]: 10070 / [uid]: 10070
11-18 14:52:22.496  3975  3975 E DVFSHelper: This API(DVFSHelper) is no longer supported from NOS version
11-18 14:52:22.513  4114  7211 E Auth    : [GoogleAccountDataServiceImpl] getToken() -> NETWORK_ERROR. Account: <ELLIDED:85879595>, App: com.google.android.talk, Service: oauth2:https://www.googleapis.com/auth/chat openid https://www.googleapis.com/auth/peopleapi.readwrite https://www.googleapis.com/auth/hangouts https://www.googleapis.com/auth/chat.native https://www.googleapis.com/auth/photos.firstparty.upload 
11-18 14:52:22.515  7334  7427 E hka     : Babel: Network error while getting auth token
11-18 14:52:22.516  7334  7427 E hka     : Babel: ewa: Cannot get auth token
11-18 14:52:22.516  7334  7427 E hka     : 	at hdk.a(SourceFile:14)
11-18 14:52:22.516  7334  7427 E hka     : 	at ewb.a(SourceFile:52)
11-18 14:52:22.516  7334  7427 E hka     : 	at ewb.a(SourceFile:1)
11-18 14:52:22.516  7334  7427 E hka     : 	at fyt.a(SourceFile:48)
11-18 14:52:22.516  7334  7427 E hka     : 	at fyt.b(SourceFile:122)
11-18 14:52:22.516  7334  7427 E hka     : 	at fyt.a(SourceFile:30)
11-18 14:52:22.516  7334  7427 E hka     : 	at frr.a(SourceFile:44)
11-18 14:52:22.516  7334  7427 E hka     : 	at frr.b(SourceFile:21)
11-18 14:52:22.516  7334  7427 E hka     : 	at fti.a(SourceFile:24)
11-18 14:52:22.516  7334  7427 E hka     : 	at gcl.a(SourceFile:60)
11-18 14:52:22.516  7334  7427 E hka     : 	at bsn.call(Unknown Source)
11-18 14:52:22.516  7334  7427 E hka     : 	at ghb.a(SourceFile:4)
11-18 14:52:22.516  7334  7427 E hka     : 	at bsl.run(SourceFile:29)
11-18 14:52:22.516  7334  7427 E hka     : 	at java.util.concurrent.ThreadPoolExecutor.runWorker(ThreadPoolExecutor.java:1133)
11-18 14:52:22.516  7334  7427 E hka     : 	at java.util.concurrent.ThreadPoolExecutor$Worker.run(ThreadPoolExecutor.java:607)
11-18 14:52:22.516  7334  7427 E hka     : 	at bsv.run(SourceFile:5)
11-18 14:52:22.516  7334  7427 E hka     : 	at java.lang.Thread.run(Thread.java:762)
11-18 14:52:22.516  7334  7427 E hka     : Caused by: java.io.IOException: NetworkError
11-18 14:52:22.516  7334  7427 E hka     : 	at hqt.a(SourceFile:36)
11-18 14:52:22.516  7334  7427 E hka     : 	at hqi.a(SourceFile:61)
11-18 14:52:22.516  7334  7427 E hka     : 	at hqi.b(SourceFile:15)
11-18 14:52:22.516  7334  7427 E hka     : 	at hqj.d(SourceFile:31)
11-18 14:52:22.516  7334  7427 E hka     : 	at ivs.b(SourceFile:15)
11-18 14:52:22.516  7334  7427 E hka     : 	at hdk.a(SourceFile:11)
11-18 14:52:22.516  7334  7427 E hka     : 	... 16 more
11-18 14:52:22.516  7334  7427 E hka     : 
11-18 14:52:22.516  7334  7427 E hka     : ewa: Cannot get auth token
11-18 14:52:22.516  7334  7427 E hka     : 	at hdk.a(SourceFile:14)
11-18 14:52:22.516  7334  7427 E hka     : 	at ewb.a(SourceFile:52)
11-18 14:52:22.516  7334  7427 E hka     : 	at ewb.a(SourceFile:1)
11-18 14:52:22.516  7334  7427 E hka     : 	at fyt.a(SourceFile:48)
11-18 14:52:22.516  7334  7427 E hka     : 	at fyt.b(SourceFile:122)
11-18 14:52:22.516  7334  7427 E hka     : 	at fyt.a(SourceFile:30)
11-18 14:52:22.516  7334  7427 E hka     : 	at frr.a(SourceFile:44)
11-18 14:52:22.516  7334  7427 E hka     : 	at frr.b(SourceFile:21)
11-18 14:52:22.516  7334  7427 E hka     : 	at fti.a(SourceFile:24)
11-18 14:52:22.516  7334  7427 E hka     : 	at gcl.a(SourceFile:60)
11-18 14:52:22.516  7334  7427 E hka     : 	at bsn.call(Unknown Source)
11-18 14:52:22.516  7334  7427 E hka     : 	at ghb.a(SourceFile:4)
11-18 14:52:22.516  7334  7427 E hka     : 	at bsl.run(SourceFile:29)
11-18 14:52:22.516  7334  7427 E hka     : 	at java.util.concurrent.ThreadPoolExecutor.runWorker(ThreadPoolExecutor.java:1133)
11-18 14:52:22.516  7334  7427 E hka     : 	at java.util.concurrent.ThreadPoolExecutor$Worker.run(ThreadPoolExecutor.java:607)
11-18 14:52:22.516  7334  7427 E hka     : 	at bsv.run(SourceFile:5)
11-18 14:52:22.516  7334  7427 E hka     : 	at java.lang.Thread.run(Thread.java:762)
11-18 14:52:22.516  7334  7427 E hka     : Caused by: java.io.IOException: NetworkError
11-18 14:52:22.516  7334  7427 E hka     : 	at hqt.a(SourceFile:36)
11-18 14:52:22.516  7334  7427 E hka     : 	at hqi.a(SourceFile:61)
11-18 14:52:22.516  7334  7427 E hka     : 	at hqi.b(SourceFile:15)
11-18 14:52:22.516  7334  7427 E hka     : 	at hqj.d(SourceFile:31)
11-18 14:52:22.516  7334  7427 E hka     : 	at ivs.b(SourceFile:15)
11-18 14:52:22.516  7334  7427 E hka     : 	at hdk.a(SourceFile:11)
11-18 14:52:22.516  7334  7427 E hka     : 	... 16 more
11-18 14:52:22.589  8236  8491 E TextRecognizerImpl: Flag(mbLanguageManager) is true
11-18 14:52:22.610  8236  8491 E LanguageManager: size of installed list = []
11-18 14:52:22.651  8236  8236 E TextRecognizerImpl: Flag(mbLanguageManager) is true
11-18 14:52:22.660  8236  8236 E LanguageManager: size of installed list = []
11-18 14:52:22.660  8236  8236 E HWRManager: WritingBuddyRecognitionManager  checkLanguageInstalled languageName : en_GB
11-18 14:52:22.660  8236  8236 E TextRecognizerImpl: Flag(mbLanguageManager) is true
11-18 14:52:22.668  8236  8236 E LanguageManager: size of installed list = []
11-18 14:52:22.669  8236  8236 E HWRManager: getSupportedLanguages List : []
11-18 14:52:22.669  8236  8236 E HWRManager: LanguageList does not contain : en_GB
11-18 14:52:22.669  8236  8236 E HWRManager: WritingBuddyRecognitionManager  checkLanguageInstalled languageName : en_US
11-18 14:52:22.669  8236  8236 E HWRManager: LanguageList does not contain : en_US
11-18 14:52:22.669  8236  8236 E HWRManager: WritingBuddyRecognitionManager  checkLanguageInstalled languageName : en_AU
11-18 14:52:22.669  8236  8236 E HWRManager: LanguageList does not contain : en_AU
11-18 14:52:22.669  8236  8236 E HWRManager: WritingBuddyRecognitionManager  checkLanguageInstalled languageName : af_ZA
11-18 14:52:22.669  8236  8236 E HWRManager: LanguageList does not contain : af_ZA
11-18 14:52:22.669  8236  8236 E HWRManager: WritingBuddyRecognitionManager  checkLanguageInstalled languageName : az_AZ
11-18 14:52:22.669  8236  8236 E HWRManager: LanguageList does not contain : az_AZ
11-18 14:52:22.669  8236  8236 E HWRManager: WritingBuddyRecognitionManager  checkLanguageInstalled languageName : jv_ID
11-18 14:52:22.669  8236  8236 E HWRManager: LanguageList does not contain : jv_ID
11-18 14:52:22.669  8236  8236 E HWRManager: WritingBuddyRecognitionManager  checkLanguageInstalled languageName : su_ID
11-18 14:52:22.669  8236  8236 E HWRManager: LanguageList does not contain : su_ID
11-18 14:52:22.669  8236  8236 E HWRManager: WritingBuddyRecognitionManager  checkLanguageInstalled languageName : bs
11-18 14:52:22.669  8236  8236 E HWRManager: LanguageList does not contain : bs
11-18 14:52:22.669  8236  8236 E HWRManager: WritingBuddyRecognitionManager  checkLanguageInstalled languageName : ca_ES
11-18 14:52:22.669  8236  8236 E HWRManager: LanguageList does not contain : ca_ES
11-18 14:52:22.669  8236  8236 E HWRManager: WritingBuddyRecognitionManager  checkLanguageInstalled languageName : cs_CZ
11-18 14:52:22.669  8236  8236 E HWRManager: LanguageList does not contain : cs_CZ
11-18 14:52:22.669  8236  8236 E HWRManager: WritingBuddyRecognitionManager  checkLanguageInstalled languageName : da_DK
11-18 14:52:22.669  8236  8236 E HWRManager: LanguageList does not contain : da_DK
11-18 14:52:22.669  8236  8236 E HWRManager: WritingBuddyRecognitionManager  checkLanguageInstalled languageName : de_DE
11-18 14:52:22.669  8236  8236 E HWRManager: LanguageList does not contain : de_DE
11-18 14:52:22.669  8236  8236 E HWRManager: WritingBuddyRecognitionManager  checkLanguageInstalled languageName : et_EE
11-18 14:52:22.669  8236  8236 E HWRManager: LanguageList does not contain : et_EE
11-18 14:52:22.669  8236  8236 E HWRManager: WritingBuddyRecognitionManager  checkLanguageInstalled languageName : es_ES
11-18 14:52:22.669  8236  8236 E HWRManager: LanguageList does not contain : es_ES
11-18 14:52:22.669  8236  8236 E HWRManager: WritingBuddyRecognitionManager  checkLanguageInstalled languageName : es_ES
11-18 14:52:22.669  8236  8236 E HWRManager: LanguageList does not contain : es_ES
11-18 14:52:22.669  8236  8236 E HWRManager: WritingBuddyRecognitionManager  checkLanguageInstalled languageName : es_US
11-18 14:52:22.670  8236  8236 E HWRManager: LanguageList does not contain : es_US
11-18 14:52:22.670  8236  8236 E HWRManager: WritingBuddyRecognitionManager  checkLanguageInstalled languageName : eu_ES
11-18 14:52:22.670  8236  8236 E HWRManager: LanguageList does not contain : eu_ES
11-18 14:52:22.670  8236  8236 E HWRManager: WritingBuddyRecognitionManager  checkLanguageInstalled languageName : el_GR
11-18 14:52:22.670  8236  8236 E HWRManager: LanguageList does not contain : el_GR
11-18 14:52:22.670  8236  8236 E HWRManager: WritingBuddyRecognitionManager  checkLanguageInstalled languageName : tl
11-18 14:52:22.670  8236  8236 E HWRManager: LanguageList does not contain : tl
11-18 14:52:22.670  8236  8236 E HWRManager: WritingBuddyRecognitionManager  checkLanguageInstalled languageName : fr_FR
11-18 14:52:22.670  8236  8236 E HWRManager: LanguageList does not contain : fr_FR
11-18 14:52:22.670  8236  8236 E HWRManager: WritingBuddyRecognitionManager  checkLanguageInstalled languageName : fr_CA
11-18 14:52:22.670  8236  8236 E HWRManager: LanguageList does not contain : fr_CA
11-18 14:52:22.670  8236  8236 E HWRManager: WritingBuddyRecognitionManager  checkLanguageInstalled languageName : fr_FR
11-18 14:52:22.670  8236  8236 E HWRManager: LanguageList does not contain : fr_FR
11-18 14:52:22.670  8236  8236 E HWRManager: WritingBuddyRecognitionManager  checkLanguageInstalled languageName : ga_IE
11-18 14:52:22.670  8236  8236 E HWRManager: LanguageList does not contain : ga_IE
11-18 14:52:22.670  8236  8236 E HWRManager: WritingBuddyRecognitionManager  checkLanguageInstalled languageName : gl_ES
11-18 14:52:22.670  8236  8236 E HWRManager: LanguageList does not contain : gl_ES
11-18 14:52:22.670  8236  8236 E HWRManager: WritingBuddyRecognitionManager  checkLanguageInstalled languageName : ka_GE
11-18 14:52:22.670  8236  8236 E HWRManager: LanguageList does not contain : ka_GE
11-18 14:52:22.670  8236  8236 E HWRManager: WritingBuddyRecognitionManager  checkLanguageInstalled languageName : hr_HR
11-18 14:52:22.670  8236  8236 E HWRManager: LanguageList does not contain : hr_HR
11-18 14:52:22.670  8236  8236 E HWRManager: WritingBuddyRecognitionManager  checkLanguageInstalled languageName : it_IT
11-18 14:52:22.670  8236  8236 E HWRManager: LanguageList does not contain : it_IT
11-18 14:52:22.670  8236  8236 E HWRManager: WritingBuddyRecognitionManager  checkLanguageInstalled languageName : is_IS
11-18 14:52:22.670  8236  8236 E HWRManager: LanguageList does not contain : is_IS
11-18 14:52:22.670  8236  8236 E HWRManager: WritingBuddyRecognitionManager  checkLanguageInstalled languageName : id_ID
11-18 14:52:22.670  8236  8236 E HWRManager: LanguageList does not contain : id_ID
11-18 14:52:22.670  8236  8236 E HWRManager: WritingBuddyRecognitionManager  checkLanguageInstalled languageName : kk_KZ
11-18 14:52:22.670  8236  8236 E HWRManager: LanguageList does not contain : kk_KZ
11-18 14:52:22.670  8236  8236 E HWRManager: WritingBuddyRecognitionManager  checkLanguageInstalled languageName : lv_LV
11-18 14:52:22.670  8236  8236 E HWRManager: LanguageList does not contain : lv_LV
11-18 14:52:22.670  8236  8236 E HWRManager: WritingBuddyRecognitionManager  checkLanguageInstalled languageName : lt_LT
11-18 14:52:22.670  8236  8236 E HWRManager: LanguageList does not contain : lt_LT
11-18 14:52:22.670  8236  8236 E HWRManager: WritingBuddyRecognitionManager  checkLanguageInstalled languageName : ms_MY
11-18 14:52:22.670  8236  8236 E HWRManager: LanguageList does not contain : ms_MY
11-18 14:52:22.670  8236  8236 E HWRManager: WritingBuddyRecognitionManager  checkLanguageInstalled languageName : hu_HU
11-18 14:52:22.670  8236  8236 E HWRManager: LanguageList does not contain : hu_HU
11-18 14:52:22.670  8236  8236 E HWRManager: WritingBuddyRecognitionManager  checkLanguageInstalled languageName : nb_NO
11-18 14:52:22.670  8236  8236 E HWRManager: LanguageList does not contain : nb_NO
11-18 14:52:22.670  8236  8236 E HWRManager: WritingBuddyRecognitionManager  checkLanguageInstalled languageName : nl_NL
11-18 14:52:22.671  8236  8236 E HWRManager: LanguageList does not contain : nl_NL
11-18 14:52:22.671  8236  8236 E HWRManager: WritingBuddyRecognitionManager  checkLanguageInstalled languageName : pl_PL
11-18 14:52:22.671  8236  8236 E HWRManager: LanguageList does not contain : pl_PL
11-18 14:52:22.671  8236  8236 E HWRManager: WritingBuddyRecognitionManager  checkLanguageInstalled languageName : pt_PT
11-18 14:52:22.671  8236  8236 E HWRManager: LanguageList does not contain : pt_PT
11-18 14:52:22.671  8236  8236 E HWRManager: WritingBuddyRecognitionManager  checkLanguageInstalled languageName : pt_PT
11-18 14:52:22.671  8236  8236 E HWRManager: LanguageList does not contain : pt_PT
11-18 14:52:22.671  8236  8236 E HWRManager: WritingBuddyRecognitionManager  checkLanguageInstalled languageName : pt_BR
11-18 14:52:22.671  8236  8236 E HWRManager: LanguageList does not contain : pt_BR
11-18 14:52:22.671  8236  8236 E HWRManager: WritingBuddyRecognitionManager  checkLanguageInstalled languageName : ru_RU
11-18 14:52:22.672  8236  8236 E HWRManager: LanguageList does not contain : ru_RU
11-18 14:52:22.672  8236  8236 E HWRManager: WritingBuddyRecognitionManager  checkLanguageInstalled languageName : ro_RO
11-18 14:52:22.672  8236  8236 E HWRManager: LanguageList does not contain : ro_RO
11-18 14:52:22.672  8236  8236 E HWRManager: WritingBuddyRecognitionManager  checkLanguageInstalled languageName : sq_AL
11-18 14:52:22.672  8236  8236 E HWRManager: LanguageList does not contain : sq_AL
11-18 14:52:22.672  8236  8236 E HWRManager: WritingBuddyRecognitionManager  checkLanguageInstalled languageName : fi_FI
11-18 14:52:22.672  8236  8236 E HWRManager: LanguageList does not contain : fi_FI
11-18 14:52:22.672  8236  8236 E HWRManager: WritingBuddyRecognitionManager  checkLanguageInstalled languageName : sr_RS
11-18 14:52:22.672  8236  8236 E HWRManager: LanguageList does not contain : sr_RS
11-18 14:52:22.672  8236  8236 E HWRManager: WritingBuddyRecognitionManager  checkLanguageInstalled languageName : sk_SK
11-18 14:52:22.672  8236  8236 E HWRManager: LanguageList does not contain : sk_SK
11-18 14:52:22.672  8236  8236 E HWRManager: WritingBuddyRecognitionManager  checkLanguageInstalled languageName : sl_SI
11-18 14:52:22.672  8236  8236 E HWRManager: LanguageList does not contain : sl_SI
11-18 14:52:22.672  8236  8236 E HWRManager: WritingBuddyRecognitionManager  checkLanguageInstalled languageName : sv_SE
11-18 14:52:22.672  8236  8236 E HWRManager: LanguageList does not contain : sv_SE
11-18 14:52:22.672  8236  8236 E HWRManager: WritingBuddyRecognitionManager  checkLanguageInstalled languageName : th_TH
11-18 14:52:22.672  8236  8236 E HWRManager: LanguageList does not contain : th_TH
11-18 14:52:22.672  8236  8236 E HWRManager: WritingBuddyRecognitionManager  checkLanguageInstalled languageName : tr_TR
11-18 14:52:22.672  8236  8236 E HWRManager: LanguageList does not contain : tr_TR
11-18 14:52:22.672  8236  8236 E HWRManager: WritingBuddyRecognitionManager  checkLanguageInstalled languageName : vi_VN
11-18 14:52:22.672  8236  8236 E HWRManager: LanguageList does not contain : vi_VN
11-18 14:52:22.672  8236  8236 E HWRManager: WritingBuddyRecognitionManager  checkLanguageInstalled languageName : uk_UA
11-18 14:52:22.672  8236  8236 E HWRManager: LanguageList does not contain : uk_UA
11-18 14:52:22.672  8236  8236 E HWRManager: WritingBuddyRecognitionManager  checkLanguageInstalled languageName : ko_KR
11-18 14:52:22.672  8236  8236 E HWRManager: LanguageList does not contain : ko_KR
11-18 14:52:22.672  8236  8236 E HWRManager: WritingBuddyRecognitionManager  checkLanguageInstalled languageName : ja_JP
11-18 14:52:22.672  8236  8236 E HWRManager: LanguageList does not contain : ja_JP
11-18 14:52:22.672  8236  8236 E HWRManager: WritingBuddyRecognitionManager  checkLanguageInstalled languageName : zh_HK
11-18 14:52:22.672  8236  8236 E HWRManager: LanguageList does not contain : zh_HK
11-18 14:52:22.672  8236  8236 E HWRManager: WritingBuddyRecognitionManager  checkLanguageInstalled languageName : zh_CN
11-18 14:52:22.672  8236  8236 E HWRManager: LanguageList does not contain : zh_CN
11-18 14:52:22.672  8236  8236 E HWRManager: WritingBuddyRecognitionManager  checkLanguageInstalled languageName : zh_TW
11-18 14:52:22.672  8236  8236 E HWRManager: LanguageList does not contain : zh_TW
