11-18 15:02:37.850 10451 10553 E PlayCommon: [144] aipb.c(10): Failed to connect to server for server timestamp: java.net.UnknownHostException: Unable to resolve host "play.googleapis.com": No address associated with hostname
11-18 15:02:37.859 10451 10553 E PlayCommon: [144] aipb.c(190): Failed to connect to server: java.net.UnknownHostException: Unable to resolve host "play.googleapis.com": No address associated with hostname
11-18 15:02:37.952 10451 10486 E PlayCommon: [112] aipb.c(10): Failed to connect to server for server timestamp: java.net.UnknownHostException: Unable to resolve host "play.googleapis.com": No address associated with hostname
11-18 15:02:38.129  4114  6558 E Auth    : [GoogleAccountDataServiceImpl] getToken() -> NETWORK_ERROR. Account: <ELLIDED:85879595>, App: com.android.vending, Service: oauth2:https://www.googleapis.com/auth/googleplay
11-18 15:02:38.140 10451 10486 E PlayCommon: [112] aipb.a(7): Failed to get auth token: java.io.IOException: NetworkError
11-18 15:02:38.252  5059 11727 E         : Error communicating to API: https://prod.yana.asideas.de/api/v2/categories/version
11-18 15:02:38.252  5059 11727 E         : retrofit.RetrofitError: Unable to resolve host "prod.yana.asideas.de": No address associated with hostname
11-18 15:02:38.252  5059 11727 E         : 	at retrofit.RestAdapter$RestHandler.invokeRequest(RestAdapter.java:395)
11-18 15:02:38.252  5059 11727 E         : 	at retrofit.RestAdapter$RestHandler.access$100(RestAdapter.java:220)
11-18 15:02:38.252  5059 11727 E         : 	at retrofit.RestAdapter$RestHandler$1.invoke(RestAdapter.java:265)
11-18 15:02:38.252  5059 11727 E         : 	at retrofit.RxSupport$2.run(RxSupport.java:55)
11-18 15:02:38.252  5059 11727 E         : 	at java.util.concurrent.Executors$RunnableAdapter.call(Executors.java:428)
11-18 15:02:38.252  5059 11727 E         : 	at java.util.concurrent.FutureTask.run(FutureTask.java:237)
11-18 15:02:38.252  5059 11727 E         : 	at java.util.concurrent.ThreadPoolExecutor.runWorker(ThreadPoolExecutor.java:1133)
11-18 15:02:38.252  5059 11727 E         : 	at java.util.concurrent.ThreadPoolExecutor$Worker.run(ThreadPoolExecutor.java:607)
11-18 15:02:38.252  5059 11727 E         : 	at retrofit.Platform$Android$2$1.run(Platform.java:142)
11-18 15:02:38.252  5059 11727 E         : 	at java.lang.Thread.run(Thread.java:762)
11-18 15:02:38.252  5059 11727 E         : Caused by: java.net.UnknownHostException: Unable to resolve host "prod.yana.asideas.de": No address associated with hostname
11-18 15:02:38.252  5059 11727 E         : 	at java.net.Inet6AddressImpl.lookupHostByName(Inet6AddressImpl.java:125)
11-18 15:02:38.252  5059 11727 E         : 	at java.net.Inet6AddressImpl.lookupAllHostAddr(Inet6AddressImpl.java:74)
11-18 15:02:38.252  5059 11727 E         : 	at java.net.InetAddress.getAllByName(InetAddress.java:752)
11-18 15:02:38.252  5059 11727 E         : 	at com.squareup.okhttp.Dns$1.lookup(Dns.java:39)
11-18 15:02:38.252  5059 11727 E         : 	at com.squareup.okhttp.internal.http.RouteSelector.resetNextInetSocketAddress(RouteSelector.java:175)
11-18 15:02:38.252  5059 11727 E         : 	at com.squareup.okhttp.internal.http.RouteSelector.nextProxy(RouteSelector.java:141)
11-18 15:02:38.252  5059 11727 E         : 	at com.squareup.okhttp.internal.http.RouteSelector.next(RouteSelector.java:83)
11-18 15:02:38.252  5059 11727 E         : 	at com.squareup.okhttp.internal.http.StreamAllocation.findConnection(StreamAllocation.java:174)
11-18 15:02:38.252  5059 11727 E         : 	at com.squareup.okhttp.internal.http.StreamAllocation.findHealthyConnection(StreamAllocation.java:126)
11-18 15:02:38.252  5059 11727 E         : 	at com.squareup.okhttp.internal.http.StreamAllocation.newStream(StreamAllocation.java:95)
11-18 15:02:38.252  5059 11727 E         : 	at com.squareup.okhttp.internal.http.HttpEngine.connect(HttpEngine.java:281)
11-18 15:02:38.252  5059 11727 E         : 	at com.squareup.okhttp.internal.http.HttpEngine.sendRequest(HttpEngine.java:224)
11-18 15:02:38.252  5059 11727 E         : 	at com.squareup.okhttp.Call.getResponse(Call.java:286)
11-18 15:02:38.252  5059 11727 E         : 	at com.squareup.okhttp.Call$ApplicationInterceptorChain.proceed(Call.java:243)
11-18 15:02:38.252  5059 11727 E         : 	at com.squareup.okhttp.Call.getResponseWithInterceptorChain(Call.java:205)
11-18 15:02:38.252  5059 11727 E         : 	at com.squareup.okhttp.Call.execute(Call.java:80)
11-18 15:02:38.252  5059 11727 E         : 	at retrofit.client.OkClient.execute(OkClient.java:53)
11-18 15:02:38.252  5059 11727 E         : 	at retrofit.RestAdapter$RestHandler.invokeRequest(RestAdapter.java:326)
11-18 15:02:38.252  5059 11727 E         : 	... 9 more
11-18 15:02:38.252  5059 11727 E         : Caused by: android.system.GaiException: android_getaddrinfo failed: EAI_NODATA (No address associated with hostname)
11-18 15:02:38.252  5059 11727 E         : 	at libcore.io.Posix.android_getaddrinfo(Native Method)
11-18 15:02:38.252  5059 11727 E         : 	at libcore.io.ForwardingOs.android_getaddrinfo(ForwardingOs.java:55)
11-18 15:02:38.252  5059 11727 E         : 	at java.net.Inet6AddressImpl.lookupHostByName(Inet6AddressImpl.java:106)
11-18 15:02:38.252  5059 11727 E         : 	... 26 more
11-18 15:02:38.252  5059 11727 E         : 
11-18 15:02:38.564  4656 11717 E SecNfcJni: PeerToPeer::disconnectConnOriented: can't find connection handle: 23
11-18 15:02:38.646  4656 11717 E SecNfcJni: PeerToPeer::disconnectConnOriented: can't find connection handle: 25
11-18 15:02:38.647  4656  4656 E NfcP2pLinkManager: Could not connect required NFC transports
11-18 15:02:41.834  4656  4656 E NfcLogManager: insertLog::json.toString()=extra=2 app_id=com.android.nfc feature=NF04
11-18 15:02:41.919  4656  4656 E NfcService: big data log
11-18 15:02:41.919  4656  4656 E NfcService: makeAndSendLog - start
11-18 15:02:41.919  4656  4656 E NfcLogManager: insertLog::json.toString()=extra={"EV_TYP":"P2P TRY","DE_COV":"2","DE_VEN":"S.LSI","DE_FWV":"2.2.9"} app_id=com.android.nfc feature=P2PF
11-18 15:02:41.980  4656  4656 E NfcService: makeAndSendLog - finish
11-18 15:02:42.071  3640  7113 E Tethering: No numeric data
11-18 15:02:42.077  3640  4531 E Tethering: No numeric data
11-18 15:02:42.081  3640  4617 E Tethering: No numeric data
11-18 15:02:42.357  4656  5957 E SecNfcNfa: nfa_p2p_proc_llcp_disconnect_ind (): Link deactivated
11-18 15:02:42.357  4656 11695 E SecNfcJni: PeerToPeer::disconnectConnOriented: can't find connection handle: 26
11-18 15:02:42.358  4656  5957 E SecNfcJni: PeerToPeer::P2pErrorEventHandler: unknown event
11-18 15:02:42.360  4656 11695 E SecNfcNfa: NFA_P2pConnectByName (): MIU(128) must be between 128 and 2175 or LLCP link is not activated
11-18 15:02:42.361  4656 11695 E SecNfcJni: PeerToPeer::createDataLinkConn: fail; error=0x3
11-18 15:02:42.361  4656 11695 E SecNfcJni: PeerToPeer::disconnectConnOriented: can't find connection handle: 28
11-18 15:02:44.410  4656  5957 E SecNfcNfa: nfc_wait_2_deactivate_timeout
11-18 15:02:46.657  4797  4871 E ContactsProvider_EventLog: Flush buffer to file cnt : 1 size : 0Kb duration : 3ms lastUpdatedAfter : 60073 ms mFlush_time_threasold : 2000 mCurrentSize : 278
11-18 15:02:48.155  4656  4656 E NfcLogManager: insertLog::json.toString()=extra=2 app_id=com.android.nfc feature=NF04
11-18 15:02:48.236  4656  4656 E NfcService: big data log
11-18 15:02:48.236  4656  4656 E NfcService: makeAndSendLog - start
11-18 15:02:48.237  4656  4656 E NfcLogManager: insertLog::json.toString()=extra={"EV_TYP":"P2P TRY","DE_COV":"2","DE_VEN":"S.LSI","DE_FWV":"2.2.9"} app_id=com.android.nfc feature=P2PF
11-18 15:02:48.301  4656  4656 E NfcService: makeAndSendLog - finish
11-18 15:02:48.342  3640  4547 E Tethering: No numeric data
11-18 15:02:48.346  3640  7112 E Tethering: No numeric data
11-18 15:02:48.351  3640  4571 E Tethering: No numeric data
11-18 15:02:50.017  4656 11716 E SecNfcJni: PeerToPeer::disconnectConnOriented: can't find connection handle: 29
11-18 15:02:50.103  4656 11716 E SecNfcJni: PeerToPeer::disconnectConnOriented: can't find connection handle: 31
11-18 15:02:50.104  4656  4656 E NfcP2pLinkManager: Could not connect required NFC transports
11-18 15:02:50.605  4656  5957 E SecNfcNfa: nfa_dm_check_set_config () p_stored=1070857695, p_value=550510608, p_cur_len=1070857696
11-18 15:02:50.731  4656  5957 E SecNfcNfa: nfa_dm_check_set_config () p_stored=1070857695, p_value=550510608, p_cur_len=1070857696
11-18 15:02:50.860  4656  5957 E SecNfcNfa: nfa_dm_check_set_config () p_stored=1070857695, p_value=550510608, p_cur_len=1070857696
11-18 15:02:51.894  4656  4656 E NfcLogManager: insertLog::json.toString()=extra=2 app_id=com.android.nfc feature=NF04
11-18 15:02:51.968  4656  4656 E NfcService: big data log
11-18 15:02:51.968  4656  4656 E NfcService: makeAndSendLog - start
11-18 15:02:51.968  4656  4656 E NfcLogManager: insertLog::json.toString()=extra={"EV_TYP":"P2P TRY","DE_COV":"2","DE_VEN":"S.LSI","DE_FWV":"2.2.9"} app_id=com.android.nfc feature=P2PF
11-18 15:02:52.024  4656  4656 E NfcService: makeAndSendLog - finish
11-18 15:02:52.078  3640  3869 E Tethering: No numeric data
11-18 15:02:52.082  3640  3654 E Tethering: No numeric data
11-18 15:02:52.090  3640  3920 E Tethering: No numeric data
11-18 15:02:53.803  4656 11697 E SecNfcJni: PeerToPeer::disconnectConnOriented: can't find connection handle: 32
11-18 15:02:53.841  4656 11697 E SecNfcJni: PeerToPeer::disconnectConnOriented: can't find connection handle: 34
11-18 15:02:53.842  4656  4656 E NfcP2pLinkManager: Could not connect required NFC transports
11-18 15:02:56.322  4114 11773 E WakeLock: GCM_HB_ALARM release without a matched acquire!
11-18 15:03:05.958  4656  5957 E SecNfcJni: PeerToPeer::P2pErrorEventHandler: unknown event
11-18 15:03:08.012  4656  5957 E SecNfcNfa: nfc_wait_2_deactivate_timeout
11-18 15:03:13.272  4656  4656 E NfcLogManager: insertLog::json.toString()=extra=2 app_id=com.android.nfc feature=NF04
11-18 15:03:13.363  4656  4656 E NfcService: big data log
11-18 15:03:13.363  4656  4656 E NfcService: makeAndSendLog - start
11-18 15:03:13.364  4656  4656 E NfcLogManager: insertLog::json.toString()=extra={"EV_TYP":"P2P TRY","DE_COV":"2","DE_VEN":"S.LSI","DE_FWV":"2.2.9"} app_id=com.android.nfc feature=P2PF
11-18 15:03:13.434  4656  4656 E NfcService: makeAndSendLog - finish
11-18 15:03:13.473  3640  4547 E Tethering: No numeric data
11-18 15:03:13.477  3640  7108 E Tethering: No numeric data
11-18 15:03:13.483  3640  3920 E Tethering: No numeric data
11-18 15:03:15.132  4656 11790 E SecNfcJni: PeerToPeer::disconnectConnOriented: can't find connection handle: 35
11-18 15:03:15.221  4656 11790 E SecNfcJni: PeerToPeer::disconnectConnOriented: can't find connection handle: 37
11-18 15:03:15.222  4656  4656 E NfcP2pLinkManager: Could not connect required NFC transports
11-18 15:03:15.724  4656  5957 E SecNfcNfa: nfa_dm_check_set_config () p_stored=1070857695, p_value=550510608, p_cur_len=1070857696
11-18 15:03:15.864  4656  5957 E SecNfcNfa: nfa_dm_check_set_config () p_stored=1070857695, p_value=550510608, p_cur_len=1070857696
11-18 15:03:15.994  4656  5957 E SecNfcNfa: nfa_dm_check_set_config () p_stored=1070857695, p_value=550510608, p_cur_len=1070857696
11-18 15:03:17.924  4656  4656 E NfcLogManager: insertLog::json.toString()=extra=2 app_id=com.android.nfc feature=NF04
11-18 15:03:18.002  4656  4656 E NfcService: big data log
11-18 15:03:18.002  4656  4656 E NfcService: makeAndSendLog - start
11-18 15:03:18.003  4656  4656 E NfcLogManager: insertLog::json.toString()=extra={"EV_TYP":"P2P TRY","DE_COV":"2","DE_VEN":"S.LSI","DE_FWV":"2.2.9"} app_id=com.android.nfc feature=P2PF
11-18 15:03:18.073  4656  4656 E NfcService: makeAndSendLog - finish
11-18 15:03:18.125  3640  3654 E Tethering: No numeric data
11-18 15:03:18.136  3640  4617 E Tethering: No numeric data
11-18 15:03:18.144  3640  7104 E Tethering: No numeric data
11-18 15:03:19.881  4656 11716 E SecNfcJni: PeerToPeer::disconnectConnOriented: can't find connection handle: 39
11-18 15:03:20.009  4656 11716 E SecNfcJni: PeerToPeer::disconnectConnOriented: can't find connection handle: 40
11-18 15:03:20.011  4656  4656 E NfcP2pLinkManager: Could not connect required NFC transports
11-18 15:03:21.534  4656  5957 E SecNfcNfa: nfa_dm_check_set_config () p_stored=1070857695, p_value=550510608, p_cur_len=1070857696
11-18 15:03:21.677  4656  5957 E SecNfcNfa: nfa_dm_check_set_config () p_stored=1070857695, p_value=550510608, p_cur_len=1070857696
11-18 15:03:21.817  4656  5957 E SecNfcNfa: nfa_dm_check_set_config () p_stored=1070857695, p_value=550510608, p_cur_len=1070857696
11-18 15:03:27.352  4656  4656 E NfcLogManager: insertLog::json.toString()=extra=2 app_id=com.android.nfc feature=NF04
11-18 15:03:27.444  4656  4656 E NfcService: big data log
11-18 15:03:27.444  4656  4656 E NfcService: makeAndSendLog - start
11-18 15:03:27.445  4656  4656 E NfcLogManager: insertLog::json.toString()=extra={"EV_TYP":"P2P TRY","DE_COV":"2","DE_VEN":"S.LSI","DE_FWV":"2.2.9"} app_id=com.android.nfc feature=P2PF
11-18 15:03:27.500  4656  4656 E NfcService: makeAndSendLog - finish
11-18 15:03:27.552  3640  4197 E Tethering: No numeric data
11-18 15:03:27.557  3640  4531 E Tethering: No numeric data
11-18 15:03:27.573  3640  3654 E Tethering: No numeric data
11-18 15:03:29.215  4656 11823 E SecNfcJni: PeerToPeer::disconnectConnOriented: can't find connection handle: 41
11-18 15:03:29.296  4656 11823 E SecNfcJni: PeerToPeer::disconnectConnOriented: can't find connection handle: 43
11-18 15:03:29.298  4656  4656 E NfcP2pLinkManager: Could not connect required NFC transports
11-18 15:03:33.498  4656  5957 E SecNfcNfa: nfa_dm_check_set_config () p_stored=1070857695, p_value=550510608, p_cur_len=1070857696
11-18 15:03:33.642  4656  5957 E SecNfcNfa: nfa_dm_check_set_config () p_stored=1070857695, p_value=550510608, p_cur_len=1070857696
11-18 15:03:33.785  4656  5957 E SecNfcNfa: nfa_dm_check_set_config () p_stored=1070857695, p_value=550510608, p_cur_len=1070857696
11-18 15:03:35.789  4656  4656 E NfcLogManager: insertLog::json.toString()=extra=2 app_id=com.android.nfc feature=NF04
11-18 15:03:35.869  4656  4656 E NfcService: big data log
11-18 15:03:35.870  4656  4656 E NfcService: makeAndSendLog - start
11-18 15:03:35.870  4656  4656 E NfcLogManager: insertLog::json.toString()=extra={"EV_TYP":"P2P TRY","DE_COV":"2","DE_VEN":"S.LSI","DE_FWV":"2.2.9"} app_id=com.android.nfc feature=P2PF
11-18 15:03:35.933  4656  4656 E NfcService: makeAndSendLog - finish
11-18 15:03:35.977  3640  3880 E Tethering: No numeric data
11-18 15:03:35.982  3640  7110 E Tethering: No numeric data
11-18 15:03:35.991  3640  4547 E Tethering: No numeric data
11-18 15:03:37.634  4656 11790 E SecNfcJni: PeerToPeer::disconnectConnOriented: can't find connection handle: 44
11-18 15:03:37.735  4656 11790 E SecNfcJni: PeerToPeer::disconnectConnOriented: can't find connection handle: 46
11-18 15:03:37.736  4656  4656 E NfcP2pLinkManager: Could not connect required NFC transports
11-18 15:03:38.365  4656  5957 E SecNfcNfa: nfa_dm_check_set_config () p_stored=1070857695, p_value=550510608, p_cur_len=1070857696
11-18 15:03:38.491  4656  5957 E SecNfcNfa: nfa_dm_check_set_config () p_stored=1070857695, p_value=550510608, p_cur_len=1070857696
11-18 15:03:38.620  4656  5957 E SecNfcNfa: nfa_dm_check_set_config () p_stored=1070857695, p_value=550510608, p_cur_len=1070857696
11-18 15:03:46.775  4797  4871 E ContactsProvider_EventLog: Flush buffer to file cnt : 1 size : 0Kb duration : 5ms lastUpdatedAfter : 60118 ms mFlush_time_threasold : 2000 mCurrentSize : 278
11-18 15:04:43.390  4656  4656 E NfcLogManager: insertLog::json.toString()=extra=2 app_id=com.android.nfc feature=NF04
11-18 15:04:43.458  4656  4656 E NfcService: big data log
11-18 15:04:43.458  4656  4656 E NfcService: makeAndSendLog - start
11-18 15:04:43.458  4656  4656 E NfcLogManager: insertLog::json.toString()=extra={"EV_TYP":"P2P TRY","DE_COV":"2","DE_VEN":"S.LSI","DE_FWV":"2.2.9"} app_id=com.android.nfc feature=P2PF
11-18 15:04:43.520  4656  4656 E NfcService: makeAndSendLog - finish
11-18 15:04:43.565  3640  7116 E Tethering: No numeric data
11-18 15:04:43.569  3640  4867 E Tethering: No numeric data
11-18 15:04:43.575  3640  4617 E Tethering: No numeric data
11-18 15:04:45.350  4656 11866 E SecNfcJni: PeerToPeer::disconnectConnOriented: can't find connection handle: 47
11-18 15:04:45.391  4656 11866 E SecNfcJni: PeerToPeer::disconnectConnOriented: can't find connection handle: 49
11-18 15:04:45.393  4656  4656 E NfcP2pLinkManager: Could not connect required NFC transports
11-18 15:04:46.813  4797  4871 E ContactsProvider_EventLog: Flush buffer to file cnt : 1 size : 0Kb duration : 6ms lastUpdatedAfter : 60038 ms mFlush_time_threasold : 2000 mCurrentSize : 278
11-18 15:04:59.105  4656  5957 E SecNfcJni: PeerToPeer::P2pErrorEventHandler: unknown event
11-18 15:05:01.157  4656  5957 E SecNfcNfa: nfc_wait_2_deactivate_timeout
11-18 15:05:03.175  4656  4656 E NfcLogManager: insertLog::json.toString()=extra=2 app_id=com.android.nfc feature=NF04
11-18 15:05:03.253  4656  4656 E NfcService: big data log
11-18 15:05:03.253  4656  4656 E NfcService: makeAndSendLog - start
11-18 15:05:03.254  4656  4656 E NfcLogManager: insertLog::json.toString()=extra={"EV_TYP":"P2P TRY","DE_COV":"2","DE_VEN":"S.LSI","DE_FWV":"2.2.9"} app_id=com.android.nfc feature=P2PF
11-18 15:05:03.311  4656  4656 E NfcService: makeAndSendLog - finish
11-18 15:05:03.352  3640  3880 E Tethering: No numeric data
11-18 15:05:03.356  3640  4617 E Tethering: No numeric data
11-18 15:05:03.362  3640  4547 E Tethering: No numeric data
11-18 15:05:04.958  4656  5957 E SecNfcNfa: nfa_p2p_proc_llcp_disconnect_ind (): Link deactivated
11-18 15:05:04.958  4656 11887 E SecNfcJni: PeerToPeer::disconnectConnOriented: can't find connection handle: 51
11-18 15:05:04.963  4656 11887 E SecNfcNfa: NFA_P2pConnectByName (): MIU(128) must be between 128 and 2175 or LLCP link is not activated
11-18 15:05:04.964  4656 11887 E SecNfcJni: PeerToPeer::createDataLinkConn: fail; error=0x3
11-18 15:05:04.964  4656 11887 E SecNfcJni: PeerToPeer::disconnectConnOriented: can't find connection handle: 52
11-18 15:05:05.074  4656  5957 E SecNfcNfa: nfa_dm_check_set_config () p_stored=1070857695, p_value=550510608, p_cur_len=1070857696
11-18 15:05:05.200  4656  5957 E SecNfcNfa: nfa_dm_check_set_config () p_stored=1070857695, p_value=550510608, p_cur_len=1070857696
11-18 15:05:05.328  4656  5957 E SecNfcNfa: nfa_dm_check_set_config () p_stored=1070857695, p_value=550510608, p_cur_len=1070857696
11-18 15:05:11.002  4656  4656 E NfcLogManager: insertLog::json.toString()=extra=2 app_id=com.android.nfc feature=NF04
11-18 15:05:11.093  4656  4656 E NfcService: big data log
11-18 15:05:11.093  4656  4656 E NfcService: makeAndSendLog - start
11-18 15:05:11.093  4656  4656 E NfcLogManager: insertLog::json.toString()=extra={"EV_TYP":"P2P TRY","DE_COV":"2","DE_VEN":"S.LSI","DE_FWV":"2.2.9"} app_id=com.android.nfc feature=P2PF
11-18 15:05:11.162  4656  4656 E NfcService: makeAndSendLog - finish
11-18 15:05:11.212  3640  7116 E Tethering: No numeric data
11-18 15:05:11.217  3640  7113 E Tethering: No numeric data
11-18 15:05:11.224  3640  7112 E Tethering: No numeric data
11-18 15:05:11.391 11912 11912 E Zygote  : v2
11-18 15:05:11.396 11912 11912 E Zygote  : accessInfo : 0
11-18 15:05:11.842 11933 11933 E Zygote  : accessInfo : 0
11-18 15:05:12.426 11965 11965 E Zygote  : v2
11-18 15:05:12.428 11965 11965 E Zygote  : accessInfo : 0
11-18 15:05:12.683 11965 11988 E libEGL  : validate_display:99 error 3008 (EGL_BAD_DISPLAY)
11-18 15:05:12.781 12011 12011 E Zygote  : accessInfo : 0
11-18 15:05:12.872  4656 11865 E SecNfcJni: PeerToPeer::disconnectConnOriented: can't find connection handle: 53
11-18 15:05:12.888  5206  5206 E NFC     : isAndroidBeamAllowed - Begin
11-18 15:05:12.950  4656 11865 E SecNfcJni: PeerToPeer::disconnectConnOriented: can't find connection handle: 55
11-18 15:05:12.951  4656  4656 E NfcP2pLinkManager: Could not connect required NFC transports
11-18 15:05:12.973  4114  4906 E anxw    : Phenotype API error. Event # caea@ead157c8, EventCode: 7 [CONTEXT service_id=51 ]
11-18 15:05:12.973  4114  4906 E anxw    : anwq: 29505: No config packages for log source, or config package not registered
11-18 15:05:12.973  4114  4906 E anxw    : 	at anyh.b(:com.google.android.gms@19420019@19.4.20 (040400-271418971):10)
11-18 15:05:12.973  4114  4906 E anxw    : 	at anyi.b(:com.google.android.gms@19420019@19.4.20 (040400-271418971):2)
11-18 15:05:12.973  4114  4906 E anxw    : 	at anxw.a(:com.google.android.gms@19420019@19.4.20 (040400-271418971):90)
11-18 15:05:12.973  4114  4906 E anxw    : 	at anxw.a(:com.google.android.gms@19420019@19.4.20 (040400-271418971):73)
11-18 15:05:12.973  4114  4906 E anxw    : 	at aama.run(:com.google.android.gms@19420019@19.4.20 (040400-271418971):17)
11-18 15:05:12.973  4114  4906 E anxw    : 	at blbc.run(:com.google.android.gms@19420019@19.4.20 (040400-271418971):2)
11-18 15:05:12.973  4114  4906 E anxw    : 	at sxo.b(:com.google.android.gms@19420019@19.4.20 (040400-271418971):33)
11-18 15:05:12.973  4114  4906 E anxw    : 	at sxo.run(:com.google.android.gms@19420019@19.4.20 (040400-271418971):21)
11-18 15:05:12.973  4114  4906 E anxw    : 	at java.util.concurrent.ThreadPoolExecutor.runWorker(ThreadPoolExecutor.java:1133)
11-18 15:05:12.973  4114  4906 E anxw    : 	at java.util.concurrent.ThreadPoolExecutor$Worker.run(ThreadPoolExecutor.java:607)
11-18 15:05:12.973  4114  4906 E anxw    : 	at tdm.run(:com.google.android.gms@19420019@19.4.20 (040400-271418971))
11-18 15:05:12.973  4114  4906 E anxw    : 	at java.lang.Thread.run(Thread.java:762)
11-18 15:05:12.989  4114  4906 E AsyncOperation: serviceID=51, operation=GetExperimentTokensOperationCall
11-18 15:05:12.989  4114  4906 E AsyncOperation: OperationException[Status{statusCode=No config packages for log source, or config package not registered, resolution=null}]
11-18 15:05:12.989  4114  4906 E AsyncOperation: 	at anxw.a(:com.google.android.gms@19420019@19.4.20 (040400-271418971):98)
11-18 15:05:12.989  4114  4906 E AsyncOperation: 	at anxw.a(:com.google.android.gms@19420019@19.4.20 (040400-271418971):73)
11-18 15:05:12.989  4114  4906 E AsyncOperation: 	at aama.run(:com.google.android.gms@19420019@19.4.20 (040400-271418971):17)
11-18 15:05:12.989  4114  4906 E AsyncOperation: 	at blbc.run(:com.google.android.gms@19420019@19.4.20 (040400-271418971):2)
11-18 15:05:12.989  4114  4906 E AsyncOperation: 	at sxo.b(:com.google.android.gms@19420019@19.4.20 (040400-271418971):33)
11-18 15:05:12.989  4114  4906 E AsyncOperation: 	at sxo.run(:com.google.android.gms@19420019@19.4.20 (040400-271418971):21)
11-18 15:05:12.989  4114  4906 E AsyncOperation: 	at java.util.concurrent.ThreadPoolExecutor.runWorker(ThreadPoolExecutor.java:1133)
11-18 15:05:12.989  4114  4906 E AsyncOperation: 	at java.util.concurrent.ThreadPoolExecutor$Worker.run(ThreadPoolExecutor.java:607)
11-18 15:05:12.989  4114  4906 E AsyncOperation: 	at tdm.run(:com.google.android.gms@19420019@19.4.20 (040400-271418971))
11-18 15:05:12.989  4114  4906 E AsyncOperation: 	at java.lang.Thread.run(Thread.java:762)
11-18 15:05:16.385  4656  5957 E SecNfcNfa: nfa_dm_check_set_config () p_stored=1070857695, p_value=550510608, p_cur_len=1070857696
11-18 15:05:16.512  4656  5957 E SecNfcNfa: nfa_dm_check_set_config () p_stored=1070857695, p_value=550510608, p_cur_len=1070857696
11-18 15:05:16.639  4656  5957 E SecNfcNfa: nfa_dm_check_set_config () p_stored=1070857695, p_value=550510608, p_cur_len=1070857696
11-18 15:05:17.600  4656  4656 E NfcLogManager: insertLog::json.toString()=extra=2 app_id=com.android.nfc feature=NF04
11-18 15:05:17.693  4656  4656 E NfcService: big data log
11-18 15:05:17.693  4656  4656 E NfcService: makeAndSendLog - start
11-18 15:05:17.693  4656  4656 E NfcLogManager: insertLog::json.toString()=extra={"EV_TYP":"P2P TRY","DE_COV":"2","DE_VEN":"S.LSI","DE_FWV":"2.2.9"} app_id=com.android.nfc feature=P2PF
11-18 15:05:17.702  4656  4656 E NfcService: makeAndSendLog - finish
11-18 15:05:17.732  5206  5556 E ConnectivityManager.CallbackHandler: callback not found for RELEASED message
11-18 15:05:18.029  5206 11931 E cr_omaha: Failed to contact server: 
11-18 15:05:18.056  5206  5206 E cr_BkgrdTaskJS: Tried finishing non-current BackgroundTask.
11-18 15:05:19.557  4656 12047 E SecNfcJni: PeerToPeer::disconnectConnOriented: can't find connection handle: 56
11-18 15:05:19.589  4656 12047 E SecNfcJni: PeerToPeer::disconnectConnOriented: can't find connection handle: 58
11-18 15:05:19.590  4656  4656 E NfcP2pLinkManager: Could not connect required NFC transports
11-18 15:05:27.295  5059 12062 E         : Error communicating to API: https://prod.yana.asideas.de/api/v2/categories/version
11-18 15:05:27.295  5059 12062 E         : retrofit.RetrofitError: Unable to resolve host "prod.yana.asideas.de": No address associated with hostname
11-18 15:05:27.295  5059 12062 E         : 	at retrofit.RestAdapter$RestHandler.invokeRequest(RestAdapter.java:395)
11-18 15:05:27.295  5059 12062 E         : 	at retrofit.RestAdapter$RestHandler.access$100(RestAdapter.java:220)
11-18 15:05:27.295  5059 12062 E         : 	at retrofit.RestAdapter$RestHandler$1.invoke(RestAdapter.java:265)
11-18 15:05:27.295  5059 12062 E         : 	at retrofit.RxSupport$2.run(RxSupport.java:55)
11-18 15:05:27.295  5059 12062 E         : 	at java.util.concurrent.Executors$RunnableAdapter.call(Executors.java:428)
11-18 15:05:27.295  5059 12062 E         : 	at java.util.concurrent.FutureTask.run(FutureTask.java:237)
11-18 15:05:27.295  5059 12062 E         : 	at java.util.concurrent.ThreadPoolExecutor.runWorker(ThreadPoolExecutor.java:1133)
11-18 15:05:27.295  5059 12062 E         : 	at java.util.concurrent.ThreadPoolExecutor$Worker.run(ThreadPoolExecutor.java:607)
11-18 15:05:27.295  5059 12062 E         : 	at retrofit.Platform$Android$2$1.run(Platform.java:142)
11-18 15:05:27.295  5059 12062 E         : 	at java.lang.Thread.run(Thread.java:762)
11-18 15:05:27.295  5059 12062 E         : Caused by: java.net.UnknownHostException: Unable to resolve host "prod.yana.asideas.de": No address associated with hostname
11-18 15:05:27.295  5059 12062 E         : 	at java.net.Inet6AddressImpl.lookupHostByName(Inet6AddressImpl.java:125)
11-18 15:05:27.295  5059 12062 E         : 	at java.net.Inet6AddressImpl.lookupAllHostAddr(Inet6AddressImpl.java:74)
11-18 15:05:27.295  5059 12062 E         : 	at java.net.InetAddress.getAllByName(InetAddress.java:752)
11-18 15:05:27.295  5059 12062 E         : 	at com.squareup.okhttp.Dns$1.lookup(Dns.java:39)
11-18 15:05:27.295  5059 12062 E         : 	at com.squareup.okhttp.internal.http.RouteSelector.resetNextInetSocketAddress(RouteSelector.java:175)
11-18 15:05:27.295  5059 12062 E         : 	at com.squareup.okhttp.internal.http.RouteSelector.nextProxy(RouteSelector.java:141)
11-18 15:05:27.295  5059 12062 E         : 	at com.squareup.okhttp.internal.http.RouteSelector.next(RouteSelector.java:83)
11-18 15:05:27.295  5059 12062 E         : 	at com.squareup.okhttp.internal.http.StreamAllocation.findConnection(StreamAllocation.java:174)
11-18 15:05:27.295  5059 12062 E         : 	at com.squareup.okhttp.internal.http.StreamAllocation.findHealthyConnection(StreamAllocation.java:126)
11-18 15:05:27.295  5059 12062 E         : 	at com.squareup.okhttp.internal.http.StreamAllocation.newStream(StreamAllocation.java:95)
11-18 15:05:27.295  5059 12062 E         : 	at com.squareup.okhttp.internal.http.HttpEngine.connect(HttpEngine.java:281)
11-18 15:05:27.295  5059 12062 E         : 	at com.squareup.okhttp.internal.http.HttpEngine.sendRequest(HttpEngine.java:224)
11-18 15:05:27.295  5059 12062 E         : 	at com.squareup.okhttp.Call.getResponse(Call.java:286)
11-18 15:05:27.295  5059 12062 E         : 	at com.squareup.okhttp.Call$ApplicationInterceptorChain.proceed(Call.java:243)
11-18 15:05:27.295  5059 12062 E         : 	at com.squareup.okhttp.Call.getResponseWithInterceptorChain(Call.java:205)
11-18 15:05:27.295  5059 12062 E         : 	at com.squareup.okhttp.Call.execute(Call.java:80)
11-18 15:05:27.295  5059 12062 E         : 	at retrofit.client.OkClient.execute(OkClient.java:53)
11-18 15:05:27.295  5059 12062 E         : 	at retrofit.RestAdapter$RestHandler.invokeRequest(RestAdapter.java:326)
11-18 15:05:27.295  5059 12062 E         : 	... 9 more
11-18 15:05:27.295  5059 12062 E         : Caused by: android.system.GaiException: android_getaddrinfo failed: EAI_NODATA (No address associated with hostname)
11-18 15:05:27.295  5059 12062 E         : 	at libcore.io.Posix.android_getaddrinfo(Native Method)
11-18 15:05:27.295  5059 12062 E         : 	at libcore.io.ForwardingOs.android_getaddrinfo(ForwardingOs.java:55)
11-18 15:05:27.295  5059 12062 E         : 	at java.net.Inet6AddressImpl.lookupHostByName(Inet6AddressImpl.java:106)
11-18 15:05:27.295  5059 12062 E         : 	... 26 more
11-18 15:05:27.295  5059 12062 E         : 
11-18 15:05:44.896  5206  5206 E BoostFramework: BoostFramework() : Exception_1 = java.lang.ClassNotFoundException: Didn't find class "com.qualcomm.qti.Performance" on path: DexPathList[[],nativeLibraryDirectories=[/system/lib, /vendor/lib]]
11-18 15:05:46.167  4656  5957 E SecNfcJni: PeerToPeer::P2pErrorEventHandler: unknown event
11-18 15:05:46.840  4797  4871 E ContactsProvider_EventLog: Flush buffer to file cnt : 1 size : 0Kb duration : 4ms lastUpdatedAfter : 60026 ms mFlush_time_threasold : 2000 mCurrentSize : 278
11-18 15:05:48.232  4656  5957 E SecNfcNfa: nfc_wait_2_deactivate_timeout
11-18 15:05:50.036  4656  5957 E SecNfcNfa: nfa_dm_check_set_config () p_stored=1070857695, p_value=550510608, p_cur_len=1070857696
11-18 15:05:50.483  4656  4656 E NfcLogManager: insertLog::json.toString()=extra=2 app_id=com.android.nfc feature=NF04
11-18 15:05:50.539  4656  4656 E NfcService: big data log
11-18 15:05:50.539  4656  4656 E NfcService: makeAndSendLog - start
11-18 15:05:50.540  4656  4656 E NfcLogManager: insertLog::json.toString()=extra={"EV_TYP":"P2P TRY","DE_COV":"2","DE_VEN":"S.LSI","DE_FWV":"2.2.9"} app_id=com.android.nfc feature=P2PF
11-18 15:05:50.542  4656  4656 E NfcService: makeAndSendLog - finish
11-18 15:05:50.605  5206  5556 E ConnectivityManager.CallbackHandler: callback not found for RELEASED message
11-18 15:05:52.391  4656  5957 E SecNfcNfa: nfa_dm_check_set_config () p_stored=1070857695, p_value=550510608, p_cur_len=1070857696
11-18 15:05:52.519  4656  5957 E SecNfcNfa: nfa_dm_check_set_config () p_stored=1070857695, p_value=550510608, p_cur_len=1070857696
11-18 15:05:52.644  4656  5957 E SecNfcNfa: nfa_dm_check_set_config () p_stored=1070857695, p_value=550510608, p_cur_len=1070857696
11-18 15:05:53.599  4656  4656 E NfcLogManager: insertLog::json.toString()=extra=2 app_id=com.android.nfc feature=NF04
11-18 15:05:53.662  4656  4656 E NfcService: big data log
11-18 15:05:53.662  4656  4656 E NfcService: makeAndSendLog - start
11-18 15:05:53.663  4656  4656 E NfcLogManager: insertLog::json.toString()=extra={"EV_TYP":"P2P TRY","DE_COV":"2","DE_VEN":"S.LSI","DE_FWV":"2.2.9"} app_id=com.android.nfc feature=P2PF
11-18 15:05:53.721  4656  4656 E NfcService: makeAndSendLog - finish
11-18 15:05:55.551  4656 12102 E SecNfcJni: PeerToPeer::disconnectConnOriented: can't find connection handle: 60
11-18 15:05:55.611  4656 12102 E SecNfcJni: PeerToPeer::disconnectConnOriented: can't find connection handle: 62
11-18 15:05:55.612  4656  4656 E NfcP2pLinkManager: Could not connect required NFC transports
11-18 15:06:24.730  9080  9711 E         : [mtp_simple_sink_thread, 334] !!!!!! read failed errno [5], error [I/O error]
11-18 15:06:24.740  3123  3149 E DataRouter: USB Interface is open with 0x7
11-18 15:06:24.745  9080  9701 E MTPRx   : state from USB_STATE event DISCONNECTED
11-18 15:06:24.752  9080  9701 E MTPRx   : stop observing and calling usbRemoved 
11-18 15:06:24.756  9080  9711 E         : [mtp_simple_sink_thread 381] read error [0] [Success]
11-18 15:06:24.758  9080  9080 E MTPRx   : Read Error Came false
11-18 15:06:24.758  9080  9080 E MTPRx   : Read Error Came so calling usbRemoved()
11-18 15:06:24.758  9080  9701 E MTPRx   :  sendbooster is false!
11-18 15:06:24.759  9080  9701 E MTPRx   : In usbRemoved Status bar enabled
11-18 15:06:24.759  9080  9080 E MTPRx   :  sendbooster is false!
11-18 15:06:24.759  9080  9080 E MTPRx   : In usbRemoved Status bar enabled
11-18 15:06:24.761  9080  9080 E MTPRx   : nousbdriverReset case, so do not send MTP_FILE_SCAN 
11-18 15:06:24.785  9080  9701 E MtpMediaDBManager: updateMyfilesDB Count :0
11-18 15:06:24.798  9080  9080 E MtpService: onDestroy.
11-18 15:06:24.805  9080  9080 E MtpService: Unregister Mtp disable Receiver
11-18 15:06:24.806  9080  9080 E MtpService: Receiver not registered: com.samsung.android.MtpApplication.MtpService$1@ca41748
11-18 15:06:24.806  9080  9080 E MtpService: Unregister mtpEmergencyReceiver
11-18 15:06:24.807  9080  9080 E MtpService: Receiver not registered: com.samsung.android.MtpApplication.MtpService$2@aa609e1
11-18 15:06:24.807  9080  9080 E MtpService: unregistering mtpMediaReceiver in UnregisterAllIntent
11-18 15:06:24.807  9080  9080 E MtpService: Receiver not registered: com.samsung.android.MtpApplication.MtpService$3@d9bedeb
11-18 15:06:24.808  9080  9080 E MTPJNIInterface: noti = 103
11-18 15:06:24.811  9080  9080 E         : ****** [mtp_usb_mtp_finalize 1283] mtp_close_fd Calling 
11-18 15:06:24.811  9080  9080 E         : [mtp_close_fd 140]  fd = 54...
11-18 15:06:24.811  9080  9080 E         : [mtp_close_fd 145] USB endpoint [54] closed...
11-18 15:06:24.811  9080  9080 E         : ****** [mtp_usb_mtp_finalize 1286] Updating the gInitializeFlag Flag to FALSE 
11-18 15:06:24.811  9080  9080 E         : ****** [mtp_usb_mtp_finalize 1289] Calling mtp_stop_io 
11-18 15:06:24.997  3640  3661 E BatteryStatsService: power: Missing API
11-18 15:06:25.041 12115 12115 E Zygote  : v2
11-18 15:06:25.053 12115 12115 E Zygote  : accessInfo : 0
11-18 15:06:25.208 12135 12135 E Zygote  : v2
11-18 15:06:25.209 12135 12135 E Zygote  : accessInfo : 0
11-18 15:06:25.542 12175 12175 E Zygote  : v2
11-18 15:06:25.543 12175 12175 E Zygote  : accessInfo : 0
11-18 15:06:25.817 12193 12193 E Zygote  : v2
11-18 15:06:25.819 12193 12193 E Zygote  : accessInfo : 0
11-18 15:06:26.301  3975  3975 E DVFSHelper: This API(DVFSHelper) is no longer supported from NOS version
11-18 15:06:26.348 12208 12208 E Zygote  : v2
11-18 15:06:26.351 12208 12208 E Zygote  : accessInfo : 0
11-18 15:06:26.391 12221 12221 E Zygote  : v2
11-18 15:06:26.393 12221 12221 E Zygote  : accessInfo : 0
11-18 15:06:26.468 12208 12208 E MTPRx   : In MtpReceiverandroid.hardware.usb.action.USB_STATE
11-18 15:06:26.478 12208 12208 E MTPRx   : check value of boot_completed is1
11-18 15:06:26.498 12208 12208 E MTPRx   : check booting is completed_sys.boot_completed
11-18 15:06:26.502 12208 12208 E MTPRx   : Received USB_STATE with sdCardLaunch = 0
11-18 15:06:26.502 12208 12208 E MTPRx   : Unexpected Disconnection. call usbRemoved.
11-18 15:06:26.503 12208 12208 E MTPRx   :  sendbooster is false!
11-18 15:06:26.503 12208 12208 E MTPRx   : configured is false
11-18 15:06:26.561 12243 12243 E Zygote  : v2
11-18 15:06:26.563 12243 12243 E Zygote  : accessInfo : 0
11-18 15:06:26.732 12270 12270 E Zygote  : v2
11-18 15:06:26.735 12270 12270 E Zygote  : accessInfo : 0
11-18 15:06:26.769 12208 12208 E MTPRx   : In MtpReceiverandroid.hardware.usb.action.USB_STATE
11-18 15:06:26.795 12208 12208 E MTPRx   : check value of boot_completed is1
11-18 15:06:26.795 12208 12208 E MTPRx   : check booting is completed_sys.boot_completed
11-18 15:06:26.811 12208 12208 E MTPRx   : Received USB_STATE with sdCardLaunch = 0
11-18 15:06:26.811 12208 12208 E MTPRx   : configured is false
11-18 15:06:26.863  4505 12269 E cguw    : *~*~*~ Channel {0} was not shutdown properly!!! ~*~*~*
11-18 15:06:26.863  4505 12269 E cguw    :     Make sure to call shutdown()/shutdownNow() and wait until awaitTermination() returns true.
11-18 15:06:26.985 12208 12208 E MTPRx   : In MtpReceiverandroid.hardware.usb.action.USB_STATE
11-18 15:06:27.000 12208 12208 E MTPRx   : check value of boot_completed is1
11-18 15:06:27.000 12208 12208 E MTPRx   : check booting is completed_sys.boot_completed
11-18 15:06:27.009 12208 12208 E MTPRx   : Received USB_STATE with sdCardLaunch = 0
11-18 15:06:27.013 12208 12208 E MTPRx   : mFirstTime: false
11-18 15:06:27.024  4920  4920 E MtpServerJNI: could not open MTP driver, errno: 2
11-18 15:06:27.050  4920  4920 E MtpServerJNI: server is null in add_storage
11-18 15:06:27.055  4920 12302 E MtpServerJNI: server is null in run
11-18 15:06:27.055  4920 12302 E MtpServerJNI: server is null in cleanup
11-18 15:06:27.062  4920  4920 E MtpServerJNI: server is null in send_object_removed
11-18 15:06:27.067  4114  4834 E Auth    : [GoogleAccountDataServiceImpl] getToken() -> NETWORK_ERROR. Account: <ELLIDED:85879595>, App: com.google.android.gms, Service: oauth2:https://www.googleapis.com/auth/myphonenumbers
11-18 15:06:27.071 12208 12208 E MTPJNIInterface: Getting CryptionKey from JAVA
11-18 15:06:27.075 12208 12208 E MTPRx   : currentUserId is 0
11-18 15:06:27.077 12208 12208 E MTPRx   : mtpCurrentGlobalUserId is 0
11-18 15:06:27.077 12208 12208 E MTPRx   : Start observing USB_STATE_MATCH 
11-18 15:06:27.079  4505 12269 E WhitePageServiceGrpcCli: Error making Grpc request.
11-18 15:06:27.080 12208 12208 E MTPRx   : This is not guid
11-18 15:06:27.096  3640  7108 E ENGMODE : Failed to parse stored token(-6)
11-18 15:06:27.096  3640  7108 E ENGMODE : the req mode is not allowed (-6)
11-18 15:06:27.098 12208 12208 E MTPJNIInterface: noti = 12
11-18 15:06:27.100 12208 12208 E MTPRx   : is_Privatemode is NOT 1
11-18 15:06:27.110 12208 12208 E MTPRx   : Sending NORMAL_BOOT to stack
11-18 15:06:27.110 12208 12208 E MTPJNIInterface: noti = 17
11-18 15:06:27.119 12208 12208 E MTPRx   : User is personal
11-18 15:06:27.121 12208 12208 E MTPRx   : sending MTP_ICON_ENABLED to stack
11-18 15:06:27.131 12208 12208 E MTPRx   : else part ... so first time!!!
11-18 15:06:27.131 12208 12208 E MTPPlaObsrvr: inside setContext()
11-18 15:06:27.131 12208 12208 E MTPPlaObsrvr: Inside registerContentObserver
11-18 15:06:27.132 12208 12310 E MTPPlaObsrvr:  inside createplafiles
11-18 15:06:27.134 12208 12208 E MtpAdbObserver: inside setContext()
11-18 15:06:27.134 12208 12208 E MtpAdbObserver: Inside registerContentObserver
11-18 15:06:27.142 12208 12208 E MtpService: onCreate.
11-18 15:06:27.143 12208 12208 E MtpService: < MTP > Registering BroadCast receiver :::::
11-18 15:06:27.152 12208 12208 E MtpService: Calling registerBroadCastuserPresentRec() 
11-18 15:06:27.152 12208 12208 E MtpService: < MTP > Registering BroadCast receiver for USER Present:::::
11-18 15:06:27.161 12208 12310 E MTPPlaObsrvr: playlist count is0
11-18 15:06:27.162 12208 12310 E MTPPlaObsrvr:  inside try branch createplafiles
11-18 15:06:27.162 12208 12310 E MTPPlaObsrvr:  inside deleteing plas createplafiles
11-18 15:06:27.167 12208 12208 E MtpService: < MTP > Registering BroadCast registerBroadCastPolicyRec :::::
11-18 15:06:27.169 12208 12208 E MtpService: < MTP > Registering BroadCast registerBroadCastEmergencyRec :::::
11-18 15:06:27.181 12208 12208 E MtpService: onStartCommand.
11-18 15:06:27.181 12208 12208 E MTPJNIInterface: < MTP > Registering BroadCast receiver :::::
11-18 15:06:27.184 12208 12311 E MtpService: handleMessage. msg= { when=-2ms what=0 arg1=1 obj=Intent { cmp=com.samsung.android.MtpApplication/.MtpService launchParam=MultiScreenLaunchParams { mDisplayId=0 mFlags=0 } } target=com.samsung.android.MtpApplication.MtpService$ServiceHandler }
11-18 15:06:27.194 12208 12208 E MTPJNIInterface: < MTP > Registering BroadCast receiver :::::::
11-18 15:06:27.198 12208 12208 E MTPJNIInterface: noti = 110
11-18 15:06:27.199 12208 12208 E MtpService: onStartCommand.
11-18 15:06:27.199 12208 12208 E MTPRx   : Checking the driver time out
11-18 15:06:27.199 12208 12208 E MTPJNIInterface: noti = 102
11-18 15:06:27.199 12208 12311 E MtpService: handleMessage. msg= { when=0 what=0 arg1=2 obj=Intent { cmp=com.samsung.android.MtpApplication/.MtpService launchParam=MultiScreenLaunchParams { mDisplayId=0 mFlags=0 } } target=com.samsung.android.MtpApplication.MtpService$ServiceHandler }
11-18 15:06:27.201 12208 12208 E MTPRx   : called native method
11-18 15:06:27.201 12208 12208 E MTPJNIInterface: setting Media scanner status0
11-18 15:06:27.201 12208 12208 E MTPJNIInterface: After setting Media scanner status0
11-18 15:06:27.203 12208 12313 E         : Unable to get Object Class and clearing cls 2 [int check_media_scanner_status() 661]
11-18 15:06:27.204 12208 12313 E MTPJNIInterface: Getting media scanner status0
11-18 15:06:27.207 12208 12313 E MTPJNIInterface: DeviceName is Null in System
11-18 15:06:27.209 12208 12313 E MTPJNIInterface: DeviceName is Galaxy S6
11-18 15:06:27.210 12208 12313 E         : memcpy failed [memCpy 111]
11-18 15:06:27.223 12208 12313 E         : object path is returned null from java [int get_external_storage(char *) 524]
11-18 15:06:27.230 12208 12313 E MTPJNIInterface: Status for mount/Unmount :unknown
11-18 15:06:27.230 12208 12313 E MTPJNIInterface: SDcard is not available
11-18 15:06:27.234 12208 12313 E         : [mtp_init_device_info  622]Error opening file /data/misc/radio/ahrh,(fd<0) IMEI [
11-18 15:06:27.234 12208 12313 E         : 000000000000000
11-18 15:06:27.234 12208 12313 E         : ]
11-18 15:06:27.241 12208 12313 E MTPJNIInterface: Status for mount/Unmount :unknown
11-18 15:06:27.241 12208 12313 E MTPJNIInterface: SDcard is not available
11-18 15:06:27.241 12208 12313 E SQLiteLog: (21) API call with NULL database connection pointer
11-18 15:06:27.241 12208 12313 E SQLiteLog: (21) misuse at line 110817 of [69906880ce]
11-18 15:06:27.241 12208 12313 E SQLiteLog: (21) API call with NULL database connection pointer
11-18 15:06:27.241 12208 12313 E SQLiteLog: (21) misuse at line 110817 of [69906880ce]
11-18 15:06:27.241 12208 12313 E SQLiteLog: (21) API call with NULL database connection pointer
11-18 15:06:27.241 12208 12313 E SQLiteLog: (21) misuse at line 110817 of [69906880ce]
11-18 15:06:27.241 12208 12313 E SQLiteLog: (21) API call with NULL database connection pointer
11-18 15:06:27.241 12208 12313 E SQLiteLog: (21) misuse at line 110817 of [69906880ce]
11-18 15:06:27.244 12208 12326 E         : [mtp_init_device 747]  After open the MTP fd = 54 and line = 747...
11-18 15:06:27.245 12208 12326 E         :  [sua_support_present:1339] returning false 
11-18 15:06:27.249 12208 12208 E MTPRx   : Open session has come  remove the  Message false
11-18 15:06:27.253 12208 12208 E MTPRx   : This is not guid
11-18 15:06:27.267 12208 12208 E MTPRx   : Show popup for trust mtp
11-18 15:06:27.272 12208 12327 E         : mtp_get_storage_ids_mtp_handle : START !!
11-18 15:06:27.272 12208 12327 E         : mtp_get_storage_ids_mtp_handle : lock screen or knox mode, so return !!
11-18 15:06:27.309 12208 12327 E SQLiteLog: (14) cannot open file at line 32887 of [69906880ce]
11-18 15:06:27.309 12208 12327 E SQLiteLog: (14) os_unix.c:32887: (2) open(/data/data/com.android.providers.settings/databases/settings.db) - 
11-18 15:06:27.309 12208 12327 E SQLiteLog: (1) Process .MtpApplication : Pid (12208) Uid (1000) Euid (1000) Gid (1000) Egid (1000)
11-18 15:06:27.310 12208 12327 E SQLiteLog: (1) osStat failed "/data/data/com.android.providers.settings/databases/settings.db" due to error (2)
11-18 15:06:27.310 12208 12327 E SQLiteLog: (1) osStat failed "/data/data/com.android.providers.settings/databases" due to error (2)
11-18 15:06:27.310 12208 12327 E SQLiteLog: (1) Stat of /data/data/com.android.providers.settings : st_mode(40700) st_uid(1000) st_gid(1000) st_ino(327849)
11-18 15:06:27.310 12208 12327 E SQLiteLog: (1) Stat of /data/data : st_mode(40771) st_uid(1000) st_gid(1000) st_ino(262145)
11-18 15:06:27.310 12208 12327 E SQLiteLog: (1) Stat of /data : st_mode(40771) st_uid(1000) st_gid(1000) st_ino(2)
11-18 15:06:27.310 12208 12327 E SQLiteLog: (21) API call with unopened database connection pointer
11-18 15:06:27.310 12208 12327 E SQLiteLog: (21) misuse at line 110817 of [69906880ce]
11-18 15:06:27.324 12208 12327 E MTPJNIInterface: Value of device_name is Galaxy S6
11-18 15:06:27.326 12208 12327 E         : mtp_get_storage_ids_mtp_handle : START !!
11-18 15:06:27.326 12208 12327 E         : mtp_get_storage_ids_mtp_handle : lock screen or knox mode, so return !!
11-18 15:06:27.329 12208 12327 E         : mtp_get_storage_ids_mtp_handle : START !!
11-18 15:06:27.329 12208 12327 E         : mtp_get_storage_ids_mtp_handle : lock screen or knox mode, so return !!
11-18 15:06:27.399 12208 12208 E MTPUSBConnection: AlertDialog Mode is : TRUSTMTP
11-18 15:06:27.473 12270 12270 F Adjust  : PRODUCTION: Adjust is running in Production mode. Use this setting only for the build that you want to publish. Set the environment to `sandbox` if you want to test your app!
11-18 15:06:28.071 12392 12392 E Zygote  : v2
11-18 15:06:28.086 12392 12392 E Zygote  : accessInfo : 0
11-18 15:06:30.616 12208 12208 E ViewRootImpl: sendUserActionEvent() mView == null
11-18 15:06:30.748 12208 12208 E SystemFW: setCurrentFunction
11-18 15:06:30.748 12208 12208 E SystemFW: java.lang.Exception: who's calling?
11-18 15:06:30.748 12208 12208 E SystemFW: 	at android.hardware.usb.UsbManager.setCurrentFunction(UsbManager.java:656)
11-18 15:06:30.748 12208 12208 E SystemFW: 	at com.samsung.android.MtpApplication.MtpReceiver.changeMtpMode(MtpReceiver.java:331)
11-18 15:06:30.748 12208 12208 E SystemFW: 	at com.samsung.android.MtpApplication.USBConnection.onDestroy(USBConnection.java:88)
11-18 15:06:30.748 12208 12208 E SystemFW: 	at android.app.Activity.performDestroy(Activity.java:7195)
11-18 15:06:30.748 12208 12208 E SystemFW: 	at android.app.Instrumentation.callActivityOnDestroy(Instrumentation.java:1161)
11-18 15:06:30.748 12208 12208 E SystemFW: 	at android.app.ActivityThread.performDestroyActivity(ActivityThread.java:4573)
11-18 15:06:30.748 12208 12208 E SystemFW: 	at android.app.ActivityThread.handleDestroyActivity(ActivityThread.java:4609)
11-18 15:06:30.748 12208 12208 E SystemFW: 	at android.app.ActivityThread.-wrap7(ActivityThread.java)
11-18 15:06:30.748 12208 12208 E SystemFW: 	at android.app.ActivityThread$H.handleMessage(ActivityThread.java:1692)
11-18 15:06:30.748 12208 12208 E SystemFW: 	at android.os.Handler.dispatchMessage(Handler.java:102)
11-18 15:06:30.748 12208 12208 E SystemFW: 	at android.os.Looper.loop(Looper.java:154)
11-18 15:06:30.748 12208 12208 E SystemFW: 	at android.app.ActivityThread.main(ActivityThread.java:6682)
11-18 15:06:30.748 12208 12208 E SystemFW: 	at java.lang.reflect.Method.invoke(Native Method)
11-18 15:06:30.748 12208 12208 E SystemFW: 	at com.android.internal.os.ZygoteInit$MethodAndArgsCaller.run(ZygoteInit.java:1520)
11-18 15:06:30.748 12208 12208 E SystemFW: 	at com.android.internal.os.ZygoteInit.main(ZygoteInit.java:1410)
11-18 15:06:30.763 12208 12208 E SystemFW: setCurrentFunction
11-18 15:06:30.763 12208 12208 E SystemFW: java.lang.Exception: who's calling?
11-18 15:06:30.763 12208 12208 E SystemFW: 	at android.hardware.usb.UsbManager.setCurrentFunction(UsbManager.java:656)
11-18 15:06:30.763 12208 12208 E SystemFW: 	at com.samsung.android.MtpApplication.MtpReceiver.changeMtpMode(MtpReceiver.java:333)
11-18 15:06:30.763 12208 12208 E SystemFW: 	at com.samsung.android.MtpApplication.USBConnection.onDestroy(USBConnection.java:88)
11-18 15:06:30.763 12208 12208 E SystemFW: 	at android.app.Activity.performDestroy(Activity.java:7195)
11-18 15:06:30.763 12208 12208 E SystemFW: 	at android.app.Instrumentation.callActivityOnDestroy(Instrumentation.java:1161)
11-18 15:06:30.763 12208 12208 E SystemFW: 	at android.app.ActivityThread.performDestroyActivity(ActivityThread.java:4573)
11-18 15:06:30.763 12208 12208 E SystemFW: 	at android.app.ActivityThread.handleDestroyActivity(ActivityThread.java:4609)
11-18 15:06:30.763 12208 12208 E SystemFW: 	at android.app.ActivityThread.-wrap7(ActivityThread.java)
11-18 15:06:30.763 12208 12208 E SystemFW: 	at android.app.ActivityThread$H.handleMessage(ActivityThread.java:1692)
11-18 15:06:30.763 12208 12208 E SystemFW: 	at android.os.Handler.dispatchMessage(Handler.java:102)
11-18 15:06:30.763 12208 12208 E SystemFW: 	at android.os.Looper.loop(Looper.java:154)
11-18 15:06:30.763 12208 12208 E SystemFW: 	at android.app.ActivityThread.main(ActivityThread.java:6682)
11-18 15:06:30.763 12208 12208 E SystemFW: 	at java.lang.reflect.Method.invoke(Native Method)
11-18 15:06:30.763 12208 12208 E SystemFW: 	at com.android.internal.os.ZygoteInit$MethodAndArgsCaller.run(ZygoteInit.java:1520)
11-18 15:06:30.763 12208 12208 E SystemFW: 	at com.android.internal.os.ZygoteInit.main(ZygoteInit.java:1410)
11-18 15:06:30.763 12208 12329 E         : [mtp_simple_sink_thread, 334] !!!!!! read failed errno [5], error [I/O error]
11-18 15:06:30.764 12208 12329 E         : [mtp_simple_sink_thread 381] read error [0] [Success]
11-18 15:06:30.765  3123  3149 E DataRouter: USB Interface is open with 0x7
11-18 15:06:30.778 12208 12208 E MTPRx   : Read Error Came false
11-18 15:06:30.778 12208 12208 E MTPRx   : Read Error Came so calling usbRemoved()
11-18 15:06:30.779 12208 12208 E MTPRx   :  sendbooster is false!
11-18 15:06:30.779 12208 12208 E MTPRx   : In usbRemoved Status bar enabled
11-18 15:06:30.780 12208 12208 E MTPRx   : nousbdriverReset case, so do not send MTP_FILE_SCAN 
11-18 15:06:30.808 12208 12208 E MtpService: onDestroy.
11-18 15:06:30.814 12208 12208 E MtpService: Unregister Mtp disable Receiver
11-18 15:06:30.815 12208 12208 E MtpService: Receiver not registered: com.samsung.android.MtpApplication.MtpService$1@aa609e1
